
> roamie@0.1.0 build
> next build

Γû▓ Next.js 16.2.4 (Turbopack)
- Environments: .env.local

  Creating an optimized production build ...
node.exe : 
At line:1 char:1
+ & "C:\Program Files\nodejs/node.exe" "C:\Program Files\nodejs/node_mo ...
+ ~~~~~~~~~~~~~~~~~~~~~~~~~~~~~~~~~~~~~~~~~~~~~~~~~~~~~~~~~~~~~~~~~~~~~
    + CategoryInfo          : NotSpecified: (:String) [], RemoteException
    + FullyQualifiedErrorId : NativeCommandError
 
> Build error occurred
Error: Turbopack build failed with 18 errors:
./src/app/page.tsx:1440:1
The "use client" directive must be placed before other expressions. Move it to 
the top of the file to resolve this issue.
  [90m1438 |[0m   );
  [90m1439 |[0m }
[31m[1m>[0m [90m1440 |[0m [32m"use client"[0m;
  [90m     |[0m [31m[1m^^^^^^^^^^^^^[0m
  [90m1441 |[0m
  [90m1442 |[0m [36mimport[0m { motion, useInView, useScroll } 
[36mfrom[0m [32m"framer-motion"[0m;
  [90m1443 |[0m [36mimport[0m [33mImage[0m [36mfrom[0m 
[32m"next/image"[0m;

Ecmascript file had an error

Import traces:
  Client Component Browser:
    ./src/app/page.tsx [Client Component Browser]
    ./src/app/page.tsx [Server Component]

  Client Component SSR:
    ./src/app/page.tsx [Client Component SSR]
    ./src/app/page.tsx [Server Component]


./src/app/page.tsx:1447:3
the name `ChevronDown` is defined multiple times
  [90m1445 |[0m [36mimport[0m {
  [90m1446 |[0m   [33mPlay[0m,
[31m[1m>[0m [90m1447 |[0m   [33mChevronDown[0m,
  [90m     |[0m   [31m[1m^^^^^^^^^^^[0m
  [90m1448 |[0m   [33mCheck[0m,
  [90m1449 |[0m   [33mStar[0m,
  [90m1450 |[0m   [33mMenu[0m,

Ecmascript file had an error

Import traces:
  Client Component Browser:
    ./src/app/page.tsx [Client Component Browser]
    ./src/app/page.tsx [Server Component]

  Client Component SSR:
    ./src/app/page.tsx [Client Component SSR]
    ./src/app/page.tsx [Server Component]


./src/app/page.tsx:1443:8
the name `Image` is defined multiple times
  [90m1441 |[0m
  [90m1442 |[0m [36mimport[0m { motion, useInView, useScroll } 
[36mfrom[0m [32m"framer-motion"[0m;
[31m[1m>[0m [90m1443 |[0m [36mimport[0m [33mImage[0m [36mfrom[0m 
[32m"next/image"[0m;
  [90m     |[0m        [31m[1m^^^^^[0m
  [90m1444 |[0m [36mimport[0m { useEffect, useRef, useState } 
[36mfrom[0m [32m"react"[0m;
  [90m1445 |[0m [36mimport[0m {
  [90m1446 |[0m   [33mPlay[0m,

Ecmascript file had an error

Import traces:
  Client Component Browser:
    ./src/app/page.tsx [Client Component Browser]
    ./src/app/page.tsx [Server Component]

  Client Component SSR:
    ./src/app/page.tsx [Client Component SSR]
    ./src/app/page.tsx [Server Component]


./src/app/page.tsx:1456:8
the name `Link` is defined multiple times
  [90m1454 |[0m   [33mLink[0m [36mas[0m [33mLinkIcon[0m,
  [90m1455 |[0m } [36mfrom[0m [32m"lucide-react"[0m;
[31m[1m>[0m [90m1456 |[0m [36mimport[0m [33mLink[0m [36mfrom[0m 
[32m"next/link"[0m;
  [90m     |[0m        [31m[1m^^^^[0m
  [90m1457 |[0m
  [90m1458 |[0m [36mconst[0m destinations = [
  [90m1459 |[0m   {

Ecmascript file had an error

Import traces:
  Client Component Browser:
    ./src/app/page.tsx [Client Component Browser]
    ./src/app/page.tsx [Server Component]

  Client Component SSR:
    ./src/app/page.tsx [Client Component SSR]
    ./src/app/page.tsx [Server Component]


./src/app/page.tsx:1450:3
the name `Menu` is defined multiple times
  [90m1448 |[0m   [33mCheck[0m,
  [90m1449 |[0m   [33mStar[0m,
[31m[1m>[0m [90m1450 |[0m   [33mMenu[0m,
  [90m     |[0m   [31m[1m^^^^[0m
  [90m1451 |[0m   [33mX[0m,
  [90m1452 |[0m   [33mHash[0m,
  [90m1453 |[0m   [33mAtSign[0m,

Ecmascript file had an error

Import traces:
  Client Component Browser:
    ./src/app/page.tsx [Client Component Browser]
    ./src/app/page.tsx [Server Component]

  Client Component SSR:
    ./src/app/page.tsx [Client Component SSR]
    ./src/app/page.tsx [Server Component]


./src/app/page.tsx:1446:3
the name `Play` is defined multiple times
  [90m1444 |[0m [36mimport[0m { useEffect, useRef, useState } 
[36mfrom[0m [32m"react"[0m;
  [90m1445 |[0m [36mimport[0m {
[31m[1m>[0m [90m1446 |[0m   [33mPlay[0m,
  [90m     |[0m   [31m[1m^^^^[0m
  [90m1447 |[0m   [33mChevronDown[0m,
  [90m1448 |[0m   [33mCheck[0m,
  [90m1449 |[0m   [33mStar[0m,

Ecmascript file had an error

Import traces:
  Client Component Browser:
    ./src/app/page.tsx [Client Component Browser]
    ./src/app/page.tsx [Server Component]

  Client Component SSR:
    ./src/app/page.tsx [Client Component SSR]
    ./src/app/page.tsx [Server Component]


./src/app/page.tsx:1449:3
the name `Star` is defined multiple times
  [90m1447 |[0m   [33mChevronDown[0m,
  [90m1448 |[0m   [33mCheck[0m,
[31m[1m>[0m [90m1449 |[0m   [33mStar[0m,
  [90m     |[0m   [31m[1m^^^^[0m
  [90m1450 |[0m   [33mMenu[0m,
  [90m1451 |[0m   [33mX[0m,
  [90m1452 |[0m   [33mHash[0m,

Ecmascript file had an error

Import traces:
  Client Component Browser:
    ./src/app/page.tsx [Client Component Browser]
    ./src/app/page.tsx [Server Component]

  Client Component SSR:
    ./src/app/page.tsx [Client Component SSR]
    ./src/app/page.tsx [Server Component]


./src/app/page.tsx:1451:3
the name `X` is defined multiple times
  [90m1449 |[0m   [33mStar[0m,
  [90m1450 |[0m   [33mMenu[0m,
[31m[1m>[0m [90m1451 |[0m   [33mX[0m,
  [90m     |[0m   [31m[1m^[0m
  [90m1452 |[0m   [33mHash[0m,
  [90m1453 |[0m   [33mAtSign[0m,
  [90m1454 |[0m   [33mLink[0m [36mas[0m [33mLinkIcon[0m,

Ecmascript file had an error

Import traces:
  Client Component Browser:
    ./src/app/page.tsx [Client Component Browser]
    ./src/app/page.tsx [Server Component]

  Client Component SSR:
    ./src/app/page.tsx [Client Component SSR]
    ./src/app/page.tsx [Server Component]


./src/app/page.tsx:1537:1
the name `default` is exported multiple times
  [90m1535 |[0m ];
  [90m1536 |[0m
[31m[1m>[0m [90m1537 |[0m [36mexport[0m [36mdefault[0m 
[36mfunction[0m [33mHome[0m() {
  [90m     |[0m [31m[1m^^^^^^^^^^^^^^^^^^^^^^^^^^^^^^^[0m
[31m[1m>[0m [90m1538 |[0m   [36mconst[0m [scrolled, setScrolled] = 
useState([36mfalse[0m);
  [90m     |[0m 
[31m[1m^^^^^^^^^^^^^^^^^^^^^^^^^^^^^^^^^^^^^^^^^^^^^^^^^^[0m
[31m[1m>[0m [90m1539 |[0m   [36mconst[0m [mobileMenuOpen, 
setMobileMenuOpen] = useState([36mfalse[0m);
  [90m     |[0m 
[31m[1m^^^^^^^^^^^^^^^^^^^^^^^^^^^^^^^^^^^^^^^^^^^^^^^^^^^^^^^^^^^^^^[0m
[31m[1m>[0m [90m1540 |[0m   [36mconst[0m [email, setEmail] = 
useState([32m""[0m);
  [90m     |[0m [31m[1m^^^^^^^^^^^^^^^^^^^^^^^^^^^^^^^^^^^^^^^^^[0m
[31m[1m>[0m [90m1541 |[0m
  [90m     |[0m [31m[1m^[0m
[31m[1m>[0m [90m1542 |[0m   [36mconst[0m { scrollY } = useScroll();
  [90m     |[0m [31m[1m^^^^^^^^^^^^^^^^^^^^^^^^^^^^^^^^^^[0m
[31m[1m>[0m [90m1543 |[0m
  [90m     |[0m [31m[1m^[0m
[31m[1m>[0m [90m1544 |[0m   useEffect(() => {
  [90m     |[0m [31m[1m^^^^^^^^^^^^^^^^^^^[0m
[31m[1m>[0m [90m1545 |[0m     [36mconst[0m unsubscribe = 
scrollY.on([32m"change"[0m, (latest) => {
  [90m     |[0m 
[31m[1m^^^^^^^^^^^^^^^^^^^^^^^^^^^^^^^^^^^^^^^^^^^^^^^^^^^^^^^^^^[0m
[31m[1m>[0m [90m1546 |[0m       setScrolled(latest > [35m50[0m);
  [90m     |[0m [31m[1m^^^^^^^^^^^^^^^^^^^^^^^^^^^^^^^[0m
[31m[1m>[0m [90m1547 |[0m     });
  [90m     |[0m [31m[1m^^^^^^^[0m
[31m[1m>[0m [90m1548 |[0m     [36mreturn[0m unsubscribe;
  [90m     |[0m [31m[1m^^^^^^^^^^^^^^^^^^^^^^^[0m
[31m[1m>[0m [90m1549 |[0m   }, [scrollY]);
  [90m     |[0m [31m[1m^^^^^^^^^^^^^^^^[0m
[31m[1m>[0m [90m1550 |[0m
  [90m     |[0m [31m[1m^[0m
[31m[1m>[0m [90m1551 |[0m   [36mconst[0m handleSubmit = (e: 
[33mReact[0m.[33mFormEvent[0m) => {
  [90m     |[0m [31m[1m^^^^^^^^^^^^^^^^^^^^^^^^^^^^^^^^^^^^^^^^^^^^^^^^[0m
[31m[1m>[0m [90m1552 |[0m     e.preventDefault();
  [90m     |[0m [31m[1m^^^^^^^^^^^^^^^^^^^^^^^[0m
[31m[1m>[0m [90m1553 |[0m     [90m// Handle email signup[0m
  [90m     |[0m [31m[1m^^^^^^^^^^^^^^^^^^^^^^^^^^[0m
[31m[1m>[0m [90m1554 |[0m     console.log([32m"Email:"[0m, email);
  [90m     |[0m [31m[1m^^^^^^^^^^^^^^^^^^^^^^^^^^^^^^^^^[0m
[31m[1m>[0m [90m1555 |[0m   };
  [90m     |[0m [31m[1m^^^^[0m
[31m[1m>[0m [90m1556 |[0m
  [90m     |[0m [31m[1m^[0m
[31m[1m>[0m [90m1557 |[0m   [36mreturn[0m (
  [90m     |[0m [31m[1m^^^^^^^^^^[0m
[31m[1m>[0m [90m1558 |[0m     <div className=[32m"min-h-screen bg-white 
font-['Plus_Jakarta_Sans']"[0m>
  [90m     |[0m [31m[1m^^^^^^^^^^^^^^^^^^^^^^^^^^^^^^^^^^^^^^^^^^^^^^^^^^^^
^^^^^^^^^^^^^^^^^^[0m
[31m[1m>[0m [90m1559 |[0m       {[90m/* Navbar */[0m}
  [90m     |[0m [31m[1m^^^^^^^^^^^^^^^^^^^^[0m
[31m[1m>[0m [90m1560 |[0m       <motion.nav
  [90m     |[0m [31m[1m^^^^^^^^^^^^^^^^^[0m
[31m[1m>[0m [90m1561 |[0m         className={[32m`fixed top-0 left-0 
right-0 z-50 h-18 transition-all duration-300 [0m${
  [90m     |[0m [31m[1m^^^^^^^^^^^^^^^^^^^^^^^^^^^^^^^^^^^^^^^^^^^^^^^^^^^^
^^^^^^^^^^^^^^^^^^^^^^^^^^^^^^^^^^^[0m
[31m[1m>[0m [90m1562 |[0m           scrolled ? [32m"bg-white 
shadow-lg"[0m : [32m"bg-transparent"[0m
  [90m     |[0m 
[31m[1m^^^^^^^^^^^^^^^^^^^^^^^^^^^^^^^^^^^^^^^^^^^^^^^^^^^^^^^^^^^^[0m
[31m[1m>[0m [90m1563 |[0m         [32m}`[0m}
  [90m     |[0m [31m[1m^^^^^^^^^^^[0m
[31m[1m>[0m [90m1564 |[0m         initial={{ y: -[35m100[0m }}
  [90m     |[0m [31m[1m^^^^^^^^^^^^^^^^^^^^^^^^^^^^^[0m
[31m[1m>[0m [90m1565 |[0m         animate={{ y: [35m0[0m }}
  [90m     |[0m [31m[1m^^^^^^^^^^^^^^^^^^^^^^^^^^[0m
[31m[1m>[0m [90m1566 |[0m         transition={{ duration: [35m0.5[0m }}
  [90m     |[0m [31m[1m^^^^^^^^^^^^^^^^^^^^^^^^^^^^^^^^^^^^^^[0m
[31m[1m>[0m [90m1567 |[0m       >
  [90m     |[0m [31m[1m^^^^^^^[0m
[31m[1m>[0m [90m1568 |[0m         <div className=[32m"max-w-7xl mx-auto 
px-4 sm:px-6 lg:px-8 h-full flex items-center ...[0m
  [90m     |[0m [31m[1m^^^^^^^^^^^^^^^^^^^^^^^^^^^^^^^^^^^^^^^^^^^^^^^^^^^^
^^^^^^^^^^^^^^^^^^^^^^^^^^^^^^^^^^^^^^^[0m
[31m[1m>[0m [90m1569 |[0m           <div className=[32m"flex 
items-center space-x-2"[0m>
  [90m     |[0m 
[31m[1m^^^^^^^^^^^^^^^^^^^^^^^^^^^^^^^^^^^^^^^^^^^^^^^^^^^^^^^[0m
[31m[1m>[0m [90m1570 |[0m             <svg
  [90m     |[0m [31m[1m^^^^^^^^^^^^^^^^[0m
[31m[1m>[0m [90m1571 |[0m               width=[32m"32"[0m
  [90m     |[0m [31m[1m^^^^^^^^^^^^^^^^^^^^^^^^[0m
[31m[1m>[0m [90m1572 |[0m               height=[32m"32"[0m
  [90m     |[0m [31m[1m^^^^^^^^^^^^^^^^^^^^^^^^^[0m
[31m[1m>[0m [90m1573 |[0m               viewBox=[32m"0 0 32 32"[0m
  [90m     |[0m [31m[1m^^^^^^^^^^^^^^^^^^^^^^^^^^^^^^^^^[0m
[31m[1m>[0m [90m1574 |[0m               fill=[32m"none"[0m
  [90m     |[0m [31m[1m^^^^^^^^^^^^^^^^^^^^^^^^^[0m
[31m[1m>[0m [90m1575 |[0m               
xmlns=[32m"http://www.w3.org/2000/svg"[0m
  [90m     |[0m [31m[1m^^^^^^^^^^^^^^^^^^^^^^^^^^^^^^^^^^^^^^^^^^^^^^^^[0m
[31m[1m>[0m [90m1576 |[0m             >
  [90m     |[0m [31m[1m^^^^^^^^^^^^^[0m
[31m[1m>[0m [90m1577 |[0m               <circle cx=[32m"16"[0m 
cy=[32m"16"[0m r=[32m"16"[0m fill=[32m"#FF6B35"[0m />
  [90m     |[0m 
[31m[1m^^^^^^^^^^^^^^^^^^^^^^^^^^^^^^^^^^^^^^^^^^^^^^^^^^^^^^^^^^^^^^[0m
[31m[1m>[0m [90m1578 |[0m               <path
  [90m     |[0m [31m[1m^^^^^^^^^^^^^^^^^^^[0m
[31m[1m>[0m [90m1579 |[0m                 d=[32m"M8 16l8-8 8 8M8 16l8 8 
8-8"[0m
  [90m     |[0m [31m[1m^^^^^^^^^^^^^^^^^^^^^^^^^^^^^^^^^^^^^^^^^^^^^^[0m
[31m[1m>[0m [90m1580 |[0m                 stroke=[32m"white"[0m
  [90m     |[0m [31m[1m^^^^^^^^^^^^^^^^^^^^^^^^^^^^^^[0m
[31m[1m>[0m [90m1581 |[0m                 strokeWidth=[32m"2"[0m
  [90m     |[0m [31m[1m^^^^^^^^^^^^^^^^^^^^^^^^^^^^^^^[0m
[31m[1m>[0m [90m1582 |[0m                 strokeLinecap=[32m"round"[0m
  [90m     |[0m [31m[1m^^^^^^^^^^^^^^^^^^^^^^^^^^^^^^^^^^^^^[0m
[31m[1m>[0m [90m1583 |[0m                 strokeLinejoin=[32m"round"[0m
  [90m     |[0m [31m[1m^^^^^^^^^^^^^^^^^^^^^^^^^^^^^^^^^^^^^^[0m
[31m[1m>[0m [90m1584 |[0m               />
  [90m     |[0m [31m[1m^^^^^^^^^^^^^^^^[0m
[31m[1m>[0m [90m1585 |[0m             </svg>
  [90m     |[0m [31m[1m^^^^^^^^^^^^^^^^^^[0m
[31m[1m>[0m [90m1586 |[0m             <span className={[32m`text-xl 
font-bold [0m${scrolled ? [32m"text-gray-900"[0m : [32m"text-whi...[0m
  [90m     |[0m [31m[1m^^^^^^^^^^^^^^^^^^^^^^^^^^^^^^^^^^^^^^^^^^^^^^^^^^^^
^^^^^^^^^^^^^^^^^^^^^^^^^^^^^^^^^^^^^^^[0m
[31m[1m>[0m [90m1587 |[0m               roamie
  [90m     |[0m [31m[1m^^^^^^^^^^^^^^^^^^^^[0m
[31m[1m>[0m [90m1588 |[0m             </span>
  [90m     |[0m [31m[1m^^^^^^^^^^^^^^^^^^^[0m
[31m[1m>[0m [90m1589 |[0m           </div>
  [90m     |[0m [31m[1m^^^^^^^^^^^^^^^^[0m
[31m[1m>[0m [90m1590 |[0m
  [90m     |[0m [31m[1m^[0m
[31m[1m>[0m [90m1591 |[0m           <div className=[32m"hidden md:flex 
items-center space-x-8"[0m>
  [90m     |[0m 
[31m[1m^^^^^^^^^^^^^^^^^^^^^^^^^^^^^^^^^^^^^^^^^^^^^^^^^^^^^^^^^^^^^^^^^[0m
[31m[1m>[0m [90m1592 |[0m             <a href=[32m"#features"[0m 
className={[32m`text-sm font-medium transition-colors [0m${scro...
  [90m     |[0m [31m[1m^^^^^^^^^^^^^^^^^^^^^^^^^^^^^^^^^^^^^^^^^^^^^^^^^^^^
^^^^^^^^^^^^^^^^^^^^^^^^^^^^^^^^^^^^^^^[0m
[31m[1m>[0m [90m1593 |[0m               [33mFeatures[0m
  [90m     |[0m [31m[1m^^^^^^^^^^^^^^^^^^^^^^[0m
[31m[1m>[0m [90m1594 |[0m             </a>
  [90m     |[0m [31m[1m^^^^^^^^^^^^^^^^[0m
[31m[1m>[0m [90m1595 |[0m             <a href=[32m"#how-it-works"[0m 
className={[32m`text-sm font-medium transition-colors [0m${...
  [90m     |[0m [31m[1m^^^^^^^^^^^^^^^^^^^^^^^^^^^^^^^^^^^^^^^^^^^^^^^^^^^^
^^^^^^^^^^^^^^^^^^^^^^^^^^^^^^^^^^^^^^^[0m
[31m[1m>[0m [90m1596 |[0m               [33mHow[0m [33mIt[0m 
[33mWorks[0m
  [90m     |[0m [31m[1m^^^^^^^^^^^^^^^^^^^^^^^^^^[0m
[31m[1m>[0m [90m1597 |[0m             </a>
  [90m     |[0m [31m[1m^^^^^^^^^^^^^^^^[0m
[31m[1m>[0m [90m1598 |[0m             <a href=[32m"#matching"[0m 
className={[32m`text-sm font-medium transition-colors [0m${scro...
  [90m     |[0m [31m[1m^^^^^^^^^^^^^^^^^^^^^^^^^^^^^^^^^^^^^^^^^^^^^^^^^^^^
^^^^^^^^^^^^^^^^^^^^^^^^^^^^^^^^^^^^^^^[0m
[31m[1m>[0m [90m1599 |[0m               [33mMatching[0m
  [90m     |[0m [31m[1m^^^^^^^^^^^^^^^^^^^^^^[0m
[31m[1m>[0m [90m1600 |[0m             </a>
  [90m     |[0m [31m[1m^^^^^^^^^^^^^^^^[0m
[31m[1m>[0m [90m1601 |[0m             <a href=[32m"#pricing"[0m 
className={[32m`text-sm font-medium transition-colors [0m${scrol...
  [90m     |[0m [31m[1m^^^^^^^^^^^^^^^^^^^^^^^^^^^^^^^^^^^^^^^^^^^^^^^^^^^^
^^^^^^^^^^^^^^^^^^^^^^^^^^^^^^^^^^^^^^^[0m
[31m[1m>[0m [90m1602 |[0m               [33mPricing[0m
  [90m     |[0m [31m[1m^^^^^^^^^^^^^^^^^^^^^[0m
[31m[1m>[0m [90m1603 |[0m             </a>
  [90m     |[0m [31m[1m^^^^^^^^^^^^^^^^[0m
[31m[1m>[0m [90m1604 |[0m           </div>
  [90m     |[0m [31m[1m^^^^^^^^^^^^^^^^[0m
[31m[1m>[0m [90m1605 |[0m
  [90m     |[0m [31m[1m^[0m
[31m[1m>[0m [90m1606 |[0m           <div className=[32m"hidden md:flex 
items-center space-x-4"[0m>
  [90m     |[0m 
[31m[1m^^^^^^^^^^^^^^^^^^^^^^^^^^^^^^^^^^^^^^^^^^^^^^^^^^^^^^^^^^^^^^^^^[0m
[31m[1m>[0m [90m1607 |[0m             <a href=[32m"/login"[0m 
className={[32m`px-4 py-2 text-sm font-medium transition-colors.[0m..
  [90m     |[0m [31m[1m^^^^^^^^^^^^^^^^^^^^^^^^^^^^^^^^^^^^^^^^^^^^^^^^^^^^
^^^^^^^^^^^^^^^^^^^^^^^^^^^^^^^^^^^^^^^[0m
[31m[1m>[0m [90m1608 |[0m               [33mSign[0m [36min[0m
  [90m     |[0m [31m[1m^^^^^^^^^^^^^^^^^^^^^[0m
[31m[1m>[0m [90m1609 |[0m             </a>
  [90m     |[0m [31m[1m^^^^^^^^^^^^^^^^[0m
[31m[1m>[0m [90m1610 |[0m             <motion.button
  [90m     |[0m [31m[1m^^^^^^^^^^^^^^^^^^^^^^^^^^[0m
[31m[1m>[0m [90m1611 |[0m               className=[32m"bg-[#FF6B35] 
text-white px-5 py-2 rounded-full font-medium hove...[0m
  [90m     |[0m [31m[1m^^^^^^^^^^^^^^^^^^^^^^^^^^^^^^^^^^^^^^^^^^^^^^^^^^^^
^^^^^^^^^^^^^^^^^^^^^^^^^^^^^^^^^^^^^^^[0m
[31m[1m>[0m [90m1612 |[0m               whileHover={{ scale: 
[35m1.03[0m }}
  [90m     |[0m [31m[1m^^^^^^^^^^^^^^^^^^^^^^^^^^^^^^^^^^^^^^^^^^[0m
[31m[1m>[0m [90m1613 |[0m               whileTap={{ scale: [35m0.97[0m 
}}
  [90m     |[0m [31m[1m^^^^^^^^^^^^^^^^^^^^^^^^^^^^^^^^^^^^^^^^[0m
[31m[1m>[0m [90m1614 |[0m             >
  [90m     |[0m [31m[1m^^^^^^^^^^^^^[0m
[31m[1m>[0m [90m1615 |[0m               [33mGet[0m [33mStarted[0m
  [90m     |[0m [31m[1m^^^^^^^^^^^^^^^^^^^^^^^^^[0m
[31m[1m>[0m [90m1616 |[0m             </motion.button>
  [90m     |[0m [31m[1m^^^^^^^^^^^^^^^^^^^^^^^^^^^^[0m
[31m[1m>[0m [90m1617 |[0m           </div>
  [90m     |[0m [31m[1m^^^^^^^^^^^^^^^^[0m
[31m[1m>[0m [90m1618 |[0m
  [90m     |[0m [31m[1m^[0m
[31m[1m>[0m [90m1619 |[0m           <button
  [90m     |[0m [31m[1m^^^^^^^^^^^^^^^^^[0m
[31m[1m>[0m [90m1620 |[0m             className=[32m"md:hidden"[0m
  [90m     |[0m [31m[1m^^^^^^^^^^^^^^^^^^^^^^^^^^^^^^^^^[0m
[31m[1m>[0m [90m1621 |[0m             onClick={() => 
setMobileMenuOpen(!mobileMenuOpen)}
  [90m     |[0m 
[31m[1m^^^^^^^^^^^^^^^^^^^^^^^^^^^^^^^^^^^^^^^^^^^^^^^^^^^^^^^^^^^^^^[0m
[31m[1m>[0m [90m1622 |[0m           >
  [90m     |[0m [31m[1m^^^^^^^^^^^[0m
[31m[1m>[0m [90m1623 |[0m             {mobileMenuOpen ? (
  [90m     |[0m [31m[1m^^^^^^^^^^^^^^^^^^^^^^^^^^^^^^^[0m
[31m[1m>[0m [90m1624 |[0m               <[33mX[0m className={[32m`w-6 
h-6 [0m${scrolled ? [32m"text-gray-900"[0m : 
[32m"text-white"[0m[32m}`[0m} />
  [90m     |[0m [31m[1m^^^^^^^^^^^^^^^^^^^^^^^^^^^^^^^^^^^^^^^^^^^^^^^^^^^^
^^^^^^^^^^^^^^^^^^^^^^^^^^^^^^^^^^[0m
[31m[1m>[0m [90m1625 |[0m             ) : (
  [90m     |[0m [31m[1m^^^^^^^^^^^^^^^^^[0m
[31m[1m>[0m [90m1626 |[0m               <[33mMenu[0m 
className={[32m`w-6 h-6 [0m${scrolled ? [32m"text-gray-900"[0m : 
[32m"text-white"[0m[32m}`[0m} />
  [90m     |[0m [31m[1m^^^^^^^^^^^^^^^^^^^^^^^^^^^^^^^^^^^^^^^^^^^^^^^^^^^^
^^^^^^^^^^^^^^^^^^^^^^^^^^^^^^^^^^^^^[0m
[31m[1m>[0m [90m1627 |[0m             )}
  [90m     |[0m [31m[1m^^^^^^^^^^^^^^[0m
[31m[1m>[0m [90m1628 |[0m           </button>
  [90m     |[0m [31m[1m^^^^^^^^^^^^^^^^^^^[0m
[31m[1m>[0m [90m1629 |[0m         </div>
  [90m     |[0m [31m[1m^^^^^^^^^^^^^^[0m
[31m[1m>[0m [90m1630 |[0m
  [90m     |[0m [31m[1m^[0m
[31m[1m>[0m [90m1631 |[0m         {[90m/* Mobile Menu */[0m}
  [90m     |[0m [31m[1m^^^^^^^^^^^^^^^^^^^^^^^^^^^[0m
[31m[1m>[0m [90m1632 |[0m         {mobileMenuOpen && (
  [90m     |[0m [31m[1m^^^^^^^^^^^^^^^^^^^^^^^^^^^^[0m
[31m[1m>[0m [90m1633 |[0m           <motion.div
  [90m     |[0m [31m[1m^^^^^^^^^^^^^^^^^^^^^[0m
[31m[1m>[0m [90m1634 |[0m             className=[32m"md:hidden bg-white 
shadow-lg"[0m
  [90m     |[0m 
[31m[1m^^^^^^^^^^^^^^^^^^^^^^^^^^^^^^^^^^^^^^^^^^^^^^^^^^^^[0m
[31m[1m>[0m [90m1635 |[0m             initial={{ opacity: [35m0[0m, y: 
-[35m20[0m }}
  [90m     |[0m [31m[1m^^^^^^^^^^^^^^^^^^^^^^^^^^^^^^^^^^^^^^^^^^^^[0m
[31m[1m>[0m [90m1636 |[0m             animate={{ opacity: [35m1[0m, y: 
[35m0[0m }}
  [90m     |[0m [31m[1m^^^^^^^^^^^^^^^^^^^^^^^^^^^^^^^^^^^^^^^^^^[0m
[31m[1m>[0m [90m1637 |[0m             exit={{ opacity: [35m0[0m, y: 
-[35m20[0m }}
  [90m     |[0m [31m[1m^^^^^^^^^^^^^^^^^^^^^^^^^^^^^^^^^^^^^^^^^[0m
[31m[1m>[0m [90m1638 |[0m           >
  [90m     |[0m [31m[1m^^^^^^^^^^^[0m
[31m[1m>[0m [90m1639 |[0m             <div className=[32m"px-4 py-4 
space-y-4"[0m>
  [90m     |[0m 
[31m[1m^^^^^^^^^^^^^^^^^^^^^^^^^^^^^^^^^^^^^^^^^^^^^^^^^[0m
[31m[1m>[0m [90m1640 |[0m               <a href=[32m"#features"[0m 
className=[32m"block text-gray-700 hover:text-gray-900"[0m>[33mFe...[0m
  [90m     |[0m [31m[1m^^^^^^^^^^^^^^^^^^^^^^^^^^^^^^^^^^^^^^^^^^^^^^^^^^^^
^^^^^^^^^^^^^^^^^^^^^^^^^^^^^^^^^^^^^^^[0m
[31m[1m>[0m [90m1641 |[0m               <a href=[32m"#how-it-works"[0m 
className=[32m"block text-gray-700 hover:text-gray-900.[0m.[33m.[0m
  [90m     |[0m [31m[1m^^^^^^^^^^^^^^^^^^^^^^^^^^^^^^^^^^^^^^^^^^^^^^^^^^^^
^^^^^^^^^^^^^^^^^^^^^^^^^^^^^^^^^^^^^^^[0m
[31m[1m>[0m [90m1642 |[0m               <a href=[32m"#matching"[0m 
className=[32m"block text-gray-700 hover:text-gray-900"[0m>[33mMa...[0m
  [90m     |[0m [31m[1m^^^^^^^^^^^^^^^^^^^^^^^^^^^^^^^^^^^^^^^^^^^^^^^^^^^^
^^^^^^^^^^^^^^^^^^^^^^^^^^^^^^^^^^^^^^^[0m
[31m[1m>[0m [90m1643 |[0m               <a href=[32m"#pricing"[0m 
className=[32m"block text-gray-700 hover:text-gray-900"[0m>[33mPri...[0m
  [90m     |[0m [31m[1m^^^^^^^^^^^^^^^^^^^^^^^^^^^^^^^^^^^^^^^^^^^^^^^^^^^^
^^^^^^^^^^^^^^^^^^^^^^^^^^^^^^^^^^^^^^^[0m
[31m[1m>[0m [90m1644 |[0m               <a href=[32m"/login"[0m 
className=[32m"block w-full text-left text-gray-700 hover:tex...[0m
  [90m     |[0m [31m[1m^^^^^^^^^^^^^^^^^^^^^^^^^^^^^^^^^^^^^^^^^^^^^^^^^^^^
^^^^^^^^^^^^^^^^^^^^^^^^^^^^^^^^^^^^^^^[0m
[31m[1m>[0m [90m1645 |[0m               <button className=[32m"block 
w-full bg-[#FF6B35] text-white px-4 py-2 rounded-...[0m
  [90m     |[0m [31m[1m^^^^^^^^^^^^^^^^^^^^^^^^^^^^^^^^^^^^^^^^^^^^^^^^^^^^
^^^^^^^^^^^^^^^^^^^^^^^^^^^^^^^^^^^^^^^[0m
[31m[1m>[0m [90m1646 |[0m                 [33mGet[0m [33mStarted[0m
  [90m     |[0m [31m[1m^^^^^^^^^^^^^^^^^^^^^^^^^^^[0m
[31m[1m>[0m [90m1647 |[0m               </button>
  [90m     |[0m [31m[1m^^^^^^^^^^^^^^^^^^^^^^^[0m
[31m[1m>[0m [90m1648 |[0m             </div>
  [90m     |[0m [31m[1m^^^^^^^^^^^^^^^^^^[0m
[31m[1m>[0m [90m1649 |[0m           </motion.div>
  [90m     |[0m [31m[1m^^^^^^^^^^^^^^^^^^^^^^^[0m
[31m[1m>[0m [90m1650 |[0m         )}
  [90m     |[0m [31m[1m^^^^^^^^^^[0m
[31m[1m>[0m [90m1651 |[0m       </motion.nav>
  [90m     |[0m [31m[1m^^^^^^^^^^^^^^^^^^^[0m
[31m[1m>[0m [90m1652 |[0m
  [90m     |[0m [31m[1m^[0m
[31m[1m>[0m [90m1653 |[0m       {[90m/* Hero */[0m}
  [90m     |[0m [31m[1m^^^^^^^^^^^^^^^^^^[0m
[31m[1m>[0m [90m1654 |[0m       <section className=[32m"relative 
h-screen flex items-center justify-center overflow-hi...[0m
  [90m     |[0m [31m[1m^^^^^^^^^^^^^^^^^^^^^^^^^^^^^^^^^^^^^^^^^^^^^^^^^^^^
^^^^^^^^^^^^^^^^^^^^^^^^^^^^^^^^^^^^^^^[0m
[31m[1m>[0m [90m1655 |[0m         <[33mImage[0m
  [90m     |[0m [31m[1m^^^^^^^^^^^^^^[0m
[31m[1m>[0m [90m1656 |[0m           src=[32m"https://images.unsplash.com/
photo-1469854523086-cc02fe5d8800?w=1920&q=80"[0m
  [90m     |[0m [31m[1m^^^^^^^^^^^^^^^^^^^^^^^^^^^^^^^^^^^^^^^^^^^^^^^^^^^^
^^^^^^^^^^^^^^^^^^^^^^^^^^^^^^^^^^^^[0m
[31m[1m>[0m [90m1657 |[0m           alt=[32m"Scenic road trip"[0m
  [90m     |[0m [31m[1m^^^^^^^^^^^^^^^^^^^^^^^^^^^^^^^^[0m
[31m[1m>[0m [90m1658 |[0m           fill
  [90m     |[0m [31m[1m^^^^^^^^^^^^^^[0m
[31m[1m>[0m [90m1659 |[0m           className=[32m"object-cover"[0m
  [90m     |[0m [31m[1m^^^^^^^^^^^^^^^^^^^^^^^^^^^^^^^^^^[0m
[31m[1m>[0m [90m1660 |[0m           priority
  [90m     |[0m [31m[1m^^^^^^^^^^^^^^^^^^[0m
[31m[1m>[0m [90m1661 |[0m         />
  [90m     |[0m [31m[1m^^^^^^^^^^[0m
[31m[1m>[0m [90m1662 |[0m         <div className=[32m"absolute inset-0 
bg-black bg-opacity-55"[0m />
  [90m     |[0m [31m[1m^^^^^^^^^^^^^^^^^^^^^^^^^^^^^^^^^^^^^^^^^^^^^^^^^^^^
^^^^^^^^^^^^^^^[0m
[31m[1m>[0m [90m1663 |[0m
  [90m     |[0m [31m[1m^[0m
[31m[1m>[0m [90m1664 |[0m         <div className=[32m"relative z-10 
text-center text-white max-w-5xl mx-auto px-4 sm:p...[0m
  [90m     |[0m [31m[1m^^^^^^^^^^^^^^^^^^^^^^^^^^^^^^^^^^^^^^^^^^^^^^^^^^^^
^^^^^^^^^^^^^^^^^^^^^^^^^^^^^^^^^^^^^^^[0m
[31m[1m>[0m [90m1665 |[0m           <motion.div
  [90m     |[0m [31m[1m^^^^^^^^^^^^^^^^^^^^^[0m
[31m[1m>[0m [90m1666 |[0m             className=[32m"inline-block 
bg-white/10 backdrop-blur-sm border border-white/30 ...[0m
  [90m     |[0m [31m[1m^^^^^^^^^^^^^^^^^^^^^^^^^^^^^^^^^^^^^^^^^^^^^^^^^^^^
^^^^^^^^^^^^^^^^^^^^^^^^^^^^^^^^^^^^^^^[0m
[31m[1m>[0m [90m1667 |[0m             initial={{ opacity: [35m0[0m, y: 
-[35m20[0m }}
  [90m     |[0m [31m[1m^^^^^^^^^^^^^^^^^^^^^^^^^^^^^^^^^^^^^^^^^^^^[0m
[31m[1m>[0m [90m1668 |[0m             animate={{ opacity: [35m1[0m, y: 
[35m0[0m }}
  [90m     |[0m [31m[1m^^^^^^^^^^^^^^^^^^^^^^^^^^^^^^^^^^^^^^^^^^[0m
[31m[1m>[0m [90m1669 |[0m             transition={{ duration: 
[35m0.6[0m }}
  [90m     |[0m [31m[1m^^^^^^^^^^^^^^^^^^^^^^^^^^^^^^^^^^^^^^^^^^[0m
[31m[1m>[0m [90m1670 |[0m           >
  [90m     |[0m [31m[1m^^^^^^^^^^^[0m
[31m[1m>[0m [90m1671 |[0m             <span className=[32m"text-sm 
font-semibold tracking-wide"[0m>[33mAI[0m-[33mPowered[0m [33mTravel[0m 
[33mPlan...[0m
  [90m     |[0m [31m[1m^^^^^^^^^^^^^^^^^^^^^^^^^^^^^^^^^^^^^^^^^^^^^^^^^^^^
^^^^^^^^^^^^^^^^^^^^^^^^^^^^^^^^^^^^^^^[0m
[31m[1m>[0m [90m1672 |[0m           </motion.div>
  [90m     |[0m [31m[1m^^^^^^^^^^^^^^^^^^^^^^^[0m
[31m[1m>[0m [90m1673 |[0m
  [90m     |[0m [31m[1m^[0m
[31m[1m>[0m [90m1674 |[0m           <motion.h1
  [90m     |[0m [31m[1m^^^^^^^^^^^^^^^^^^^^[0m
[31m[1m>[0m [90m1675 |[0m             className=[32m"text-4xl 
sm:text-5xl md:text-6xl lg:text-7xl font-bold leading-ti...[0m
  [90m     |[0m [31m[1m^^^^^^^^^^^^^^^^^^^^^^^^^^^^^^^^^^^^^^^^^^^^^^^^^^^^
^^^^^^^^^^^^^^^^^^^^^^^^^^^^^^^^^^^^^^^[0m
[31m[1m>[0m [90m1676 |[0m             initial=[32m"hidden"[0m
  [90m     |[0m [31m[1m^^^^^^^^^^^^^^^^^^^^^^^^^^^^[0m
[31m[1m>[0m [90m1677 |[0m             animate=[32m"visible"[0m
  [90m     |[0m [31m[1m^^^^^^^^^^^^^^^^^^^^^^^^^^^^^[0m
[31m[1m>[0m [90m1678 |[0m             variants={{
  [90m     |[0m [31m[1m^^^^^^^^^^^^^^^^^^^^^^^[0m
[31m[1m>[0m [90m1679 |[0m               hidden: {},
  [90m     |[0m [31m[1m^^^^^^^^^^^^^^^^^^^^^^^^^[0m
[31m[1m>[0m [90m1680 |[0m               visible: {
  [90m     |[0m [31m[1m^^^^^^^^^^^^^^^^^^^^^^^^[0m
[31m[1m>[0m [90m1681 |[0m                 transition: {
  [90m     |[0m [31m[1m^^^^^^^^^^^^^^^^^^^^^^^^^^^^^[0m
[31m[1m>[0m [90m1682 |[0m                   staggerChildren: 
[35m0.15[0m,
  [90m     |[0m [31m[1m^^^^^^^^^^^^^^^^^^^^^^^^^^^^^^^^^^^^^^^^[0m
[31m[1m>[0m [90m1683 |[0m                 },
  [90m     |[0m [31m[1m^^^^^^^^^^^^^^^^^^[0m
[31m[1m>[0m [90m1684 |[0m               },
  [90m     |[0m [31m[1m^^^^^^^^^^^^^^^^[0m
[31m[1m>[0m [90m1685 |[0m             }}
  [90m     |[0m [31m[1m^^^^^^^^^^^^^^[0m
[31m[1m>[0m [90m1686 |[0m           >
  [90m     |[0m [31m[1m^^^^^^^^^^^[0m
[31m[1m>[0m [90m1687 |[0m             <motion.span
  [90m     |[0m [31m[1m^^^^^^^^^^^^^^^^^^^^^^^^[0m
[31m[1m>[0m [90m1688 |[0m               className=[32m"block"[0m
  [90m     |[0m [31m[1m^^^^^^^^^^^^^^^^^^^^^^^^^^^^^^^[0m
[31m[1m>[0m [90m1689 |[0m               variants={{
  [90m     |[0m [31m[1m^^^^^^^^^^^^^^^^^^^^^^^^^[0m
[31m[1m>[0m [90m1690 |[0m                 hidden: { opacity: [35m0[0m, 
y: [35m30[0m },
  [90m     |[0m [31m[1m^^^^^^^^^^^^^^^^^^^^^^^^^^^^^^^^^^^^^^^^^^^^^^[0m
[31m[1m>[0m [90m1691 |[0m                 visible: { opacity: [35m1[0m, 
y: [35m0[0m },
  [90m     |[0m [31m[1m^^^^^^^^^^^^^^^^^^^^^^^^^^^^^^^^^^^^^^^^^^^^^^[0m
[31m[1m>[0m [90m1692 |[0m               }}
  [90m     |[0m [31m[1m^^^^^^^^^^^^^^^^[0m
[31m[1m>[0m [90m1693 |[0m             >
  [90m     |[0m [31m[1m^^^^^^^^^^^^^[0m
[31m[1m>[0m [90m1694 |[0m               [33mYour[0m [33mWorld[0m,
  [90m     |[0m [31m[1m^^^^^^^^^^^^^^^^^^^^^^^^^[0m
[31m[1m>[0m [90m1695 |[0m             </motion.span>
  [90m     |[0m [31m[1m^^^^^^^^^^^^^^^^^^^^^^^^^^[0m
[31m[1m>[0m [90m1696 |[0m             <motion.span
  [90m     |[0m [31m[1m^^^^^^^^^^^^^^^^^^^^^^^^[0m
[31m[1m>[0m [90m1697 |[0m               className=[32m"block"[0m
  [90m     |[0m [31m[1m^^^^^^^^^^^^^^^^^^^^^^^^^^^^^^^[0m
[31m[1m>[0m [90m1698 |[0m               variants={{
  [90m     |[0m [31m[1m^^^^^^^^^^^^^^^^^^^^^^^^^[0m
[31m[1m>[0m [90m1699 |[0m                 hidden: { opacity: [35m0[0m, 
y: [35m30[0m },
  [90m     |[0m [31m[1m^^^^^^^^^^^^^^^^^^^^^^^^^^^^^^^^^^^^^^^^^^^^^^[0m
[31m[1m>[0m [90m1700 |[0m                 visible: { opacity: [35m1[0m, 
y: [35m0[0m },
  [90m     |[0m [31m[1m^^^^^^^^^^^^^^^^^^^^^^^^^^^^^^^^^^^^^^^^^^^^^^[0m
[31m[1m>[0m [90m1701 |[0m               }}
  [90m     |[0m [31m[1m^^^^^^^^^^^^^^^^[0m
[31m[1m>[0m [90m1702 |[0m             >
  [90m     |[0m [31m[1m^^^^^^^^^^^^^[0m
[31m[1m>[0m [90m1703 |[0m               [33mYour[0m [33mJourney[0m,
  [90m     |[0m [31m[1m^^^^^^^^^^^^^^^^^^^^^^^^^^^[0m
[31m[1m>[0m [90m1704 |[0m             </motion.span>
  [90m     |[0m [31m[1m^^^^^^^^^^^^^^^^^^^^^^^^^^[0m
[31m[1m>[0m [90m1705 |[0m             <motion.span
  [90m     |[0m [31m[1m^^^^^^^^^^^^^^^^^^^^^^^^[0m
[31m[1m>[0m [90m1706 |[0m               className=[32m"block"[0m
  [90m     |[0m [31m[1m^^^^^^^^^^^^^^^^^^^^^^^^^^^^^^^[0m
[31m[1m>[0m [90m1707 |[0m               variants={{
  [90m     |[0m [31m[1m^^^^^^^^^^^^^^^^^^^^^^^^^[0m
[31m[1m>[0m [90m1708 |[0m                 hidden: { opacity: [35m0[0m, 
y: [35m30[0m },
  [90m     |[0m [31m[1m^^^^^^^^^^^^^^^^^^^^^^^^^^^^^^^^^^^^^^^^^^^^^^[0m
[31m[1m>[0m [90m1709 |[0m                 visible: { opacity: [35m1[0m, 
y: [35m0[0m },
  [90m     |[0m [31m[1m^^^^^^^^^^^^^^^^^^^^^^^^^^^^^^^^^^^^^^^^^^^^^^[0m
[31m[1m>[0m [90m1710 |[0m               }}
  [90m     |[0m [31m[1m^^^^^^^^^^^^^^^^[0m
[31m[1m>[0m [90m1711 |[0m             >
  [90m     |[0m [31m[1m^^^^^^^^^^^^^[0m
[31m[1m>[0m [90m1712 |[0m               [33mYour[0m [33mBudget[0m.
  [90m     |[0m [31m[1m^^^^^^^^^^^^^^^^^^^^^^^^^^[0m
[31m[1m>[0m [90m1713 |[0m             </motion.span>
  [90m     |[0m [31m[1m^^^^^^^^^^^^^^^^^^^^^^^^^^[0m
[31m[1m>[0m [90m1714 |[0m           </motion.h1>
  [90m     |[0m [31m[1m^^^^^^^^^^^^^^^^^^^^^^[0m
[31m[1m>[0m [90m1715 |[0m
  [90m     |[0m [31m[1m^[0m
[31m[1m>[0m [90m1716 |[0m           <motion.p
  [90m     |[0m [31m[1m^^^^^^^^^^^^^^^^^^^[0m
[31m[1m>[0m [90m1717 |[0m             className=[32m"text-lg sm:text-xl 
md:text-2xl text-white/90 max-w-3xl mx-auto mb...[0m
  [90m     |[0m [31m[1m^^^^^^^^^^^^^^^^^^^^^^^^^^^^^^^^^^^^^^^^^^^^^^^^^^^^
^^^^^^^^^^^^^^^^^^^^^^^^^^^^^^^^^^^^^^^[0m
[31m[1m>[0m [90m1718 |[0m             initial={{ opacity: [35m0[0m, y: 
[35m30[0m }}
  [90m     |[0m [31m[1m^^^^^^^^^^^^^^^^^^^^^^^^^^^^^^^^^^^^^^^^^^^[0m
[31m[1m>[0m [90m1719 |[0m             animate={{ opacity: [35m1[0m, y: 
[35m0[0m }}
  [90m     |[0m [31m[1m^^^^^^^^^^^^^^^^^^^^^^^^^^^^^^^^^^^^^^^^^^[0m
[31m[1m>[0m [90m1720 |[0m             transition={{ duration: 
[35m0.6[0m, delay: [35m0.6[0m }}
  [90m     |[0m 
[31m[1m^^^^^^^^^^^^^^^^^^^^^^^^^^^^^^^^^^^^^^^^^^^^^^^^^^^^^^[0m
[31m[1m>[0m [90m1721 |[0m           >
  [90m     |[0m [31m[1m^^^^^^^^^^^[0m
[31m[1m>[0m [90m1722 |[0m             [33mRoamie[0m [33mAI[0m plans 
complete trips across flights, trains and cruises ΓÇö finding ...
  [90m     |[0m [31m[1m^^^^^^^^^^^^^^^^^^^^^^^^^^^^^^^^^^^^^^^^^^^^^^^^^^^^
^^^^^^^^^^^^^^^^^^^^^^^^^^^^^^^^^^^^^^^[0m
[31m[1m>[0m [90m1723 |[0m           </motion.p>
  [90m     |[0m [31m[1m^^^^^^^^^^^^^^^^^^^^^[0m
[31m[1m>[0m [90m1724 |[0m
  [90m     |[0m [31m[1m^[0m
[31m[1m>[0m [90m1725 |[0m           <motion.div
  [90m     |[0m [31m[1m^^^^^^^^^^^^^^^^^^^^^[0m
[31m[1m>[0m [90m1726 |[0m             className=[32m"flex flex-col 
sm:flex-row gap-4 justify-center mb-12"[0m
  [90m     |[0m [31m[1m^^^^^^^^^^^^^^^^^^^^^^^^^^^^^^^^^^^^^^^^^^^^^^^^^^^^
^^^^^^^^^^^^^^^^^^^^^^^^[0m
[31m[1m>[0m [90m1727 |[0m             initial={{ opacity: [35m0[0m, y: 
[35m30[0m }}
  [90m     |[0m [31m[1m^^^^^^^^^^^^^^^^^^^^^^^^^^^^^^^^^^^^^^^^^^^[0m
[31m[1m>[0m [90m1728 |[0m             animate={{ opacity: [35m1[0m, y: 
[35m0[0m }}
  [90m     |[0m [31m[1m^^^^^^^^^^^^^^^^^^^^^^^^^^^^^^^^^^^^^^^^^^[0m
[31m[1m>[0m [90m1729 |[0m             transition={{ duration: 
[35m0.6[0m, delay: [35m0.8[0m }}
  [90m     |[0m 
[31m[1m^^^^^^^^^^^^^^^^^^^^^^^^^^^^^^^^^^^^^^^^^^^^^^^^^^^^^^[0m
[31m[1m>[0m [90m1730 |[0m           >
  [90m     |[0m [31m[1m^^^^^^^^^^^[0m
[31m[1m>[0m [90m1731 |[0m             <motion.button
  [90m     |[0m [31m[1m^^^^^^^^^^^^^^^^^^^^^^^^^^[0m
[31m[1m>[0m [90m1732 |[0m               className=[32m"bg-[#FF6B35] 
text-white px-8 py-4 rounded-full font-bold text-l...[0m
  [90m     |[0m [31m[1m^^^^^^^^^^^^^^^^^^^^^^^^^^^^^^^^^^^^^^^^^^^^^^^^^^^^
^^^^^^^^^^^^^^^^^^^^^^^^^^^^^^^^^^^^^^^[0m
[31m[1m>[0m [90m1733 |[0m               style={{ boxShadow: [32m"0 8px 
30px rgba(255,107,53,0.4)"[0m }}
  [90m     |[0m [31m[1m^^^^^^^^^^^^^^^^^^^^^^^^^^^^^^^^^^^^^^^^^^^^^^^^^^^^
^^^^^^^^^^^^^^^^^^[0m
[31m[1m>[0m [90m1734 |[0m               whileHover={{ scale: 
[35m1.05[0m }}
  [90m     |[0m [31m[1m^^^^^^^^^^^^^^^^^^^^^^^^^^^^^^^^^^^^^^^^^^[0m
[31m[1m>[0m [90m1735 |[0m               whileTap={{ scale: [35m0.95[0m 
}}
  [90m     |[0m [31m[1m^^^^^^^^^^^^^^^^^^^^^^^^^^^^^^^^^^^^^^^^[0m
[31m[1m>[0m [90m1736 |[0m             >
  [90m     |[0m [31m[1m^^^^^^^^^^^^^[0m
[31m[1m>[0m [90m1737 |[0m               [33mStart[0m [33mPlanning[0m 
[33mFree[0m
  [90m     |[0m [31m[1m^^^^^^^^^^^^^^^^^^^^^^^^^^^^^^^^^[0m
[31m[1m>[0m [90m1738 |[0m             </motion.button>
  [90m     |[0m [31m[1m^^^^^^^^^^^^^^^^^^^^^^^^^^^^[0m
[31m[1m>[0m [90m1739 |[0m             <motion.button
  [90m     |[0m [31m[1m^^^^^^^^^^^^^^^^^^^^^^^^^^[0m
[31m[1m>[0m [90m1740 |[0m               className=[32m"border-2 
border-white text-white px-8 py-4 rounded-full font-bo...[0m
  [90m     |[0m [31m[1m^^^^^^^^^^^^^^^^^^^^^^^^^^^^^^^^^^^^^^^^^^^^^^^^^^^^
^^^^^^^^^^^^^^^^^^^^^^^^^^^^^^^^^^^^^^^[0m
[31m[1m>[0m [90m1741 |[0m               whileHover={{ scale: 
[35m1.05[0m }}
  [90m     |[0m [31m[1m^^^^^^^^^^^^^^^^^^^^^^^^^^^^^^^^^^^^^^^^^^[0m
[31m[1m>[0m [90m1742 |[0m               whileTap={{ scale: [35m0.95[0m 
}}
  [90m     |[0m [31m[1m^^^^^^^^^^^^^^^^^^^^^^^^^^^^^^^^^^^^^^^^[0m
[31m[1m>[0m [90m1743 |[0m             >
  [90m     |[0m [31m[1m^^^^^^^^^^^^^[0m
[31m[1m>[0m [90m1744 |[0m               <[33mPlay[0m 
className=[32m"w-5 h-5"[0m />
  [90m     |[0m [31m[1m^^^^^^^^^^^^^^^^^^^^^^^^^^^^^^^^^^^^^^^^^^[0m
[31m[1m>[0m [90m1745 |[0m               [33mWatch[0m [33mHow[0m 
[33mIt[0m [33mWorks[0m
  [90m     |[0m [31m[1m^^^^^^^^^^^^^^^^^^^^^^^^^^^^^^^^[0m
[31m[1m>[0m [90m1746 |[0m             </motion.button>
  [90m     |[0m [31m[1m^^^^^^^^^^^^^^^^^^^^^^^^^^^^[0m
[31m[1m>[0m [90m1747 |[0m           </motion.div>
  [90m     |[0m [31m[1m^^^^^^^^^^^^^^^^^^^^^^^[0m
[31m[1m>[0m [90m1748 |[0m
  [90m     |[0m [31m[1m^[0m
[31m[1m>[0m [90m1749 |[0m           <motion.div
  [90m     |[0m [31m[1m^^^^^^^^^^^^^^^^^^^^^[0m
[31m[1m>[0m [90m1750 |[0m             className=[32m"absolute bottom-8 
left-1/2 transform -translate-x-1/2 text-white ...[0m
  [90m     |[0m [31m[1m^^^^^^^^^^^^^^^^^^^^^^^^^^^^^^^^^^^^^^^^^^^^^^^^^^^^
^^^^^^^^^^^^^^^^^^^^^^^^^^^^^^^^^^^^^^^[0m
[31m[1m>[0m [90m1751 |[0m             initial={{ opacity: [35m0[0m }}
  [90m     |[0m [31m[1m^^^^^^^^^^^^^^^^^^^^^^^^^^^^^^^^^^^^[0m
[31m[1m>[0m [90m1752 |[0m             animate={{ opacity: [35m1[0m }}
  [90m     |[0m [31m[1m^^^^^^^^^^^^^^^^^^^^^^^^^^^^^^^^^^^^[0m
[31m[1m>[0m [90m1753 |[0m             transition={{ duration: 
[35m0.6[0m, delay: [35m1.2[0m }}
  [90m     |[0m 
[31m[1m^^^^^^^^^^^^^^^^^^^^^^^^^^^^^^^^^^^^^^^^^^^^^^^^^^^^^^[0m
[31m[1m>[0m [90m1754 |[0m           >
  [90m     |[0m [31m[1m^^^^^^^^^^^[0m
[31m[1m>[0m [90m1755 |[0m             <div className=[32m"flex flex-col 
items-center gap-2"[0m>
  [90m     |[0m 
[31m[1m^^^^^^^^^^^^^^^^^^^^^^^^^^^^^^^^^^^^^^^^^^^^^^^^^^^^^^^^^^^^^^[0m
[31m[1m>[0m [90m1756 |[0m               <span 
className=[32m"text-sm"[0m>[33mScroll[0m to explore</span>
  [90m     |[0m 
[31m[1m^^^^^^^^^^^^^^^^^^^^^^^^^^^^^^^^^^^^^^^^^^^^^^^^^^^^^^^^^^^^^^^^[0m
[31m[1m>[0m [90m1757 |[0m               <motion.div
  [90m     |[0m [31m[1m^^^^^^^^^^^^^^^^^^^^^^^^^[0m
[31m[1m>[0m [90m1758 |[0m                 animate={{ y: [[35m0[0m, 
[35m10[0m, [35m0[0m] }}
  [90m     |[0m [31m[1m^^^^^^^^^^^^^^^^^^^^^^^^^^^^^^^^^^^^^^^^^^^[0m
[31m[1m>[0m [90m1759 |[0m                 transition={{ duration: 
[35m2[0m, repeat: [33mInfinity[0m }}
  [90m     |[0m 
[31m[1m^^^^^^^^^^^^^^^^^^^^^^^^^^^^^^^^^^^^^^^^^^^^^^^^^^^^^^^^^^^^^^[0m
[31m[1m>[0m [90m1760 |[0m               >
  [90m     |[0m [31m[1m^^^^^^^^^^^^^^^[0m
[31m[1m>[0m [90m1761 |[0m                 <[33mChevronDown[0m 
className=[32m"w-6 h-6"[0m />
  [90m     |[0m 
[31m[1m^^^^^^^^^^^^^^^^^^^^^^^^^^^^^^^^^^^^^^^^^^^^^^^^^^^[0m
[31m[1m>[0m [90m1762 |[0m               </motion.div>
  [90m     |[0m [31m[1m^^^^^^^^^^^^^^^^^^^^^^^^^^^[0m
[31m[1m>[0m [90m1763 |[0m             </div>
  [90m     |[0m [31m[1m^^^^^^^^^^^^^^^^^^[0m
[31m[1m>[0m [90m1764 |[0m           </motion.div>
  [90m     |[0m [31m[1m^^^^^^^^^^^^^^^^^^^^^^^[0m
[31m[1m>[0m [90m1765 |[0m         </div>
  [90m     |[0m [31m[1m^^^^^^^^^^^^^^[0m
[31m[1m>[0m [90m1766 |[0m       </section>
  [90m     |[0m [31m[1m^^^^^^^^^^^^^^^^[0m
[31m[1m>[0m [90m1767 |[0m
  [90m     |[0m [31m[1m^[0m
[31m[1m>[0m [90m1768 |[0m       {[90m/* Floating Stats */[0m}
  [90m     |[0m [31m[1m^^^^^^^^^^^^^^^^^^^^^^^^^^^^[0m
[31m[1m>[0m [90m1769 |[0m       <section className=[32m"relative -mt-16 
z-20"[0m>
  [90m     |[0m [31m[1m^^^^^^^^^^^^^^^^^^^^^^^^^^^^^^^^^^^^^^^^^^^^^^^^[0m
[31m[1m>[0m [90m1770 |[0m         <motion.div
  [90m     |[0m [31m[1m^^^^^^^^^^^^^^^^^^^[0m
[31m[1m>[0m [90m1771 |[0m           className=[32m"max-w-4xl mx-auto 
bg-white rounded-3xl shadow-2xl p-8 md:p-12"[0m
  [90m     |[0m [31m[1m^^^^^^^^^^^^^^^^^^^^^^^^^^^^^^^^^^^^^^^^^^^^^^^^^^^^
^^^^^^^^^^^^^^^^^^^^^^^^^^^^^^^[0m
[31m[1m>[0m [90m1772 |[0m           initial={{ opacity: [35m0[0m, y: 
[35m60[0m }}
  [90m     |[0m [31m[1m^^^^^^^^^^^^^^^^^^^^^^^^^^^^^^^^^^^^^^^^^[0m
[31m[1m>[0m [90m1773 |[0m           whileInView={{ opacity: [35m1[0m, 
y: [35m0[0m }}
  [90m     |[0m [31m[1m^^^^^^^^^^^^^^^^^^^^^^^^^^^^^^^^^^^^^^^^^^^^[0m
[31m[1m>[0m [90m1774 |[0m           viewport={{ once: [36mtrue[0m }}
  [90m     |[0m [31m[1m^^^^^^^^^^^^^^^^^^^^^^^^^^^^^^^^^^^[0m
[31m[1m>[0m [90m1775 |[0m           transition={{ duration: [35m0.8[0m 
}}
  [90m     |[0m [31m[1m^^^^^^^^^^^^^^^^^^^^^^^^^^^^^^^^^^^^^^^^[0m
[31m[1m>[0m [90m1776 |[0m         >
  [90m     |[0m [31m[1m^^^^^^^^^[0m
[31m[1m>[0m [90m1777 |[0m           <div className=[32m"grid grid-cols-2 
md:grid-cols-4 gap-8"[0m>
  [90m     |[0m 
[31m[1m^^^^^^^^^^^^^^^^^^^^^^^^^^^^^^^^^^^^^^^^^^^^^^^^^^^^^^^^^^^^^^^^^[0m
[31m[1m>[0m [90m1778 |[0m             <div 
className=[32m"text-center"[0m>
  [90m     |[0m [31m[1m^^^^^^^^^^^^^^^^^^^^^^^^^^^^^^^^^^^^^^^^^[0m
[31m[1m>[0m [90m1779 |[0m               <div className=[32m"text-3xl 
md:text-4xl font-bold text-[#FF6B35] mb-2"[0m>[35m10[0m,[35m000[0m...
  [90m     |[0m [31m[1m^^^^^^^^^^^^^^^^^^^^^^^^^^^^^^^^^^^^^^^^^^^^^^^^^^^^
^^^^^^^^^^^^^^^^^^^^^^^^^^^^^^^^^^^^^^^[0m
[31m[1m>[0m [90m1780 |[0m               <div className=[32m"text-sm 
text-gray-500"[0m>[33mTrips[0m [33mPlanned[0m</div>
  [90m     |[0m [31m[1m^^^^^^^^^^^^^^^^^^^^^^^^^^^^^^^^^^^^^^^^^^^^^^^^^^^^
^^^^^^^^^^^^^^^^^^^^[0m
[31m[1m>[0m [90m1781 |[0m             </div>
  [90m     |[0m [31m[1m^^^^^^^^^^^^^^^^^^[0m
[31m[1m>[0m [90m1782 |[0m             <div 
className=[32m"text-center"[0m>
  [90m     |[0m [31m[1m^^^^^^^^^^^^^^^^^^^^^^^^^^^^^^^^^^^^^^^^^[0m
[31m[1m>[0m [90m1783 |[0m               <div className=[32m"text-3xl 
md:text-4xl font-bold text-[#004E89] mb-2"[0m>$2M+</...
  [90m     |[0m [31m[1m^^^^^^^^^^^^^^^^^^^^^^^^^^^^^^^^^^^^^^^^^^^^^^^^^^^^
^^^^^^^^^^^^^^^^^^^^^^^^^^^^^^^^^^^^^^^[0m
[31m[1m>[0m [90m1784 |[0m               <div className=[32m"text-sm 
text-gray-500"[0m>[33mSaved[0m on [33mTravel[0m</div>
  [90m     |[0m [31m[1m^^^^^^^^^^^^^^^^^^^^^^^^^^^^^^^^^^^^^^^^^^^^^^^^^^^^
^^^^^^^^^^^^^^^^^^^^^^[0m
[31m[1m>[0m [90m1785 |[0m             </div>
  [90m     |[0m [31m[1m^^^^^^^^^^^^^^^^^^[0m
[31m[1m>[0m [90m1786 |[0m             <div 
className=[32m"text-center"[0m>
  [90m     |[0m [31m[1m^^^^^^^^^^^^^^^^^^^^^^^^^^^^^^^^^^^^^^^^^[0m
[31m[1m>[0m [90m1787 |[0m               <div className=[32m"text-3xl 
md:text-4xl font-bold text-[#1A936F] mb-2"[0m>[35m50[0m,[35m000[0m...
  [90m     |[0m [31m[1m^^^^^^^^^^^^^^^^^^^^^^^^^^^^^^^^^^^^^^^^^^^^^^^^^^^^
^^^^^^^^^^^^^^^^^^^^^^^^^^^^^^^^^^^^^^^[0m
[31m[1m>[0m [90m1788 |[0m               <div className=[32m"text-sm 
text-gray-500"[0m>[33mHappy[0m [33mTravelers[0m</div>
  [90m     |[0m [31m[1m^^^^^^^^^^^^^^^^^^^^^^^^^^^^^^^^^^^^^^^^^^^^^^^^^^^^
^^^^^^^^^^^^^^^^^^^^^^[0m
[31m[1m>[0m [90m1789 |[0m             </div>
  [90m     |[0m [31m[1m^^^^^^^^^^^^^^^^^^[0m
[31m[1m>[0m [90m1790 |[0m             <div 
className=[32m"text-center"[0m>
  [90m     |[0m [31m[1m^^^^^^^^^^^^^^^^^^^^^^^^^^^^^^^^^^^^^^^^^[0m
[31m[1m>[0m [90m1791 |[0m               <div className=[32m"text-3xl 
md:text-4xl font-bold text-[#FF6B35] mb-2"[0m>[35m4.9[0m/[35m5[0m<...
  [90m     |[0m [31m[1m^^^^^^^^^^^^^^^^^^^^^^^^^^^^^^^^^^^^^^^^^^^^^^^^^^^^
^^^^^^^^^^^^^^^^^^^^^^^^^^^^^^^^^^^^^^^[0m
[31m[1m>[0m [90m1792 |[0m               <div className=[32m"text-sm 
text-gray-500"[0m>[33mAverage[0m [33mRating[0m</div>
  [90m     |[0m [31m[1m^^^^^^^^^^^^^^^^^^^^^^^^^^^^^^^^^^^^^^^^^^^^^^^^^^^^
^^^^^^^^^^^^^^^^^^^^^[0m
[31m[1m>[0m [90m1793 |[0m             </div>
  [90m     |[0m [31m[1m^^^^^^^^^^^^^^^^^^[0m
[31m[1m>[0m [90m1794 |[0m           </div>
  [90m     |[0m [31m[1m^^^^^^^^^^^^^^^^[0m
[31m[1m>[0m [90m1795 |[0m         </motion.div>
  [90m     |[0m [31m[1m^^^^^^^^^^^^^^^^^^^^^[0m
[31m[1m>[0m [90m1796 |[0m       </section>
  [90m     |[0m [31m[1m^^^^^^^^^^^^^^^^[0m
[31m[1m>[0m [90m1797 |[0m
  [90m     |[0m [31m[1m^[0m
[31m[1m>[0m [90m1798 |[0m       {[90m/* Destinations Grid */[0m}
  [90m     |[0m [31m[1m^^^^^^^^^^^^^^^^^^^^^^^^^^^^^^^[0m
[31m[1m>[0m [90m1799 |[0m       <section className=[32m"py-20 px-4"[0m>
  [90m     |[0m [31m[1m^^^^^^^^^^^^^^^^^^^^^^^^^^^^^^^^^^^^^^[0m
[31m[1m>[0m [90m1800 |[0m         <div className=[32m"max-w-7xl 
mx-auto"[0m>
  [90m     |[0m [31m[1m^^^^^^^^^^^^^^^^^^^^^^^^^^^^^^^^^^^^^^^^^^^[0m
[31m[1m>[0m [90m1801 |[0m           <motion.div
  [90m     |[0m [31m[1m^^^^^^^^^^^^^^^^^^^^^[0m
[31m[1m>[0m [90m1802 |[0m             className=[32m"text-center 
mb-16"[0m
  [90m     |[0m [31m[1m^^^^^^^^^^^^^^^^^^^^^^^^^^^^^^^^^^^^^^^^^[0m
[31m[1m>[0m [90m1803 |[0m             initial={{ opacity: [35m0[0m, y: 
[35m30[0m }}
  [90m     |[0m [31m[1m^^^^^^^^^^^^^^^^^^^^^^^^^^^^^^^^^^^^^^^^^^^[0m
[31m[1m>[0m [90m1804 |[0m             whileInView={{ opacity: [35m1[0m, 
y: [35m0[0m }}
  [90m     |[0m [31m[1m^^^^^^^^^^^^^^^^^^^^^^^^^^^^^^^^^^^^^^^^^^^^^^[0m
[31m[1m>[0m [90m1805 |[0m             viewport={{ once: [36mtrue[0m }}
  [90m     |[0m [31m[1m^^^^^^^^^^^^^^^^^^^^^^^^^^^^^^^^^^^^^[0m
[31m[1m>[0m [90m1806 |[0m           >
  [90m     |[0m [31m[1m^^^^^^^^^^^[0m
[31m[1m>[0m [90m1807 |[0m             <div className=[32m"text-[#FF6B35] 
text-sm font-medium tracking-wider uppercase ...[0m
  [90m     |[0m [31m[1m^^^^^^^^^^^^^^^^^^^^^^^^^^^^^^^^^^^^^^^^^^^^^^^^^^^^
^^^^^^^^^^^^^^^^^^^^^^^^^^^^^^^^^^^^^^^[0m
[31m[1m>[0m [90m1808 |[0m               [33mPOPULAR[0m 
[33mDESTINATIONS[0m
  [90m     |[0m [31m[1m^^^^^^^^^^^^^^^^^^^^^^^^^^^^^^^^^^[0m
[31m[1m>[0m [90m1809 |[0m             </div>
  [90m     |[0m [31m[1m^^^^^^^^^^^^^^^^^^[0m
[31m[1m>[0m [90m1810 |[0m             <h2 className=[32m"text-4xl 
md:text-5xl font-bold text-gray-900 mb-6"[0m>
  [90m     |[0m [31m[1m^^^^^^^^^^^^^^^^^^^^^^^^^^^^^^^^^^^^^^^^^^^^^^^^^^^^
^^^^^^^^^^^^^^^^^^^^^^^^^^[0m
[31m[1m>[0m [90m1811 |[0m               [33mExplore[0m [33mThe[0m 
[33mWorld[0m
  [90m     |[0m [31m[1m^^^^^^^^^^^^^^^^^^^^^^^^^^^^^^^[0m
[31m[1m>[0m [90m1812 |[0m             </h2>
  [90m     |[0m [31m[1m^^^^^^^^^^^^^^^^^[0m
[31m[1m>[0m [90m1813 |[0m             <p className=[32m"text-lg 
text-gray-600 max-w-2xl mx-auto"[0m>
  [90m     |[0m [31m[1m^^^^^^^^^^^^^^^^^^^^^^^^^^^^^^^^^^^^^^^^^^^^^^^^^^^^
^^^^^^^^^^^^^^^[0m
[31m[1m>[0m [90m1814 |[0m               [33mDiscover[0m incredible 
destinations [36mwith[0m [33mAI[0m-optimized travel plans at prices ...
  [90m     |[0m [31m[1m^^^^^^^^^^^^^^^^^^^^^^^^^^^^^^^^^^^^^^^^^^^^^^^^^^^^
^^^^^^^^^^^^^^^^^^^^^^^^^^^^^^^^^^^^^^^[0m
[31m[1m>[0m [90m1815 |[0m             </p>
  [90m     |[0m [31m[1m^^^^^^^^^^^^^^^^[0m
[31m[1m>[0m [90m1816 |[0m           </motion.div>
  [90m     |[0m [31m[1m^^^^^^^^^^^^^^^^^^^^^^^[0m
[31m[1m>[0m [90m1817 |[0m
  [90m     |[0m [31m[1m^[0m
[31m[1m>[0m [90m1818 |[0m           <div className=[32m"grid grid-cols-1 
md:grid-cols-3 gap-6"[0m>
  [90m     |[0m 
[31m[1m^^^^^^^^^^^^^^^^^^^^^^^^^^^^^^^^^^^^^^^^^^^^^^^^^^^^^^^^^^^^^^^^^[0m
[31m[1m>[0m [90m1819 |[0m             {[90m/* Row 1 */[0m}
  [90m     |[0m [31m[1m^^^^^^^^^^^^^^^^^^^^^^^^^[0m
[31m[1m>[0m [90m1820 |[0m             <motion.div
  [90m     |[0m [31m[1m^^^^^^^^^^^^^^^^^^^^^^^[0m
[31m[1m>[0m [90m1821 |[0m               className=[32m"md:col-span-1 
relative overflow-hidden rounded-2xl h-96 md:h-[5...[0m
  [90m     |[0m [31m[1m^^^^^^^^^^^^^^^^^^^^^^^^^^^^^^^^^^^^^^^^^^^^^^^^^^^^
^^^^^^^^^^^^^^^^^^^^^^^^^^^^^^^^^^^^^^^[0m
[31m[1m>[0m [90m1822 |[0m               initial={{ opacity: [35m0[0m, 
y: [35m40[0m }}
  [90m     |[0m [31m[1m^^^^^^^^^^^^^^^^^^^^^^^^^^^^^^^^^^^^^^^^^^^^^[0m
[31m[1m>[0m [90m1823 |[0m               whileInView={{ opacity: 
[35m1[0m, y: [35m0[0m }}
  [90m     |[0m [31m[1m^^^^^^^^^^^^^^^^^^^^^^^^^^^^^^^^^^^^^^^^^^^^^^^^[0m
[31m[1m>[0m [90m1824 |[0m               viewport={{ once: [36mtrue[0m }}
  [90m     |[0m [31m[1m^^^^^^^^^^^^^^^^^^^^^^^^^^^^^^^^^^^^^^^[0m
[31m[1m>[0m [90m1825 |[0m               transition={{ duration: 
[35m0.6[0m }}
  [90m     |[0m [31m[1m^^^^^^^^^^^^^^^^^^^^^^^^^^^^^^^^^^^^^^^^^^^^[0m
[31m[1m>[0m [90m1826 |[0m               whileHover={{ scale: 
[35m1.02[0m }}
  [90m     |[0m [31m[1m^^^^^^^^^^^^^^^^^^^^^^^^^^^^^^^^^^^^^^^^^^[0m
[31m[1m>[0m [90m1827 |[0m             >
  [90m     |[0m [31m[1m^^^^^^^^^^^^^[0m
[31m[1m>[0m [90m1828 |[0m               <[33mImage[0m
  [90m     |[0m [31m[1m^^^^^^^^^^^^^^^^^^^^[0m
[31m[1m>[0m [90m1829 |[0m                 
src={destinations[[35m0[0m].image}
  [90m     |[0m [31m[1m^^^^^^^^^^^^^^^^^^^^^^^^^^^^^^^^^^^^^^^^^^^[0m
[31m[1m>[0m [90m1830 |[0m                 
alt={destinations[[35m0[0m].name}
  [90m     |[0m [31m[1m^^^^^^^^^^^^^^^^^^^^^^^^^^^^^^^^^^^^^^^^^^[0m
[31m[1m>[0m [90m1831 |[0m                 fill
  [90m     |[0m [31m[1m^^^^^^^^^^^^^^^^^^^^[0m
[31m[1m>[0m [90m1832 |[0m                 className=[32m"object-cover 
transition-transform duration-500 group-hover:sc...[0m
  [90m     |[0m [31m[1m^^^^^^^^^^^^^^^^^^^^^^^^^^^^^^^^^^^^^^^^^^^^^^^^^^^^
^^^^^^^^^^^^^^^^^^^^^^^^^^^^^^^^^^^^^^^[0m
[31m[1m>[0m [90m1833 |[0m               />
  [90m     |[0m [31m[1m^^^^^^^^^^^^^^^^[0m
[31m[1m>[0m [90m1834 |[0m               <div className=[32m"absolute 
inset-0 bg-gradient-to-t from-black/70 to-transpa...[0m
  [90m     |[0m [31m[1m^^^^^^^^^^^^^^^^^^^^^^^^^^^^^^^^^^^^^^^^^^^^^^^^^^^^
^^^^^^^^^^^^^^^^^^^^^^^^^^^^^^^^^^^^^^^[0m
[31m[1m>[0m [90m1835 |[0m               <div className=[32m"absolute 
bottom-6 left-6 text-white"[0m>
  [90m     |[0m [31m[1m^^^^^^^^^^^^^^^^^^^^^^^^^^^^^^^^^^^^^^^^^^^^^^^^^^^^
^^^^^^^^^^^^^^^[0m
[31m[1m>[0m [90m1836 |[0m                 <h3 className=[32m"text-xl 
font-bold mb-1"[0m>{destinations[[35m0[0m].name}</h3>
  [90m     |[0m [31m[1m^^^^^^^^^^^^^^^^^^^^^^^^^^^^^^^^^^^^^^^^^^^^^^^^^^^^
^^^^^^^^^^^^^^^^^^^^^^^^^^^^^^[0m
[31m[1m>[0m [90m1837 |[0m                 <p className=[32m"text-sm 
opacity-70 mb-3"[0m>{destinations[[35m0[0m].country}</p>
  [90m     |[0m [31m[1m^^^^^^^^^^^^^^^^^^^^^^^^^^^^^^^^^^^^^^^^^^^^^^^^^^^^
^^^^^^^^^^^^^^^^^^^^^^^^^^^^^^^^[0m
[31m[1m>[0m [90m1838 |[0m                 <span 
className=[32m"bg-[#FF6B35] text-white px-3 py-1 rounded-full text-sm ...[0m
  [90m     |[0m [31m[1m^^^^^^^^^^^^^^^^^^^^^^^^^^^^^^^^^^^^^^^^^^^^^^^^^^^^
^^^^^^^^^^^^^^^^^^^^^^^^^^^^^^^^^^^^^^^[0m
[31m[1m>[0m [90m1839 |[0m                   
{destinations[[35m0[0m].price}
  [90m     |[0m [31m[1m^^^^^^^^^^^^^^^^^^^^^^^^^^^^^^^^^^^^^^^^^[0m
[31m[1m>[0m [90m1840 |[0m                 </span>
  [90m     |[0m [31m[1m^^^^^^^^^^^^^^^^^^^^^^^[0m
[31m[1m>[0m [90m1841 |[0m               </div>
  [90m     |[0m [31m[1m^^^^^^^^^^^^^^^^^^^^[0m
[31m[1m>[0m [90m1842 |[0m             </motion.div>
  [90m     |[0m [31m[1m^^^^^^^^^^^^^^^^^^^^^^^^^[0m
[31m[1m>[0m [90m1843 |[0m
  [90m     |[0m [31m[1m^[0m
[31m[1m>[0m [90m1844 |[0m             <div className=[32m"md:col-span-2 
space-y-6"[0m>
  [90m     |[0m 
[31m[1m^^^^^^^^^^^^^^^^^^^^^^^^^^^^^^^^^^^^^^^^^^^^^^^^^^^^^[0m
[31m[1m>[0m [90m1845 |[0m               <motion.div
  [90m     |[0m [31m[1m^^^^^^^^^^^^^^^^^^^^^^^^^[0m
[31m[1m>[0m [90m1846 |[0m                 className=[32m"relative 
overflow-hidden rounded-2xl h-44 md:h-56 group curso...[0m
  [90m     |[0m [31m[1m^^^^^^^^^^^^^^^^^^^^^^^^^^^^^^^^^^^^^^^^^^^^^^^^^^^^
^^^^^^^^^^^^^^^^^^^^^^^^^^^^^^^^^^^^^^^[0m
[31m[1m>[0m [90m1847 |[0m                 initial={{ opacity: [35m0[0m, 
y: [35m40[0m }}
  [90m     |[0m [31m[1m^^^^^^^^^^^^^^^^^^^^^^^^^^^^^^^^^^^^^^^^^^^^^^^[0m
[31m[1m>[0m [90m1848 |[0m                 whileInView={{ opacity: 
[35m1[0m, y: [35m0[0m }}
  [90m     |[0m 
[31m[1m^^^^^^^^^^^^^^^^^^^^^^^^^^^^^^^^^^^^^^^^^^^^^^^^^^[0m
[31m[1m>[0m [90m1849 |[0m                 viewport={{ once: [36mtrue[0m 
}}
  [90m     |[0m [31m[1m^^^^^^^^^^^^^^^^^^^^^^^^^^^^^^^^^^^^^^^^^[0m
[31m[1m>[0m [90m1850 |[0m                 transition={{ duration: 
[35m0.6[0m, delay: [35m0.1[0m }}
  [90m     |[0m 
[31m[1m^^^^^^^^^^^^^^^^^^^^^^^^^^^^^^^^^^^^^^^^^^^^^^^^^^^^^^^^^^[0m
[31m[1m>[0m [90m1851 |[0m                 whileHover={{ scale: 
[35m1.02[0m }}
  [90m     |[0m [31m[1m^^^^^^^^^^^^^^^^^^^^^^^^^^^^^^^^^^^^^^^^^^^^[0m
[31m[1m>[0m [90m1852 |[0m               >
  [90m     |[0m [31m[1m^^^^^^^^^^^^^^^[0m
[31m[1m>[0m [90m1853 |[0m                 <[33mImage[0m
  [90m     |[0m [31m[1m^^^^^^^^^^^^^^^^^^^^^^[0m
[31m[1m>[0m [90m1854 |[0m                   
src={destinations[[35m1[0m].image}
  [90m     |[0m [31m[1m^^^^^^^^^^^^^^^^^^^^^^^^^^^^^^^^^^^^^^^^^^^^^[0m
[31m[1m>[0m [90m1855 |[0m                   
alt={destinations[[35m1[0m].name}
  [90m     |[0m [31m[1m^^^^^^^^^^^^^^^^^^^^^^^^^^^^^^^^^^^^^^^^^^^^[0m
[31m[1m>[0m [90m1856 |[0m                   fill
  [90m     |[0m [31m[1m^^^^^^^^^^^^^^^^^^^^^^[0m
[31m[1m>[0m [90m1857 |[0m                   className=[32m"object-cover 
transition-transform duration-500 group-hover:...[0m
  [90m     |[0m [31m[1m^^^^^^^^^^^^^^^^^^^^^^^^^^^^^^^^^^^^^^^^^^^^^^^^^^^^
^^^^^^^^^^^^^^^^^^^^^^^^^^^^^^^^^^^^^^^[0m
[31m[1m>[0m [90m1858 |[0m                 />
  [90m     |[0m [31m[1m^^^^^^^^^^^^^^^^^^[0m
[31m[1m>[0m [90m1859 |[0m                 <div className=[32m"absolute 
inset-0 bg-gradient-to-t from-black/70 to-trans...[0m
  [90m     |[0m [31m[1m^^^^^^^^^^^^^^^^^^^^^^^^^^^^^^^^^^^^^^^^^^^^^^^^^^^^
^^^^^^^^^^^^^^^^^^^^^^^^^^^^^^^^^^^^^^^[0m
[31m[1m>[0m [90m1860 |[0m                 <div className=[32m"absolute 
bottom-4 left-4 text-white"[0m>
  [90m     |[0m [31m[1m^^^^^^^^^^^^^^^^^^^^^^^^^^^^^^^^^^^^^^^^^^^^^^^^^^^^
^^^^^^^^^^^^^^^^^[0m
[31m[1m>[0m [90m1861 |[0m                   <h3 className=[32m"text-lg 
font-bold mb-1"[0m>{destinations[[35m1[0m].name}</h3>
  [90m     |[0m [31m[1m^^^^^^^^^^^^^^^^^^^^^^^^^^^^^^^^^^^^^^^^^^^^^^^^^^^^
^^^^^^^^^^^^^^^^^^^^^^^^^^^^^^^^[0m
[31m[1m>[0m [90m1862 |[0m                   <p className=[32m"text-sm 
opacity-70 mb-2"[0m>{destinations[[35m1[0m].country}</p>
  [90m     |[0m [31m[1m^^^^^^^^^^^^^^^^^^^^^^^^^^^^^^^^^^^^^^^^^^^^^^^^^^^^
^^^^^^^^^^^^^^^^^^^^^^^^^^^^^^^^^^[0m
[31m[1m>[0m [90m1863 |[0m                   <span 
className=[32m"bg-[#FF6B35] text-white px-3 py-1 rounded-full text-s...[0m
  [90m     |[0m [31m[1m^^^^^^^^^^^^^^^^^^^^^^^^^^^^^^^^^^^^^^^^^^^^^^^^^^^^
^^^^^^^^^^^^^^^^^^^^^^^^^^^^^^^^^^^^^^^[0m
[31m[1m>[0m [90m1864 |[0m                     
{destinations[[35m1[0m].price}
  [90m     |[0m [31m[1m^^^^^^^^^^^^^^^^^^^^^^^^^^^^^^^^^^^^^^^^^^^[0m
[31m[1m>[0m [90m1865 |[0m                   </span>
  [90m     |[0m [31m[1m^^^^^^^^^^^^^^^^^^^^^^^^^[0m
[31m[1m>[0m [90m1866 |[0m                 </div>
  [90m     |[0m [31m[1m^^^^^^^^^^^^^^^^^^^^^^[0m
[31m[1m>[0m [90m1867 |[0m               </motion.div>
  [90m     |[0m [31m[1m^^^^^^^^^^^^^^^^^^^^^^^^^^^[0m
[31m[1m>[0m [90m1868 |[0m
  [90m     |[0m [31m[1m^[0m
[31m[1m>[0m [90m1869 |[0m               <motion.div
  [90m     |[0m [31m[1m^^^^^^^^^^^^^^^^^^^^^^^^^[0m
[31m[1m>[0m [90m1870 |[0m                 className=[32m"relative 
overflow-hidden rounded-2xl h-44 md:h-56 group curso...[0m
  [90m     |[0m [31m[1m^^^^^^^^^^^^^^^^^^^^^^^^^^^^^^^^^^^^^^^^^^^^^^^^^^^^
^^^^^^^^^^^^^^^^^^^^^^^^^^^^^^^^^^^^^^^[0m
[31m[1m>[0m [90m1871 |[0m                 initial={{ opacity: [35m0[0m, 
y: [35m40[0m }}
  [90m     |[0m [31m[1m^^^^^^^^^^^^^^^^^^^^^^^^^^^^^^^^^^^^^^^^^^^^^^^[0m
[31m[1m>[0m [90m1872 |[0m                 whileInView={{ opacity: 
[35m1[0m, y: [35m0[0m }}
  [90m     |[0m 
[31m[1m^^^^^^^^^^^^^^^^^^^^^^^^^^^^^^^^^^^^^^^^^^^^^^^^^^[0m
[31m[1m>[0m [90m1873 |[0m                 viewport={{ once: [36mtrue[0m 
}}
  [90m     |[0m [31m[1m^^^^^^^^^^^^^^^^^^^^^^^^^^^^^^^^^^^^^^^^^[0m
[31m[1m>[0m [90m1874 |[0m                 transition={{ duration: 
[35m0.6[0m, delay: [35m0.2[0m }}
  [90m     |[0m 
[31m[1m^^^^^^^^^^^^^^^^^^^^^^^^^^^^^^^^^^^^^^^^^^^^^^^^^^^^^^^^^^[0m
[31m[1m>[0m [90m1875 |[0m                 whileHover={{ scale: 
[35m1.02[0m }}
  [90m     |[0m [31m[1m^^^^^^^^^^^^^^^^^^^^^^^^^^^^^^^^^^^^^^^^^^^^[0m
[31m[1m>[0m [90m1876 |[0m               >
  [90m     |[0m [31m[1m^^^^^^^^^^^^^^^[0m
[31m[1m>[0m [90m1877 |[0m                 <[33mImage[0m
  [90m     |[0m [31m[1m^^^^^^^^^^^^^^^^^^^^^^[0m
[31m[1m>[0m [90m1878 |[0m                   
src={destinations[[35m2[0m].image}
  [90m     |[0m [31m[1m^^^^^^^^^^^^^^^^^^^^^^^^^^^^^^^^^^^^^^^^^^^^^[0m
[31m[1m>[0m [90m1879 |[0m                   
alt={destinations[[35m2[0m].name}
  [90m     |[0m [31m[1m^^^^^^^^^^^^^^^^^^^^^^^^^^^^^^^^^^^^^^^^^^^^[0m
[31m[1m>[0m [90m1880 |[0m                   fill
  [90m     |[0m [31m[1m^^^^^^^^^^^^^^^^^^^^^^[0m
[31m[1m>[0m [90m1881 |[0m                   className=[32m"object-cover 
transition-transform duration-500 group-hover:...[0m
  [90m     |[0m [31m[1m^^^^^^^^^^^^^^^^^^^^^^^^^^^^^^^^^^^^^^^^^^^^^^^^^^^^
^^^^^^^^^^^^^^^^^^^^^^^^^^^^^^^^^^^^^^^[0m
[31m[1m>[0m [90m1882 |[0m                 />
  [90m     |[0m [31m[1m^^^^^^^^^^^^^^^^^^[0m
[31m[1m>[0m [90m1883 |[0m                 <div className=[32m"absolute 
inset-0 bg-gradient-to-t from-black/70 to-trans...[0m
  [90m     |[0m [31m[1m^^^^^^^^^^^^^^^^^^^^^^^^^^^^^^^^^^^^^^^^^^^^^^^^^^^^
^^^^^^^^^^^^^^^^^^^^^^^^^^^^^^^^^^^^^^^[0m
[31m[1m>[0m [90m1884 |[0m                 <div className=[32m"absolute 
bottom-4 left-4 text-white"[0m>
  [90m     |[0m [31m[1m^^^^^^^^^^^^^^^^^^^^^^^^^^^^^^^^^^^^^^^^^^^^^^^^^^^^
^^^^^^^^^^^^^^^^^[0m
[31m[1m>[0m [90m1885 |[0m                   <h3 className=[32m"text-lg 
font-bold mb-1"[0m>{destinations[[35m2[0m].name}</h3>
  [90m     |[0m [31m[1m^^^^^^^^^^^^^^^^^^^^^^^^^^^^^^^^^^^^^^^^^^^^^^^^^^^^
^^^^^^^^^^^^^^^^^^^^^^^^^^^^^^^^[0m
[31m[1m>[0m [90m1886 |[0m                   <p className=[32m"text-sm 
opacity-70 mb-2"[0m>{destinations[[35m2[0m].country}</p>
  [90m     |[0m [31m[1m^^^^^^^^^^^^^^^^^^^^^^^^^^^^^^^^^^^^^^^^^^^^^^^^^^^^
^^^^^^^^^^^^^^^^^^^^^^^^^^^^^^^^^^[0m
[31m[1m>[0m [90m1887 |[0m                   <span 
className=[32m"bg-[#FF6B35] text-white px-3 py-1 rounded-full text-s...[0m
  [90m     |[0m [31m[1m^^^^^^^^^^^^^^^^^^^^^^^^^^^^^^^^^^^^^^^^^^^^^^^^^^^^
^^^^^^^^^^^^^^^^^^^^^^^^^^^^^^^^^^^^^^^[0m
[31m[1m>[0m [90m1888 |[0m                     
{destinations[[35m2[0m].price}
  [90m     |[0m [31m[1m^^^^^^^^^^^^^^^^^^^^^^^^^^^^^^^^^^^^^^^^^^^[0m
[31m[1m>[0m [90m1889 |[0m                   </span>
  [90m     |[0m [31m[1m^^^^^^^^^^^^^^^^^^^^^^^^^[0m
[31m[1m>[0m [90m1890 |[0m                 </div>
  [90m     |[0m [31m[1m^^^^^^^^^^^^^^^^^^^^^^[0m
[31m[1m>[0m [90m1891 |[0m               </motion.div>
  [90m     |[0m [31m[1m^^^^^^^^^^^^^^^^^^^^^^^^^^^[0m
[31m[1m>[0m [90m1892 |[0m             </div>
  [90m     |[0m [31m[1m^^^^^^^^^^^^^^^^^^[0m
[31m[1m>[0m [90m1893 |[0m
  [90m     |[0m [31m[1m^[0m
[31m[1m>[0m [90m1894 |[0m             {[90m/* Row 2 */[0m}
  [90m     |[0m [31m[1m^^^^^^^^^^^^^^^^^^^^^^^^^[0m
[31m[1m>[0m [90m1895 |[0m             <motion.div
  [90m     |[0m [31m[1m^^^^^^^^^^^^^^^^^^^^^^^[0m
[31m[1m>[0m [90m1896 |[0m               className=[32m"relative 
overflow-hidden rounded-2xl h-44 md:h-56 group cursor-...[0m
  [90m     |[0m [31m[1m^^^^^^^^^^^^^^^^^^^^^^^^^^^^^^^^^^^^^^^^^^^^^^^^^^^^
^^^^^^^^^^^^^^^^^^^^^^^^^^^^^^^^^^^^^^^[0m
[31m[1m>[0m [90m1897 |[0m               initial={{ opacity: [35m0[0m, 
y: [35m40[0m }}
  [90m     |[0m [31m[1m^^^^^^^^^^^^^^^^^^^^^^^^^^^^^^^^^^^^^^^^^^^^^[0m
[31m[1m>[0m [90m1898 |[0m               whileInView={{ opacity: 
[35m1[0m, y: [35m0[0m }}
  [90m     |[0m [31m[1m^^^^^^^^^^^^^^^^^^^^^^^^^^^^^^^^^^^^^^^^^^^^^^^^[0m
[31m[1m>[0m [90m1899 |[0m               viewport={{ once: [36mtrue[0m }}
  [90m     |[0m [31m[1m^^^^^^^^^^^^^^^^^^^^^^^^^^^^^^^^^^^^^^^[0m
[31m[1m>[0m [90m1900 |[0m               transition={{ duration: 
[35m0.6[0m, delay: [35m0.3[0m }}
  [90m     |[0m 
[31m[1m^^^^^^^^^^^^^^^^^^^^^^^^^^^^^^^^^^^^^^^^^^^^^^^^^^^^^^^^[0m
[31m[1m>[0m [90m1901 |[0m               whileHover={{ scale: 
[35m1.02[0m }}
  [90m     |[0m [31m[1m^^^^^^^^^^^^^^^^^^^^^^^^^^^^^^^^^^^^^^^^^^[0m
[31m[1m>[0m [90m1902 |[0m             >
  [90m     |[0m [31m[1m^^^^^^^^^^^^^[0m
[31m[1m>[0m [90m1903 |[0m               <[33mImage[0m
  [90m     |[0m [31m[1m^^^^^^^^^^^^^^^^^^^^[0m
[31m[1m>[0m [90m1904 |[0m                 
src={destinations[[35m3[0m].image}
  [90m     |[0m [31m[1m^^^^^^^^^^^^^^^^^^^^^^^^^^^^^^^^^^^^^^^^^^^[0m
[31m[1m>[0m [90m1905 |[0m                 
alt={destinations[[35m3[0m].name}
  [90m     |[0m [31m[1m^^^^^^^^^^^^^^^^^^^^^^^^^^^^^^^^^^^^^^^^^^[0m
[31m[1m>[0m [90m1906 |[0m                 fill
  [90m     |[0m [31m[1m^^^^^^^^^^^^^^^^^^^^[0m
[31m[1m>[0m [90m1907 |[0m                 className=[32m"object-cover 
transition-transform duration-500 group-hover:sc...[0m
  [90m     |[0m [31m[1m^^^^^^^^^^^^^^^^^^^^^^^^^^^^^^^^^^^^^^^^^^^^^^^^^^^^
^^^^^^^^^^^^^^^^^^^^^^^^^^^^^^^^^^^^^^^[0m
[31m[1m>[0m [90m1908 |[0m               />
  [90m     |[0m [31m[1m^^^^^^^^^^^^^^^^[0m
[31m[1m>[0m [90m1909 |[0m               <div className=[32m"absolute 
inset-0 bg-gradient-to-t from-black/70 to-transpa...[0m
  [90m     |[0m [31m[1m^^^^^^^^^^^^^^^^^^^^^^^^^^^^^^^^^^^^^^^^^^^^^^^^^^^^
^^^^^^^^^^^^^^^^^^^^^^^^^^^^^^^^^^^^^^^[0m
[31m[1m>[0m [90m1910 |[0m               <div className=[32m"absolute 
bottom-4 left-4 text-white"[0m>
  [90m     |[0m [31m[1m^^^^^^^^^^^^^^^^^^^^^^^^^^^^^^^^^^^^^^^^^^^^^^^^^^^^
^^^^^^^^^^^^^^^[0m
[31m[1m>[0m [90m1911 |[0m                 <h3 className=[32m"text-lg 
font-bold mb-1"[0m>{destinations[[35m3[0m].name}</h3>
  [90m     |[0m [31m[1m^^^^^^^^^^^^^^^^^^^^^^^^^^^^^^^^^^^^^^^^^^^^^^^^^^^^
^^^^^^^^^^^^^^^^^^^^^^^^^^^^^^[0m
[31m[1m>[0m [90m1912 |[0m                 <p className=[32m"text-sm 
opacity-70 mb-2"[0m>{destinations[[35m3[0m].country}</p>
  [90m     |[0m [31m[1m^^^^^^^^^^^^^^^^^^^^^^^^^^^^^^^^^^^^^^^^^^^^^^^^^^^^
^^^^^^^^^^^^^^^^^^^^^^^^^^^^^^^^[0m
[31m[1m>[0m [90m1913 |[0m                 <span 
className=[32m"bg-[#FF6B35] text-white px-3 py-1 rounded-full text-sm ...[0m
  [90m     |[0m [31m[1m^^^^^^^^^^^^^^^^^^^^^^^^^^^^^^^^^^^^^^^^^^^^^^^^^^^^
^^^^^^^^^^^^^^^^^^^^^^^^^^^^^^^^^^^^^^^[0m
[31m[1m>[0m [90m1914 |[0m                   
{destinations[[35m3[0m].price}
  [90m     |[0m [31m[1m^^^^^^^^^^^^^^^^^^^^^^^^^^^^^^^^^^^^^^^^^[0m
[31m[1m>[0m [90m1915 |[0m                 </span>
  [90m     |[0m [31m[1m^^^^^^^^^^^^^^^^^^^^^^^[0m
[31m[1m>[0m [90m1916 |[0m               </div>
  [90m     |[0m [31m[1m^^^^^^^^^^^^^^^^^^^^[0m
[31m[1m>[0m [90m1917 |[0m             </motion.div>
  [90m     |[0m [31m[1m^^^^^^^^^^^^^^^^^^^^^^^^^[0m
[31m[1m>[0m [90m1918 |[0m
  [90m     |[0m [31m[1m^[0m
[31m[1m>[0m [90m1919 |[0m             <motion.div
  [90m     |[0m [31m[1m^^^^^^^^^^^^^^^^^^^^^^^[0m
[31m[1m>[0m [90m1920 |[0m               className=[32m"relative 
overflow-hidden rounded-2xl h-44 md:h-56 group cursor-...[0m
  [90m     |[0m [31m[1m^^^^^^^^^^^^^^^^^^^^^^^^^^^^^^^^^^^^^^^^^^^^^^^^^^^^
^^^^^^^^^^^^^^^^^^^^^^^^^^^^^^^^^^^^^^^[0m
[31m[1m>[0m [90m1921 |[0m               initial={{ opacity: [35m0[0m, 
y: [35m40[0m }}
  [90m     |[0m [31m[1m^^^^^^^^^^^^^^^^^^^^^^^^^^^^^^^^^^^^^^^^^^^^^[0m
[31m[1m>[0m [90m1922 |[0m               whileInView={{ opacity: 
[35m1[0m, y: [35m0[0m }}
  [90m     |[0m [31m[1m^^^^^^^^^^^^^^^^^^^^^^^^^^^^^^^^^^^^^^^^^^^^^^^^[0m
[31m[1m>[0m [90m1923 |[0m               viewport={{ once: [36mtrue[0m }}
  [90m     |[0m [31m[1m^^^^^^^^^^^^^^^^^^^^^^^^^^^^^^^^^^^^^^^[0m
[31m[1m>[0m [90m1924 |[0m               transition={{ duration: 
[35m0.6[0m, delay: [35m0.4[0m }}
  [90m     |[0m 
[31m[1m^^^^^^^^^^^^^^^^^^^^^^^^^^^^^^^^^^^^^^^^^^^^^^^^^^^^^^^^[0m
[31m[1m>[0m [90m1925 |[0m               whileHover={{ scale: 
[35m1.02[0m }}
  [90m     |[0m [31m[1m^^^^^^^^^^^^^^^^^^^^^^^^^^^^^^^^^^^^^^^^^^[0m
[31m[1m>[0m [90m1926 |[0m             >
  [90m     |[0m [31m[1m^^^^^^^^^^^^^[0m
[31m[1m>[0m [90m1927 |[0m               <[33mImage[0m
  [90m     |[0m [31m[1m^^^^^^^^^^^^^^^^^^^^[0m
[31m[1m>[0m [90m1928 |[0m                 
src={destinations[[35m4[0m].image}
  [90m     |[0m [31m[1m^^^^^^^^^^^^^^^^^^^^^^^^^^^^^^^^^^^^^^^^^^^[0m
[31m[1m>[0m [90m1929 |[0m                 
alt={destinations[[35m4[0m].name}
  [90m     |[0m [31m[1m^^^^^^^^^^^^^^^^^^^^^^^^^^^^^^^^^^^^^^^^^^[0m
[31m[1m>[0m [90m1930 |[0m                 fill
  [90m     |[0m [31m[1m^^^^^^^^^^^^^^^^^^^^[0m
[31m[1m>[0m [90m1931 |[0m                 className=[32m"object-cover 
transition-transform duration-500 group-hover:sc...[0m
  [90m     |[0m [31m[1m^^^^^^^^^^^^^^^^^^^^^^^^^^^^^^^^^^^^^^^^^^^^^^^^^^^^
^^^^^^^^^^^^^^^^^^^^^^^^^^^^^^^^^^^^^^^[0m
[31m[1m>[0m [90m1932 |[0m               />
  [90m     |[0m [31m[1m^^^^^^^^^^^^^^^^[0m
[31m[1m>[0m [90m1933 |[0m               <div className=[32m"absolute 
inset-0 bg-gradient-to-t from-black/70 to-transpa...[0m
  [90m     |[0m [31m[1m^^^^^^^^^^^^^^^^^^^^^^^^^^^^^^^^^^^^^^^^^^^^^^^^^^^^
^^^^^^^^^^^^^^^^^^^^^^^^^^^^^^^^^^^^^^^[0m
[31m[1m>[0m [90m1934 |[0m               <div className=[32m"absolute 
bottom-4 left-4 text-white"[0m>
  [90m     |[0m [31m[1m^^^^^^^^^^^^^^^^^^^^^^^^^^^^^^^^^^^^^^^^^^^^^^^^^^^^
^^^^^^^^^^^^^^^[0m
[31m[1m>[0m [90m1935 |[0m                 <h3 className=[32m"text-lg 
font-bold mb-1"[0m>{destinations[[35m4[0m].name}</h3>
  [90m     |[0m [31m[1m^^^^^^^^^^^^^^^^^^^^^^^^^^^^^^^^^^^^^^^^^^^^^^^^^^^^
^^^^^^^^^^^^^^^^^^^^^^^^^^^^^^[0m
[31m[1m>[0m [90m1936 |[0m                 <p className=[32m"text-sm 
opacity-70 mb-2"[0m>{destinations[[35m4[0m].country}</p>
  [90m     |[0m [31m[1m^^^^^^^^^^^^^^^^^^^^^^^^^^^^^^^^^^^^^^^^^^^^^^^^^^^^
^^^^^^^^^^^^^^^^^^^^^^^^^^^^^^^^[0m
[31m[1m>[0m [90m1937 |[0m                 <span 
className=[32m"bg-[#FF6B35] text-white px-3 py-1 rounded-full text-sm ...[0m
  [90m     |[0m [31m[1m^^^^^^^^^^^^^^^^^^^^^^^^^^^^^^^^^^^^^^^^^^^^^^^^^^^^
^^^^^^^^^^^^^^^^^^^^^^^^^^^^^^^^^^^^^^^[0m
[31m[1m>[0m [90m1938 |[0m                   
{destinations[[35m4[0m].price}
  [90m     |[0m [31m[1m^^^^^^^^^^^^^^^^^^^^^^^^^^^^^^^^^^^^^^^^^[0m
[31m[1m>[0m [90m1939 |[0m                 </span>
  [90m     |[0m [31m[1m^^^^^^^^^^^^^^^^^^^^^^^[0m
[31m[1m>[0m [90m1940 |[0m               </div>
  [90m     |[0m [31m[1m^^^^^^^^^^^^^^^^^^^^[0m
[31m[1m>[0m [90m1941 |[0m             </motion.div>
  [90m     |[0m [31m[1m^^^^^^^^^^^^^^^^^^^^^^^^^[0m
[31m[1m>[0m [90m1942 |[0m
  [90m     |[0m [31m[1m^[0m
[31m[1m>[0m [90m1943 |[0m             <motion.div
  [90m     |[0m [31m[1m^^^^^^^^^^^^^^^^^^^^^^^[0m
[31m[1m>[0m [90m1944 |[0m               className=[32m"relative 
overflow-hidden rounded-2xl h-44 md:h-56 group cursor-...[0m
  [90m     |[0m [31m[1m^^^^^^^^^^^^^^^^^^^^^^^^^^^^^^^^^^^^^^^^^^^^^^^^^^^^
^^^^^^^^^^^^^^^^^^^^^^^^^^^^^^^^^^^^^^^[0m
[31m[1m>[0m [90m1945 |[0m               initial={{ opacity: [35m0[0m, 
y: [35m40[0m }}
  [90m     |[0m [31m[1m^^^^^^^^^^^^^^^^^^^^^^^^^^^^^^^^^^^^^^^^^^^^^[0m
[31m[1m>[0m [90m1946 |[0m               whileInView={{ opacity: 
[35m1[0m, y: [35m0[0m }}
  [90m     |[0m [31m[1m^^^^^^^^^^^^^^^^^^^^^^^^^^^^^^^^^^^^^^^^^^^^^^^^[0m
[31m[1m>[0m [90m1947 |[0m               viewport={{ once: [36mtrue[0m }}
  [90m     |[0m [31m[1m^^^^^^^^^^^^^^^^^^^^^^^^^^^^^^^^^^^^^^^[0m
[31m[1m>[0m [90m1948 |[0m               transition={{ duration: 
[35m0.6[0m, delay: [35m0.5[0m }}
  [90m     |[0m 
[31m[1m^^^^^^^^^^^^^^^^^^^^^^^^^^^^^^^^^^^^^^^^^^^^^^^^^^^^^^^^[0m
[31m[1m>[0m [90m1949 |[0m               whileHover={{ scale: 
[35m1.02[0m }}
  [90m     |[0m [31m[1m^^^^^^^^^^^^^^^^^^^^^^^^^^^^^^^^^^^^^^^^^^[0m
[31m[1m>[0m [90m1950 |[0m             >
  [90m     |[0m [31m[1m^^^^^^^^^^^^^[0m
[31m[1m>[0m [90m1951 |[0m               <[33mImage[0m
  [90m     |[0m [31m[1m^^^^^^^^^^^^^^^^^^^^[0m
[31m[1m>[0m [90m1952 |[0m                 
src={destinations[[35m5[0m].image}
  [90m     |[0m [31m[1m^^^^^^^^^^^^^^^^^^^^^^^^^^^^^^^^^^^^^^^^^^^[0m
[31m[1m>[0m [90m1953 |[0m                 
alt={destinations[[35m5[0m].name}
  [90m     |[0m [31m[1m^^^^^^^^^^^^^^^^^^^^^^^^^^^^^^^^^^^^^^^^^^[0m
[31m[1m>[0m [90m1954 |[0m                 fill
  [90m     |[0m [31m[1m^^^^^^^^^^^^^^^^^^^^[0m
[31m[1m>[0m [90m1955 |[0m                 className=[32m"object-cover 
transition-transform duration-500 group-hover:sc...[0m
  [90m     |[0m [31m[1m^^^^^^^^^^^^^^^^^^^^^^^^^^^^^^^^^^^^^^^^^^^^^^^^^^^^
^^^^^^^^^^^^^^^^^^^^^^^^^^^^^^^^^^^^^^^[0m
[31m[1m>[0m [90m1956 |[0m               />
  [90m     |[0m [31m[1m^^^^^^^^^^^^^^^^[0m
[31m[1m>[0m [90m1957 |[0m               <div className=[32m"absolute 
inset-0 bg-gradient-to-t from-black/70 to-transpa...[0m
  [90m     |[0m [31m[1m^^^^^^^^^^^^^^^^^^^^^^^^^^^^^^^^^^^^^^^^^^^^^^^^^^^^
^^^^^^^^^^^^^^^^^^^^^^^^^^^^^^^^^^^^^^^[0m
[31m[1m>[0m [90m1958 |[0m               <div className=[32m"absolute 
bottom-4 left-4 text-white"[0m>
  [90m     |[0m [31m[1m^^^^^^^^^^^^^^^^^^^^^^^^^^^^^^^^^^^^^^^^^^^^^^^^^^^^
^^^^^^^^^^^^^^^[0m
[31m[1m>[0m [90m1959 |[0m                 <h3 className=[32m"text-lg 
font-bold mb-1"[0m>{destinations[[35m5[0m].name}</h3>
  [90m     |[0m [31m[1m^^^^^^^^^^^^^^^^^^^^^^^^^^^^^^^^^^^^^^^^^^^^^^^^^^^^
^^^^^^^^^^^^^^^^^^^^^^^^^^^^^^[0m
[31m[1m>[0m [90m1960 |[0m                 <p className=[32m"text-sm 
opacity-70 mb-2"[0m>{destinations[[35m5[0m].country}</p>
  [90m     |[0m [31m[1m^^^^^^^^^^^^^^^^^^^^^^^^^^^^^^^^^^^^^^^^^^^^^^^^^^^^
^^^^^^^^^^^^^^^^^^^^^^^^^^^^^^^^[0m
[31m[1m>[0m [90m1961 |[0m                 <span 
className=[32m"bg-[#FF6B35] text-white px-3 py-1 rounded-full text-sm ...[0m
  [90m     |[0m [31m[1m^^^^^^^^^^^^^^^^^^^^^^^^^^^^^^^^^^^^^^^^^^^^^^^^^^^^
^^^^^^^^^^^^^^^^^^^^^^^^^^^^^^^^^^^^^^^[0m
[31m[1m>[0m [90m1962 |[0m                   
{destinations[[35m5[0m].price}
  [90m     |[0m [31m[1m^^^^^^^^^^^^^^^^^^^^^^^^^^^^^^^^^^^^^^^^^[0m
[31m[1m>[0m [90m1963 |[0m                 </span>
  [90m     |[0m [31m[1m^^^^^^^^^^^^^^^^^^^^^^^[0m
[31m[1m>[0m [90m1964 |[0m               </div>
  [90m     |[0m [31m[1m^^^^^^^^^^^^^^^^^^^^[0m
[31m[1m>[0m [90m1965 |[0m             </motion.div>
  [90m     |[0m [31m[1m^^^^^^^^^^^^^^^^^^^^^^^^^[0m
[31m[1m>[0m [90m1966 |[0m           </div>
  [90m     |[0m [31m[1m^^^^^^^^^^^^^^^^[0m
[31m[1m>[0m [90m1967 |[0m         </div>
  [90m     |[0m [31m[1m^^^^^^^^^^^^^^[0m
[31m[1m>[0m [90m1968 |[0m       </section>
  [90m     |[0m [31m[1m^^^^^^^^^^^^^^^^[0m
[31m[1m>[0m [90m1969 |[0m
  [90m     |[0m [31m[1m^[0m
[31m[1m>[0m [90m1970 |[0m       {[90m/* How It Works */[0m}
  [90m     |[0m [31m[1m^^^^^^^^^^^^^^^^^^^^^^^^^^[0m
[31m[1m>[0m [90m1971 |[0m       <section id=[32m"how-it-works"[0m 
className=[32m"py-20 bg-[#F7F8FC] px-4"[0m>
  [90m     |[0m [31m[1m^^^^^^^^^^^^^^^^^^^^^^^^^^^^^^^^^^^^^^^^^^^^^^^^^^^^
^^^^^^^^^^^^^^^^^[0m
[31m[1m>[0m [90m1972 |[0m         <div className=[32m"max-w-7xl 
mx-auto"[0m>
  [90m     |[0m [31m[1m^^^^^^^^^^^^^^^^^^^^^^^^^^^^^^^^^^^^^^^^^^^[0m
[31m[1m>[0m [90m1973 |[0m           <motion.div
  [90m     |[0m [31m[1m^^^^^^^^^^^^^^^^^^^^^[0m
[31m[1m>[0m [90m1974 |[0m             className=[32m"text-center 
mb-16"[0m
  [90m     |[0m [31m[1m^^^^^^^^^^^^^^^^^^^^^^^^^^^^^^^^^^^^^^^^^[0m
[31m[1m>[0m [90m1975 |[0m             initial={{ opacity: [35m0[0m, y: 
[35m30[0m }}
  [90m     |[0m [31m[1m^^^^^^^^^^^^^^^^^^^^^^^^^^^^^^^^^^^^^^^^^^^[0m
[31m[1m>[0m [90m1976 |[0m             whileInView={{ opacity: [35m1[0m, 
y: [35m0[0m }}
  [90m     |[0m [31m[1m^^^^^^^^^^^^^^^^^^^^^^^^^^^^^^^^^^^^^^^^^^^^^^[0m
[31m[1m>[0m [90m1977 |[0m             viewport={{ once: [36mtrue[0m }}
  [90m     |[0m [31m[1m^^^^^^^^^^^^^^^^^^^^^^^^^^^^^^^^^^^^^[0m
[31m[1m>[0m [90m1978 |[0m           >
  [90m     |[0m [31m[1m^^^^^^^^^^^[0m
[31m[1m>[0m [90m1979 |[0m             <div className=[32m"text-[#FF6B35] 
text-sm font-medium tracking-wider uppercase ...[0m
  [90m     |[0m [31m[1m^^^^^^^^^^^^^^^^^^^^^^^^^^^^^^^^^^^^^^^^^^^^^^^^^^^^
^^^^^^^^^^^^^^^^^^^^^^^^^^^^^^^^^^^^^^^[0m
[31m[1m>[0m [90m1980 |[0m               [33mHOW[0m [33mIT[0m 
[33mWORKS[0m
  [90m     |[0m [31m[1m^^^^^^^^^^^^^^^^^^^^^^^^^^[0m
[31m[1m>[0m [90m1981 |[0m             </div>
  [90m     |[0m [31m[1m^^^^^^^^^^^^^^^^^^[0m
[31m[1m>[0m [90m1982 |[0m             <h2 className=[32m"text-4xl 
md:text-5xl font-bold text-gray-900 mb-6"[0m>
  [90m     |[0m [31m[1m^^^^^^^^^^^^^^^^^^^^^^^^^^^^^^^^^^^^^^^^^^^^^^^^^^^^
^^^^^^^^^^^^^^^^^^^^^^^^^^[0m
[31m[1m>[0m [90m1983 |[0m               [33mTravel[0m [33mSmarter[0m 
[36min[0m [33mThree[0m [33mSteps[0m
  [90m     |[0m [31m[1m^^^^^^^^^^^^^^^^^^^^^^^^^^^^^^^^^^^^^^^^^^^[0m
[31m[1m>[0m [90m1984 |[0m             </h2>
  [90m     |[0m [31m[1m^^^^^^^^^^^^^^^^^[0m
[31m[1m>[0m [90m1985 |[0m             <p className=[32m"text-lg 
text-gray-600"[0m>
  [90m     |[0m 
[31m[1m^^^^^^^^^^^^^^^^^^^^^^^^^^^^^^^^^^^^^^^^^^^^^^^^^[0m
[31m[1m>[0m [90m1986 |[0m               [33mFrom[0m idea to booked trip 
[36min[0m under [35m60[0m seconds
  [90m     |[0m 
[31m[1m^^^^^^^^^^^^^^^^^^^^^^^^^^^^^^^^^^^^^^^^^^^^^^^^^^^^^^^^^^[0m
[31m[1m>[0m [90m1987 |[0m             </p>
  [90m     |[0m [31m[1m^^^^^^^^^^^^^^^^[0m
[31m[1m>[0m [90m1988 |[0m           </motion.div>
  [90m     |[0m [31m[1m^^^^^^^^^^^^^^^^^^^^^^^[0m
[31m[1m>[0m [90m1989 |[0m
  [90m     |[0m [31m[1m^[0m
[31m[1m>[0m [90m1990 |[0m           {[90m/* Step 1 */[0m}
  [90m     |[0m [31m[1m^^^^^^^^^^^^^^^^^^^^^^^^[0m
[31m[1m>[0m [90m1991 |[0m           <div className=[32m"grid 
md:grid-cols-2 gap-12 items-center mb-20"[0m>
  [90m     |[0m [31m[1m^^^^^^^^^^^^^^^^^^^^^^^^^^^^^^^^^^^^^^^^^^^^^^^^^^^^
^^^^^^^^^^^^^^^^^^^^^[0m
[31m[1m>[0m [90m1992 |[0m             <motion.div
  [90m     |[0m [31m[1m^^^^^^^^^^^^^^^^^^^^^^^[0m
[31m[1m>[0m [90m1993 |[0m               initial={{ opacity: [35m0[0m, 
x: -[35m60[0m }}
  [90m     |[0m [31m[1m^^^^^^^^^^^^^^^^^^^^^^^^^^^^^^^^^^^^^^^^^^^^^^[0m
[31m[1m>[0m [90m1994 |[0m               whileInView={{ opacity: 
[35m1[0m, x: [35m0[0m }}
  [90m     |[0m [31m[1m^^^^^^^^^^^^^^^^^^^^^^^^^^^^^^^^^^^^^^^^^^^^^^^^[0m
[31m[1m>[0m [90m1995 |[0m               viewport={{ once: [36mtrue[0m }}
  [90m     |[0m [31m[1m^^^^^^^^^^^^^^^^^^^^^^^^^^^^^^^^^^^^^^^[0m
[31m[1m>[0m [90m1996 |[0m               transition={{ duration: 
[35m0.8[0m }}
  [90m     |[0m [31m[1m^^^^^^^^^^^^^^^^^^^^^^^^^^^^^^^^^^^^^^^^^^^^[0m
[31m[1m>[0m [90m1997 |[0m             >
  [90m     |[0m [31m[1m^^^^^^^^^^^^^[0m
[31m[1m>[0m [90m1998 |[0m               <div className=[32m"text-6xl 
font-bold text-[#FF6B35] text-opacity-20 mb-4"[0m>[35m01[0m...
  [90m     |[0m [31m[1m^^^^^^^^^^^^^^^^^^^^^^^^^^^^^^^^^^^^^^^^^^^^^^^^^^^^
^^^^^^^^^^^^^^^^^^^^^^^^^^^^^^^^^^^^^^^[0m
[31m[1m>[0m [90m1999 |[0m               <h3 className=[32m"text-3xl 
font-bold text-gray-900 mb-6"[0m>[33mTell[0m [33mUs[0m [33mYour[0m 
[33mDream[0m</h3>
  [90m     |[0m [31m[1m^^^^^^^^^^^^^^^^^^^^^^^^^^^^^^^^^^^^^^^^^^^^^^^^^^^^
^^^^^^^^^^^^^^^^^^^^^^^^^^^^^^^^^^^^^^^[0m
[31m[1m>[0m [90m2000 |[0m               <p className=[32m"text-lg 
text-gray-600 mb-6"[0m>
  [90m     |[0m 
[31m[1m^^^^^^^^^^^^^^^^^^^^^^^^^^^^^^^^^^^^^^^^^^^^^^^^^^^^^^^^[0m
[31m[1m>[0m [90m2001 |[0m                 [33mSimply[0m describe where 
you want to go, when, and how much you want to spe...
  [90m     |[0m [31m[1m^^^^^^^^^^^^^^^^^^^^^^^^^^^^^^^^^^^^^^^^^^^^^^^^^^^^
^^^^^^^^^^^^^^^^^^^^^^^^^^^^^^^^^^^^^^^[0m
[31m[1m>[0m [90m2002 |[0m               </p>
  [90m     |[0m [31m[1m^^^^^^^^^^^^^^^^^^[0m
[31m[1m>[0m [90m2003 |[0m               <div 
className=[32m"space-y-3"[0m>
  [90m     |[0m [31m[1m^^^^^^^^^^^^^^^^^^^^^^^^^^^^^^^^^^^^^^^^^[0m
[31m[1m>[0m [90m2004 |[0m                 <div className=[32m"flex 
items-center gap-3"[0m>
  [90m     |[0m 
[31m[1m^^^^^^^^^^^^^^^^^^^^^^^^^^^^^^^^^^^^^^^^^^^^^^^^^^^^^^^^^[0m
[31m[1m>[0m [90m2005 |[0m                   <[33mCheck[0m 
className=[32m"w-5 h-5 text-[#1A936F]"[0m />
  [90m     |[0m 
[31m[1m^^^^^^^^^^^^^^^^^^^^^^^^^^^^^^^^^^^^^^^^^^^^^^^^^^^^^^^^^^^^^^[0m
[31m[1m>[0m [90m2006 |[0m                   <span 
className=[32m"text-gray-700"[0m>[33mWorks[0m [36mwith[0m any 
destination worldwide</...
  [90m     |[0m [31m[1m^^^^^^^^^^^^^^^^^^^^^^^^^^^^^^^^^^^^^^^^^^^^^^^^^^^^
^^^^^^^^^^^^^^^^^^^^^^^^^^^^^^^^^^^^^^^[0m
[31m[1m>[0m [90m2007 |[0m                 </div>
  [90m     |[0m [31m[1m^^^^^^^^^^^^^^^^^^^^^^[0m
[31m[1m>[0m [90m2008 |[0m                 <div className=[32m"flex 
items-center gap-3"[0m>
  [90m     |[0m 
[31m[1m^^^^^^^^^^^^^^^^^^^^^^^^^^^^^^^^^^^^^^^^^^^^^^^^^^^^^^^^^[0m
[31m[1m>[0m [90m2009 |[0m                   <[33mCheck[0m 
className=[32m"w-5 h-5 text-[#1A936F]"[0m />
  [90m     |[0m 
[31m[1m^^^^^^^^^^^^^^^^^^^^^^^^^^^^^^^^^^^^^^^^^^^^^^^^^^^^^^^^^^^^^^[0m
[31m[1m>[0m [90m2010 |[0m                   <span 
className=[32m"text-gray-700"[0m>[33mUnderstands[0m any budget range</span>
  [90m     |[0m [31m[1m^^^^^^^^^^^^^^^^^^^^^^^^^^^^^^^^^^^^^^^^^^^^^^^^^^^^
^^^^^^^^^^^^^^^^^^^^^^^^^^^^^^^^^[0m
[31m[1m>[0m [90m2011 |[0m                 </div>
  [90m     |[0m [31m[1m^^^^^^^^^^^^^^^^^^^^^^[0m
[31m[1m>[0m [90m2012 |[0m                 <div className=[32m"flex 
items-center gap-3"[0m>
  [90m     |[0m 
[31m[1m^^^^^^^^^^^^^^^^^^^^^^^^^^^^^^^^^^^^^^^^^^^^^^^^^^^^^^^^^[0m
[31m[1m>[0m [90m2013 |[0m                   <[33mCheck[0m 
className=[32m"w-5 h-5 text-[#1A936F]"[0m />
  [90m     |[0m 
[31m[1m^^^^^^^^^^^^^^^^^^^^^^^^^^^^^^^^^^^^^^^^^^^^^^^^^^^^^^^^^^^^^^[0m
[31m[1m>[0m [90m2014 |[0m                   <span 
className=[32m"text-gray-700"[0m>[33mPlans[0m [36mfor[0m solo, couples 
or groups</span>
  [90m     |[0m [31m[1m^^^^^^^^^^^^^^^^^^^^^^^^^^^^^^^^^^^^^^^^^^^^^^^^^^^^
^^^^^^^^^^^^^^^^^^^^^^^^^^^^^^^^^^^^^^[0m
[31m[1m>[0m [90m2015 |[0m                 </div>
  [90m     |[0m [31m[1m^^^^^^^^^^^^^^^^^^^^^^[0m
[31m[1m>[0m [90m2016 |[0m               </div>
  [90m     |[0m [31m[1m^^^^^^^^^^^^^^^^^^^^[0m
[31m[1m>[0m [90m2017 |[0m             </motion.div>
  [90m     |[0m [31m[1m^^^^^^^^^^^^^^^^^^^^^^^^^[0m
[31m[1m>[0m [90m2018 |[0m
  [90m     |[0m [31m[1m^[0m
[31m[1m>[0m [90m2019 |[0m             <motion.div
  [90m     |[0m [31m[1m^^^^^^^^^^^^^^^^^^^^^^^[0m
[31m[1m>[0m [90m2020 |[0m               className=[32m"bg-white 
rounded-2xl shadow-xl p-6"[0m
  [90m     |[0m 
[31m[1m^^^^^^^^^^^^^^^^^^^^^^^^^^^^^^^^^^^^^^^^^^^^^^^^^^^^^^^^^^^^[0m
[31m[1m>[0m [90m2021 |[0m               initial={{ opacity: [35m0[0m, 
x: [35m60[0m }}
  [90m     |[0m [31m[1m^^^^^^^^^^^^^^^^^^^^^^^^^^^^^^^^^^^^^^^^^^^^^[0m
[31m[1m>[0m [90m2022 |[0m               whileInView={{ opacity: 
[35m1[0m, x: [35m0[0m }}
  [90m     |[0m [31m[1m^^^^^^^^^^^^^^^^^^^^^^^^^^^^^^^^^^^^^^^^^^^^^^^^[0m
[31m[1m>[0m [90m2023 |[0m               viewport={{ once: [36mtrue[0m }}
  [90m     |[0m [31m[1m^^^^^^^^^^^^^^^^^^^^^^^^^^^^^^^^^^^^^^^[0m
[31m[1m>[0m [90m2024 |[0m               transition={{ duration: 
[35m0.8[0m }}
  [90m     |[0m [31m[1m^^^^^^^^^^^^^^^^^^^^^^^^^^^^^^^^^^^^^^^^^^^^[0m
[31m[1m>[0m [90m2025 |[0m             >
  [90m     |[0m [31m[1m^^^^^^^^^^^^^[0m
[31m[1m>[0m [90m2026 |[0m               <div 
className=[32m"space-y-4"[0m>
  [90m     |[0m [31m[1m^^^^^^^^^^^^^^^^^^^^^^^^^^^^^^^^^^^^^^^^^[0m
[31m[1m>[0m [90m2027 |[0m                 <div 
className=[32m"bg-orange-50 rounded-lg p-4"[0m>
  [90m     |[0m 
[31m[1m^^^^^^^^^^^^^^^^^^^^^^^^^^^^^^^^^^^^^^^^^^^^^^^^^^^^^^^^^^^^^[0m
[31m[1m>[0m [90m2028 |[0m                   <p 
className=[32m"text-gray-800"[0m>[33mPlan[0m a [35m7[0m-day trip to 
[33mBali[0m [36mfor[0m [35m2[0m people, b...
  [90m     |[0m [31m[1m^^^^^^^^^^^^^^^^^^^^^^^^^^^^^^^^^^^^^^^^^^^^^^^^^^^^
^^^^^^^^^^^^^^^^^^^^^^^^^^^^^^^^^^^^^^^[0m
[31m[1m>[0m [90m2029 |[0m                 </div>
  [90m     |[0m [31m[1m^^^^^^^^^^^^^^^^^^^^^^[0m
[31m[1m>[0m [90m2030 |[0m                 <div className=[32m"bg-gray-50 
rounded-lg p-4"[0m>
  [90m     |[0m 
[31m[1m^^^^^^^^^^^^^^^^^^^^^^^^^^^^^^^^^^^^^^^^^^^^^^^^^^^^^^^^^^^[0m
[31m[1m>[0m [90m2031 |[0m                   <p 
className=[32m"text-gray-600"[0m>[33mPerfect[0m! [33mFinding[0m the best 
options [36mfor[0m [33mBal.[0m..
  [90m     |[0m [31m[1m^^^^^^^^^^^^^^^^^^^^^^^^^^^^^^^^^^^^^^^^^^^^^^^^^^^^
^^^^^^^^^^^^^^^^^^^^^^^^^^^^^^^^^^^^^^^[0m
[31m[1m>[0m [90m2032 |[0m                   <div className=[32m"flex 
gap-1 mt-2"[0m>
  [90m     |[0m 
[31m[1m^^^^^^^^^^^^^^^^^^^^^^^^^^^^^^^^^^^^^^^^^^^^^^^^^^^[0m
[31m[1m>[0m [90m2033 |[0m                     <div className=[32m"w-2 
h-2 bg-gray-400 rounded-full animate-bounce"[0m></div>
  [90m     |[0m [31m[1m^^^^^^^^^^^^^^^^^^^^^^^^^^^^^^^^^^^^^^^^^^^^^^^^^^^^
^^^^^^^^^^^^^^^^^^^^^^^^^^^^^^^^^^^^^^^[0m
[31m[1m>[0m [90m2034 |[0m                     <div className=[32m"w-2 
h-2 bg-gray-400 rounded-full animate-bounce"[0m sty...
  [90m     |[0m [31m[1m^^^^^^^^^^^^^^^^^^^^^^^^^^^^^^^^^^^^^^^^^^^^^^^^^^^^
^^^^^^^^^^^^^^^^^^^^^^^^^^^^^^^^^^^^^^^[0m
[31m[1m>[0m [90m2035 |[0m                     <div className=[32m"w-2 
h-2 bg-gray-400 rounded-full animate-bounce"[0m sty...
  [90m     |[0m [31m[1m^^^^^^^^^^^^^^^^^^^^^^^^^^^^^^^^^^^^^^^^^^^^^^^^^^^^
^^^^^^^^^^^^^^^^^^^^^^^^^^^^^^^^^^^^^^^[0m
[31m[1m>[0m [90m2036 |[0m                   </div>
  [90m     |[0m [31m[1m^^^^^^^^^^^^^^^^^^^^^^^^[0m
[31m[1m>[0m [90m2037 |[0m                 </div>
  [90m     |[0m [31m[1m^^^^^^^^^^^^^^^^^^^^^^[0m
[31m[1m>[0m [90m2038 |[0m               </div>
  [90m     |[0m [31m[1m^^^^^^^^^^^^^^^^^^^^[0m
[31m[1m>[0m [90m2039 |[0m             </motion.div>
  [90m     |[0m [31m[1m^^^^^^^^^^^^^^^^^^^^^^^^^[0m
[31m[1m>[0m [90m2040 |[0m           </div>
  [90m     |[0m [31m[1m^^^^^^^^^^^^^^^^[0m
[31m[1m>[0m [90m2041 |[0m
  [90m     |[0m [31m[1m^[0m
[31m[1m>[0m [90m2042 |[0m           {[90m/* Step 2 */[0m}
  [90m     |[0m [31m[1m^^^^^^^^^^^^^^^^^^^^^^^^[0m
[31m[1m>[0m [90m2043 |[0m           <div className=[32m"grid 
md:grid-cols-2 gap-12 items-center mb-20"[0m>
  [90m     |[0m [31m[1m^^^^^^^^^^^^^^^^^^^^^^^^^^^^^^^^^^^^^^^^^^^^^^^^^^^^
^^^^^^^^^^^^^^^^^^^^^[0m
[31m[1m>[0m [90m2044 |[0m             <motion.div
  [90m     |[0m [31m[1m^^^^^^^^^^^^^^^^^^^^^^^[0m
[31m[1m>[0m [90m2045 |[0m               className=[32m"bg-white 
rounded-2xl shadow-xl p-6 space-y-4"[0m
  [90m     |[0m [31m[1m^^^^^^^^^^^^^^^^^^^^^^^^^^^^^^^^^^^^^^^^^^^^^^^^^^^^
^^^^^^^^^^^^^^^^^^[0m
[31m[1m>[0m [90m2046 |[0m               initial={{ opacity: [35m0[0m, 
x: -[35m60[0m }}
  [90m     |[0m [31m[1m^^^^^^^^^^^^^^^^^^^^^^^^^^^^^^^^^^^^^^^^^^^^^^[0m
[31m[1m>[0m [90m2047 |[0m               whileInView={{ opacity: 
[35m1[0m, x: [35m0[0m }}
  [90m     |[0m [31m[1m^^^^^^^^^^^^^^^^^^^^^^^^^^^^^^^^^^^^^^^^^^^^^^^^[0m
[31m[1m>[0m [90m2048 |[0m               viewport={{ once: [36mtrue[0m }}
  [90m     |[0m [31m[1m^^^^^^^^^^^^^^^^^^^^^^^^^^^^^^^^^^^^^^^[0m
[31m[1m>[0m [90m2049 |[0m               transition={{ duration: 
[35m0.8[0m }}
  [90m     |[0m [31m[1m^^^^^^^^^^^^^^^^^^^^^^^^^^^^^^^^^^^^^^^^^^^^[0m
[31m[1m>[0m [90m2050 |[0m             >
  [90m     |[0m [31m[1m^^^^^^^^^^^^^[0m
[31m[1m>[0m [90m2051 |[0m               <div className=[32m"flex 
items-center gap-4 p-4 bg-blue-50 rounded-lg"[0m>
  [90m     |[0m [31m[1m^^^^^^^^^^^^^^^^^^^^^^^^^^^^^^^^^^^^^^^^^^^^^^^^^^^^
^^^^^^^^^^^^^^^^^^^^^^^^^^^^^[0m
[31m[1m>[0m [90m2052 |[0m                 <div className=[32m"w-12 h-12 
bg-blue-100 rounded-lg flex items-center justi...[0m
  [90m     |[0m [31m[1m^^^^^^^^^^^^^^^^^^^^^^^^^^^^^^^^^^^^^^^^^^^^^^^^^^^^
^^^^^^^^^^^^^^^^^^^^^^^^^^^^^^^^^^^^^^^[0m
[31m[1m>[0m [90m2053 |[0m                   <span 
className=[32m"text-blue-600 font-bold"[0m>Γ£ê∩╕Å</span>
  [90m     |[0m [31m[1m^^^^^^^^^^^^^^^^^^^^^^^^^^^^^^^^^^^^^^^^^^^^^^^^^^^^
^^^^^^^^^^^^^^^^[0m
[31m[1m>[0m [90m2054 |[0m                 </div>
  [90m     |[0m [31m[1m^^^^^^^^^^^^^^^^^^^^^^[0m
[31m[1m>[0m [90m2055 |[0m                 <div>
  [90m     |[0m [31m[1m^^^^^^^^^^^^^^^^^^^^^[0m
[31m[1m>[0m [90m2056 |[0m                   <p 
className=[32m"font-medium text-gray-900"[0m>[33mFlight[0m: [33mDelhi[0m 
ΓåÆ [33mParis[0m</p>
  [90m     |[0m [31m[1m^^^^^^^^^^^^^^^^^^^^^^^^^^^^^^^^^^^^^^^^^^^^^^^^^^^^
^^^^^^^^^^^^^^^^^^^^^^^^^^^^^^^^[0m
[31m[1m>[0m [90m2057 |[0m                   <p className=[32m"text-sm 
text-gray-600"[0m>$450 ΓÇó [35m8[0mh [35m30[0mm</p>
  [90m     |[0m [31m[1m^^^^^^^^^^^^^^^^^^^^^^^^^^^^^^^^^^^^^^^^^^^^^^^^^^^^
^^^^^^^^^^^^^^^^^^^^[0m
[31m[1m>[0m [90m2058 |[0m                 </div>
  [90m     |[0m [31m[1m^^^^^^^^^^^^^^^^^^^^^^[0m
[31m[1m>[0m [90m2059 |[0m                 <span 
className=[32m"bg-green-100 text-green-800 px-2 py-1 rounded text-xs f...[0m
  [90m     |[0m [31m[1m^^^^^^^^^^^^^^^^^^^^^^^^^^^^^^^^^^^^^^^^^^^^^^^^^^^^
^^^^^^^^^^^^^^^^^^^^^^^^^^^^^^^^^^^^^^^[0m
[31m[1m>[0m [90m2060 |[0m               </div>
  [90m     |[0m [31m[1m^^^^^^^^^^^^^^^^^^^^[0m
[31m[1m>[0m [90m2061 |[0m               <div className=[32m"flex 
items-center gap-4 p-4 bg-green-50 rounded-lg"[0m>
  [90m     |[0m [31m[1m^^^^^^^^^^^^^^^^^^^^^^^^^^^^^^^^^^^^^^^^^^^^^^^^^^^^
^^^^^^^^^^^^^^^^^^^^^^^^^^^^^^[0m
[31m[1m>[0m [90m2062 |[0m                 <div className=[32m"w-12 h-12 
bg-green-100 rounded-lg flex items-center just...[0m
  [90m     |[0m [31m[1m^^^^^^^^^^^^^^^^^^^^^^^^^^^^^^^^^^^^^^^^^^^^^^^^^^^^
^^^^^^^^^^^^^^^^^^^^^^^^^^^^^^^^^^^^^^^[0m
[31m[1m>[0m [90m2063 |[0m                   <span 
className=[32m"text-green-600 font-bold"[0m>≡ƒÜé</span>
  [90m     |[0m [31m[1m^^^^^^^^^^^^^^^^^^^^^^^^^^^^^^^^^^^^^^^^^^^^^^^^^^^^
^^^^^^^^^^^^^^^^^^[0m
[31m[1m>[0m [90m2064 |[0m                 </div>
  [90m     |[0m [31m[1m^^^^^^^^^^^^^^^^^^^^^^[0m
[31m[1m>[0m [90m2065 |[0m                 <div>
  [90m     |[0m [31m[1m^^^^^^^^^^^^^^^^^^^^^[0m
[31m[1m>[0m [90m2066 |[0m                   <p 
className=[32m"font-medium text-gray-900"[0m>[33mTrain[0m: [33mParis[0m 
ΓåÆ [33mNice[0m</p>
  [90m     |[0m [31m[1m^^^^^^^^^^^^^^^^^^^^^^^^^^^^^^^^^^^^^^^^^^^^^^^^^^^^
^^^^^^^^^^^^^^^^^^^^^^^^^^^^^^[0m
[31m[1m>[0m [90m2067 |[0m                   <p className=[32m"text-sm 
text-gray-600"[0m>$85 ΓÇó [35m6[0mh [35m45[0mm</p>
  [90m     |[0m [31m[1m^^^^^^^^^^^^^^^^^^^^^^^^^^^^^^^^^^^^^^^^^^^^^^^^^^^^
^^^^^^^^^^^^^^^^^^^[0m
[31m[1m>[0m [90m2068 |[0m                 </div>
  [90m     |[0m [31m[1m^^^^^^^^^^^^^^^^^^^^^^[0m
[31m[1m>[0m [90m2069 |[0m               </div>
  [90m     |[0m [31m[1m^^^^^^^^^^^^^^^^^^^^[0m
[31m[1m>[0m [90m2070 |[0m               <div className=[32m"flex 
items-center gap-4 p-4 bg-purple-50 rounded-lg"[0m>
  [90m     |[0m [31m[1m^^^^^^^^^^^^^^^^^^^^^^^^^^^^^^^^^^^^^^^^^^^^^^^^^^^^
^^^^^^^^^^^^^^^^^^^^^^^^^^^^^^^[0m
[31m[1m>[0m [90m2071 |[0m                 <div className=[32m"w-12 h-12 
bg-purple-100 rounded-lg flex items-center jus...[0m
  [90m     |[0m [31m[1m^^^^^^^^^^^^^^^^^^^^^^^^^^^^^^^^^^^^^^^^^^^^^^^^^^^^
^^^^^^^^^^^^^^^^^^^^^^^^^^^^^^^^^^^^^^^[0m
[31m[1m>[0m [90m2072 |[0m                   <span 
className=[32m"text-purple-600 font-bold"[0m>≡ƒÜó</span>
  [90m     |[0m [31m[1m^^^^^^^^^^^^^^^^^^^^^^^^^^^^^^^^^^^^^^^^^^^^^^^^^^^^
^^^^^^^^^^^^^^^^^^^[0m
[31m[1m>[0m [90m2073 |[0m                 </div>
  [90m     |[0m [31m[1m^^^^^^^^^^^^^^^^^^^^^^[0m
[31m[1m>[0m [90m2074 |[0m                 <div>
  [90m     |[0m [31m[1m^^^^^^^^^^^^^^^^^^^^^[0m
[31m[1m>[0m [90m2075 |[0m                   <p 
className=[32m"font-medium text-gray-900"[0m>[33mCruise[0m: [33mNice[0m 
ΓåÆ [33mRome[0m</p>
  [90m     |[0m [31m[1m^^^^^^^^^^^^^^^^^^^^^^^^^^^^^^^^^^^^^^^^^^^^^^^^^^^^
^^^^^^^^^^^^^^^^^^^^^^^^^^^^^^[0m
[31m[1m>[0m [90m2076 |[0m                   <p className=[32m"text-sm 
text-gray-600"[0m>$120 ΓÇó [35m2[0m nights</p>
  [90m     |[0m [31m[1m^^^^^^^^^^^^^^^^^^^^^^^^^^^^^^^^^^^^^^^^^^^^^^^^^^^^
^^^^^^^^^^^^^^^^^^^^^^[0m
[31m[1m>[0m [90m2077 |[0m                 </div>
  [90m     |[0m [31m[1m^^^^^^^^^^^^^^^^^^^^^^[0m
[31m[1m>[0m [90m2078 |[0m               </div>
  [90m     |[0m [31m[1m^^^^^^^^^^^^^^^^^^^^[0m
[31m[1m>[0m [90m2079 |[0m             </motion.div>
  [90m     |[0m [31m[1m^^^^^^^^^^^^^^^^^^^^^^^^^[0m
[31m[1m>[0m [90m2080 |[0m
  [90m     |[0m [31m[1m^[0m
[31m[1m>[0m [90m2081 |[0m             <motion.div
  [90m     |[0m [31m[1m^^^^^^^^^^^^^^^^^^^^^^^[0m
[31m[1m>[0m [90m2082 |[0m               initial={{ opacity: [35m0[0m, 
x: [35m60[0m }}
  [90m     |[0m [31m[1m^^^^^^^^^^^^^^^^^^^^^^^^^^^^^^^^^^^^^^^^^^^^^[0m
[31m[1m>[0m [90m2083 |[0m               whileInView={{ opacity: 
[35m1[0m, x: [35m0[0m }}
  [90m     |[0m [31m[1m^^^^^^^^^^^^^^^^^^^^^^^^^^^^^^^^^^^^^^^^^^^^^^^^[0m
[31m[1m>[0m [90m2084 |[0m               viewport={{ once: [36mtrue[0m }}
  [90m     |[0m [31m[1m^^^^^^^^^^^^^^^^^^^^^^^^^^^^^^^^^^^^^^^[0m
[31m[1m>[0m [90m2085 |[0m               transition={{ duration: 
[35m0.8[0m }}
  [90m     |[0m [31m[1m^^^^^^^^^^^^^^^^^^^^^^^^^^^^^^^^^^^^^^^^^^^^[0m
[31m[1m>[0m [90m2086 |[0m             >
  [90m     |[0m [31m[1m^^^^^^^^^^^^^[0m
[31m[1m>[0m [90m2087 |[0m               <div className=[32m"text-6xl 
font-bold text-[#004E89] text-opacity-20 mb-4"[0m>[35m02[0m...
  [90m     |[0m [31m[1m^^^^^^^^^^^^^^^^^^^^^^^^^^^^^^^^^^^^^^^^^^^^^^^^^^^^
^^^^^^^^^^^^^^^^^^^^^^^^^^^^^^^^^^^^^^^[0m
[31m[1m>[0m [90m2088 |[0m               <h3 className=[32m"text-3xl 
font-bold text-gray-900 mb-6"[0m>[33mAI[0m [33mFinds[0m [33mThe[0m 
[33mBest[0m [33mDe...[0m
  [90m     |[0m [31m[1m^^^^^^^^^^^^^^^^^^^^^^^^^^^^^^^^^^^^^^^^^^^^^^^^^^^^
^^^^^^^^^^^^^^^^^^^^^^^^^^^^^^^^^^^^^^^[0m
[31m[1m>[0m [90m2089 |[0m               <p className=[32m"text-lg 
text-gray-600 mb-6"[0m>
  [90m     |[0m 
[31m[1m^^^^^^^^^^^^^^^^^^^^^^^^^^^^^^^^^^^^^^^^^^^^^^^^^^^^^^^^[0m
[31m[1m>[0m [90m2090 |[0m                 [33mOur[0m [33mAI[0m 
simultaneously searches [35m500[0m+ providers [36mfor[0m flights, trains 
and cr...
  [90m     |[0m [31m[1m^^^^^^^^^^^^^^^^^^^^^^^^^^^^^^^^^^^^^^^^^^^^^^^^^^^^
^^^^^^^^^^^^^^^^^^^^^^^^^^^^^^^^^^^^^^^[0m
[31m[1m>[0m [90m2091 |[0m               </p>
  [90m     |[0m [31m[1m^^^^^^^^^^^^^^^^^^[0m
[31m[1m>[0m [90m2092 |[0m               <div 
className=[32m"space-y-3"[0m>
  [90m     |[0m [31m[1m^^^^^^^^^^^^^^^^^^^^^^^^^^^^^^^^^^^^^^^^^[0m
[31m[1m>[0m [90m2093 |[0m                 <div className=[32m"flex 
items-center gap-3"[0m>
  [90m     |[0m 
[31m[1m^^^^^^^^^^^^^^^^^^^^^^^^^^^^^^^^^^^^^^^^^^^^^^^^^^^^^^^^^[0m
[31m[1m>[0m [90m2094 |[0m                   <[33mCheck[0m 
className=[32m"w-5 h-5 text-[#1A936F]"[0m />
  [90m     |[0m 
[31m[1m^^^^^^^^^^^^^^^^^^^^^^^^^^^^^^^^^^^^^^^^^^^^^^^^^^^^^^^^^^^^^^[0m
[31m[1m>[0m [90m2095 |[0m                   <span 
className=[32m"text-gray-700"[0m>[33mSearches[0m [35m500[0m+ travel 
providers</span>
  [90m     |[0m [31m[1m^^^^^^^^^^^^^^^^^^^^^^^^^^^^^^^^^^^^^^^^^^^^^^^^^^^^
^^^^^^^^^^^^^^^^^^^^^^^^^^^^^^^^^^^[0m
[31m[1m>[0m [90m2096 |[0m                 </div>
  [90m     |[0m [31m[1m^^^^^^^^^^^^^^^^^^^^^^[0m
[31m[1m>[0m [90m2097 |[0m                 <div className=[32m"flex 
items-center gap-3"[0m>
  [90m     |[0m 
[31m[1m^^^^^^^^^^^^^^^^^^^^^^^^^^^^^^^^^^^^^^^^^^^^^^^^^^^^^^^^^[0m
[31m[1m>[0m [90m2098 |[0m                   <[33mCheck[0m 
className=[32m"w-5 h-5 text-[#1A936F]"[0m />
  [90m     |[0m 
[31m[1m^^^^^^^^^^^^^^^^^^^^^^^^^^^^^^^^^^^^^^^^^^^^^^^^^^^^^^^^^^^^^^[0m
[31m[1m>[0m [90m2099 |[0m                   <span 
className=[32m"text-gray-700"[0m>[33mPrice[0m prediction to book at right 
time...
  [90m     |[0m [31m[1m^^^^^^^^^^^^^^^^^^^^^^^^^^^^^^^^^^^^^^^^^^^^^^^^^^^^
^^^^^^^^^^^^^^^^^^^^^^^^^^^^^^^^^^^^^^^[0m
[31m[1m>[0m [90m2100 |[0m                 </div>
  [90m     |[0m [31m[1m^^^^^^^^^^^^^^^^^^^^^^[0m
[31m[1m>[0m [90m2101 |[0m                 <div className=[32m"flex 
items-center gap-3"[0m>
  [90m     |[0m 
[31m[1m^^^^^^^^^^^^^^^^^^^^^^^^^^^^^^^^^^^^^^^^^^^^^^^^^^^^^^^^^[0m
[31m[1m>[0m [90m2102 |[0m                   <[33mCheck[0m 
className=[32m"w-5 h-5 text-[#1A936F]"[0m />
  [90m     |[0m 
[31m[1m^^^^^^^^^^^^^^^^^^^^^^^^^^^^^^^^^^^^^^^^^^^^^^^^^^^^^^^^^^^^^^[0m
[31m[1m>[0m [90m2103 |[0m                   <span 
className=[32m"text-gray-700"[0m>[33mShows[0m total trip cost 
instantly</span>
  [90m     |[0m [31m[1m^^^^^^^^^^^^^^^^^^^^^^^^^^^^^^^^^^^^^^^^^^^^^^^^^^^^
^^^^^^^^^^^^^^^^^^^^^^^^^^^^^^^^^^^^[0m
[31m[1m>[0m [90m2104 |[0m                 </div>
  [90m     |[0m [31m[1m^^^^^^^^^^^^^^^^^^^^^^[0m
[31m[1m>[0m [90m2105 |[0m               </div>
  [90m     |[0m [31m[1m^^^^^^^^^^^^^^^^^^^^[0m
[31m[1m>[0m [90m2106 |[0m             </motion.div>
  [90m     |[0m [31m[1m^^^^^^^^^^^^^^^^^^^^^^^^^[0m
[31m[1m>[0m [90m2107 |[0m           </div>
  [90m     |[0m [31m[1m^^^^^^^^^^^^^^^^[0m
[31m[1m>[0m [90m2108 |[0m
  [90m     |[0m [31m[1m^[0m
[31m[1m>[0m [90m2109 |[0m           {[90m/* Step 3 */[0m}
  [90m     |[0m [31m[1m^^^^^^^^^^^^^^^^^^^^^^^^[0m
[31m[1m>[0m [90m2110 |[0m           <div className=[32m"grid 
md:grid-cols-2 gap-12 items-center"[0m>
  [90m     |[0m [31m[1m^^^^^^^^^^^^^^^^^^^^^^^^^^^^^^^^^^^^^^^^^^^^^^^^^^^^
^^^^^^^^^^^^^^^[0m
[31m[1m>[0m [90m2111 |[0m             <motion.div
  [90m     |[0m [31m[1m^^^^^^^^^^^^^^^^^^^^^^^[0m
[31m[1m>[0m [90m2112 |[0m               initial={{ opacity: [35m0[0m, 
x: -[35m60[0m }}
  [90m     |[0m [31m[1m^^^^^^^^^^^^^^^^^^^^^^^^^^^^^^^^^^^^^^^^^^^^^^[0m
[31m[1m>[0m [90m2113 |[0m               whileInView={{ opacity: 
[35m1[0m, x: [35m0[0m }}
  [90m     |[0m [31m[1m^^^^^^^^^^^^^^^^^^^^^^^^^^^^^^^^^^^^^^^^^^^^^^^^[0m
[31m[1m>[0m [90m2114 |[0m               viewport={{ once: [36mtrue[0m }}
  [90m     |[0m [31m[1m^^^^^^^^^^^^^^^^^^^^^^^^^^^^^^^^^^^^^^^[0m
[31m[1m>[0m [90m2115 |[0m               transition={{ duration: 
[35m0.8[0m }}
  [90m     |[0m [31m[1m^^^^^^^^^^^^^^^^^^^^^^^^^^^^^^^^^^^^^^^^^^^^[0m
[31m[1m>[0m [90m2116 |[0m             >
  [90m     |[0m [31m[1m^^^^^^^^^^^^^[0m
[31m[1m>[0m [90m2117 |[0m               <div className=[32m"text-6xl 
font-bold text-[#1A936F] text-opacity-20 mb-4"[0m>[35m03[0m...
  [90m     |[0m [31m[1m^^^^^^^^^^^^^^^^^^^^^^^^^^^^^^^^^^^^^^^^^^^^^^^^^^^^
^^^^^^^^^^^^^^^^^^^^^^^^^^^^^^^^^^^^^^^[0m
[31m[1m>[0m [90m2118 |[0m               <h3 className=[32m"text-3xl 
font-bold text-gray-900 mb-6"[0m>[33mBook[0m & [33mMeet[0m [33mYour[0m 
[33mCre.[0m..
  [90m     |[0m [31m[1m^^^^^^^^^^^^^^^^^^^^^^^^^^^^^^^^^^^^^^^^^^^^^^^^^^^^
^^^^^^^^^^^^^^^^^^^^^^^^^^^^^^^^^^^^^^^[0m
[31m[1m>[0m [90m2119 |[0m               <p className=[32m"text-lg 
text-gray-600 mb-6"[0m>
  [90m     |[0m 
[31m[1m^^^^^^^^^^^^^^^^^^^^^^^^^^^^^^^^^^^^^^^^^^^^^^^^^^^^^^^^[0m
[31m[1m>[0m [90m2120 |[0m                 [33mBook[0m everything 
[36mwith[0m one click. [33mThen[0m our matching system connects you 
[36mwi..[0m.
  [90m     |[0m [31m[1m^^^^^^^^^^^^^^^^^^^^^^^^^^^^^^^^^^^^^^^^^^^^^^^^^^^^
^^^^^^^^^^^^^^^^^^^^^^^^^^^^^^^^^^^^^^^[0m
[31m[1m>[0m [90m2121 |[0m               </p>
  [90m     |[0m [31m[1m^^^^^^^^^^^^^^^^^^[0m
[31m[1m>[0m [90m2122 |[0m               <div 
className=[32m"space-y-3"[0m>
  [90m     |[0m [31m[1m^^^^^^^^^^^^^^^^^^^^^^^^^^^^^^^^^^^^^^^^^[0m
[31m[1m>[0m [90m2123 |[0m                 <div className=[32m"flex 
items-center gap-3"[0m>
  [90m     |[0m 
[31m[1m^^^^^^^^^^^^^^^^^^^^^^^^^^^^^^^^^^^^^^^^^^^^^^^^^^^^^^^^^[0m
[31m[1m>[0m [90m2124 |[0m                   <[33mCheck[0m 
className=[32m"w-5 h-5 text-[#1A936F]"[0m />
  [90m     |[0m 
[31m[1m^^^^^^^^^^^^^^^^^^^^^^^^^^^^^^^^^^^^^^^^^^^^^^^^^^^^^^^^^^^^^^[0m
[31m[1m>[0m [90m2125 |[0m                   <span 
className=[32m"text-gray-700"[0m>[33mSingle[0m-tap booking [36mfor[0m 
everything</span>
  [90m     |[0m [31m[1m^^^^^^^^^^^^^^^^^^^^^^^^^^^^^^^^^^^^^^^^^^^^^^^^^^^^
^^^^^^^^^^^^^^^^^^^^^^^^^^^^^^^^^^^^^^[0m
[31m[1m>[0m [90m2126 |[0m                 </div>
  [90m     |[0m [31m[1m^^^^^^^^^^^^^^^^^^^^^^[0m
[31m[1m>[0m [90m2127 |[0m                 <div className=[32m"flex 
items-center gap-3"[0m>
  [90m     |[0m 
[31m[1m^^^^^^^^^^^^^^^^^^^^^^^^^^^^^^^^^^^^^^^^^^^^^^^^^^^^^^^^^[0m
[31m[1m>[0m [90m2128 |[0m                   <[33mCheck[0m 
className=[32m"w-5 h-5 text-[#1A936F]"[0m />
  [90m     |[0m 
[31m[1m^^^^^^^^^^^^^^^^^^^^^^^^^^^^^^^^^^^^^^^^^^^^^^^^^^^^^^^^^^^^^^[0m
[31m[1m>[0m [90m2129 |[0m                   <span 
className=[32m"text-gray-700"[0m>[33mAI[0m vibe matching algorithm</span>
  [90m     |[0m [31m[1m^^^^^^^^^^^^^^^^^^^^^^^^^^^^^^^^^^^^^^^^^^^^^^^^^^^^
^^^^^^^^^^^^^^^^^^^^^^^^^^^^^^^[0m
[31m[1m>[0m [90m2130 |[0m                 </div>
  [90m     |[0m [31m[1m^^^^^^^^^^^^^^^^^^^^^^[0m
[31m[1m>[0m [90m2131 |[0m                 <div className=[32m"flex 
items-center gap-3"[0m>
  [90m     |[0m 
[31m[1m^^^^^^^^^^^^^^^^^^^^^^^^^^^^^^^^^^^^^^^^^^^^^^^^^^^^^^^^^[0m
[31m[1m>[0m [90m2132 |[0m                   <[33mCheck[0m 
className=[32m"w-5 h-5 text-[#1A936F]"[0m />
  [90m     |[0m 
[31m[1m^^^^^^^^^^^^^^^^^^^^^^^^^^^^^^^^^^^^^^^^^^^^^^^^^^^^^^^^^^^^^^[0m
[31m[1m>[0m [90m2133 |[0m                   <span 
className=[32m"text-gray-700"[0m>[33mSave[0m up to [35m35[0m% traveling 
together</span>
  [90m     |[0m [31m[1m^^^^^^^^^^^^^^^^^^^^^^^^^^^^^^^^^^^^^^^^^^^^^^^^^^^^
^^^^^^^^^^^^^^^^^^^^^^^^^^^^^^^^^^^^^^[0m
[31m[1m>[0m [90m2134 |[0m                 </div>
  [90m     |[0m [31m[1m^^^^^^^^^^^^^^^^^^^^^^[0m
[31m[1m>[0m [90m2135 |[0m               </div>
  [90m     |[0m [31m[1m^^^^^^^^^^^^^^^^^^^^[0m
[31m[1m>[0m [90m2136 |[0m             </motion.div>
  [90m     |[0m [31m[1m^^^^^^^^^^^^^^^^^^^^^^^^^[0m
[31m[1m>[0m [90m2137 |[0m
  [90m     |[0m [31m[1m^[0m
[31m[1m>[0m [90m2138 |[0m             <motion.div
  [90m     |[0m [31m[1m^^^^^^^^^^^^^^^^^^^^^^^[0m
[31m[1m>[0m [90m2139 |[0m               className=[32m"relative"[0m
  [90m     |[0m [31m[1m^^^^^^^^^^^^^^^^^^^^^^^^^^^^^^^^^^[0m
[31m[1m>[0m [90m2140 |[0m               initial={{ opacity: [35m0[0m, 
x: [35m60[0m }}
  [90m     |[0m [31m[1m^^^^^^^^^^^^^^^^^^^^^^^^^^^^^^^^^^^^^^^^^^^^^[0m
[31m[1m>[0m [90m2141 |[0m               whileInView={{ opacity: 
[35m1[0m, x: [35m0[0m }}
  [90m     |[0m [31m[1m^^^^^^^^^^^^^^^^^^^^^^^^^^^^^^^^^^^^^^^^^^^^^^^^[0m
[31m[1m>[0m [90m2142 |[0m               viewport={{ once: [36mtrue[0m }}
  [90m     |[0m [31m[1m^^^^^^^^^^^^^^^^^^^^^^^^^^^^^^^^^^^^^^^[0m
[31m[1m>[0m [90m2143 |[0m               transition={{ duration: 
[35m0.8[0m }}
  [90m     |[0m [31m[1m^^^^^^^^^^^^^^^^^^^^^^^^^^^^^^^^^^^^^^^^^^^^[0m
[31m[1m>[0m [90m2144 |[0m             >
  [90m     |[0m [31m[1m^^^^^^^^^^^^^[0m
[31m[1m>[0m [90m2145 |[0m               <div className=[32m"bg-white 
rounded-2xl shadow-lg p-6 transform rotate-1"[0m>
  [90m     |[0m [31m[1m^^^^^^^^^^^^^^^^^^^^^^^^^^^^^^^^^^^^^^^^^^^^^^^^^^^^
^^^^^^^^^^^^^^^^^^^^^^^^^^^^^^^^^[0m
[31m[1m>[0m [90m2146 |[0m                 <div className=[32m"flex 
items-center gap-3 mb-4"[0m>
  [90m     |[0m 
[31m[1m^^^^^^^^^^^^^^^^^^^^^^^^^^^^^^^^^^^^^^^^^^^^^^^^^^^^^^^^^^^^^^[0m
[31m[1m>[0m [90m2147 |[0m                   <div className=[32m"w-12 
h-12 bg-gradient-to-br from-orange-400 to-pink-50...[0m
  [90m     |[0m [31m[1m^^^^^^^^^^^^^^^^^^^^^^^^^^^^^^^^^^^^^^^^^^^^^^^^^^^^
^^^^^^^^^^^^^^^^^^^^^^^^^^^^^^^^^^^^^^^[0m
[31m[1m>[0m [90m2148 |[0m                     [33mAM[0m
  [90m     |[0m [31m[1m^^^^^^^^^^^^^^^^^^^^^^[0m
[31m[1m>[0m [90m2149 |[0m                   </div>
  [90m     |[0m [31m[1m^^^^^^^^^^^^^^^^^^^^^^^^[0m
[31m[1m>[0m [90m2150 |[0m                   <div>
  [90m     |[0m [31m[1m^^^^^^^^^^^^^^^^^^^^^^^[0m
[31m[1m>[0m [90m2151 |[0m                     <p 
className=[32m"font-medium text-gray-900"[0m>[33mAlex[0m [33mM[0m.</p>
  [90m     |[0m [31m[1m^^^^^^^^^^^^^^^^^^^^^^^^^^^^^^^^^^^^^^^^^^^^^^^^^^^^
^^^^^^^^^^^^^^^^^^^^[0m
[31m[1m>[0m [90m2152 |[0m                     <p className=[32m"text-sm 
text-gray-500"[0m>[33mFrom[0m [33mNew[0m [33mYork[0m</p>
  [90m     |[0m [31m[1m^^^^^^^^^^^^^^^^^^^^^^^^^^^^^^^^^^^^^^^^^^^^^^^^^^^^
^^^^^^^^^^^^^^^^^^^^^^[0m
[31m[1m>[0m [90m2153 |[0m                   </div>
  [90m     |[0m [31m[1m^^^^^^^^^^^^^^^^^^^^^^^^[0m
[31m[1m>[0m [90m2154 |[0m                 </div>
  [90m     |[0m [31m[1m^^^^^^^^^^^^^^^^^^^^^^[0m
[31m[1m>[0m [90m2155 |[0m                 <div className=[32m"space-y-2 
mb-4"[0m>
  [90m     |[0m [31m[1m^^^^^^^^^^^^^^^^^^^^^^^^^^^^^^^^^^^^^^^^^^^^^^^^[0m
[31m[1m>[0m [90m2156 |[0m                   <p className=[32m"text-sm 
text-gray-600"[0m>[33mHeading[0m to: [33mBali[0m, [33mIndonesia[0m</p>
  [90m     |[0m [31m[1m^^^^^^^^^^^^^^^^^^^^^^^^^^^^^^^^^^^^^^^^^^^^^^^^^^^^
^^^^^^^^^^^^^^^^^^^^^^^^^^^^^^^^^^[0m
[31m[1m>[0m [90m2157 |[0m                   <p className=[32m"text-sm 
text-gray-600"[0m>[33mDates[0m: [33mJun[0m [35m15[0m - [33mJun[0m 
[35m22[0m</p>
  [90m     |[0m [31m[1m^^^^^^^^^^^^^^^^^^^^^^^^^^^^^^^^^^^^^^^^^^^^^^^^^^^^
^^^^^^^^^^^^^^^^^^^^^^^^^^^^^[0m
[31m[1m>[0m [90m2158 |[0m                   <p className=[32m"text-sm 
text-gray-600"[0m>[33mBudget[0m: $800 - $1000</p>
  [90m     |[0m [31m[1m^^^^^^^^^^^^^^^^^^^^^^^^^^^^^^^^^^^^^^^^^^^^^^^^^^^^
^^^^^^^^^^^^^^^^^^^^^^^^^^^[0m
[31m[1m>[0m [90m2159 |[0m                 </div>
  [90m     |[0m [31m[1m^^^^^^^^^^^^^^^^^^^^^^[0m
[31m[1m>[0m [90m2160 |[0m                 <div className=[32m"flex 
flex-wrap gap-2 mb-4"[0m>
  [90m     |[0m 
[31m[1m^^^^^^^^^^^^^^^^^^^^^^^^^^^^^^^^^^^^^^^^^^^^^^^^^^^^^^^^^^^[0m
[31m[1m>[0m [90m2161 |[0m                   <span 
className=[32m"bg-gray-100 text-gray-700 px-2 py-1 rounded-full text...[0m
  [90m     |[0m [31m[1m^^^^^^^^^^^^^^^^^^^^^^^^^^^^^^^^^^^^^^^^^^^^^^^^^^^^
^^^^^^^^^^^^^^^^^^^^^^^^^^^^^^^^^^^^^^^[0m
[31m[1m>[0m [90m2162 |[0m                   <span 
className=[32m"bg-gray-100 text-gray-700 px-2 py-1 rounded-full text...[0m
  [90m     |[0m [31m[1m^^^^^^^^^^^^^^^^^^^^^^^^^^^^^^^^^^^^^^^^^^^^^^^^^^^^
^^^^^^^^^^^^^^^^^^^^^^^^^^^^^^^^^^^^^^^[0m
[31m[1m>[0m [90m2163 |[0m                   <span 
className=[32m"bg-gray-100 text-gray-700 px-2 py-1 rounded-full text...[0m
  [90m     |[0m [31m[1m^^^^^^^^^^^^^^^^^^^^^^^^^^^^^^^^^^^^^^^^^^^^^^^^^^^^
^^^^^^^^^^^^^^^^^^^^^^^^^^^^^^^^^^^^^^^[0m
[31m[1m>[0m [90m2164 |[0m                   <span 
className=[32m"bg-gray-100 text-gray-700 px-2 py-1 rounded-full text...[0m
  [90m     |[0m [31m[1m^^^^^^^^^^^^^^^^^^^^^^^^^^^^^^^^^^^^^^^^^^^^^^^^^^^^
^^^^^^^^^^^^^^^^^^^^^^^^^^^^^^^^^^^^^^^[0m
[31m[1m>[0m [90m2165 |[0m                 </div>
  [90m     |[0m [31m[1m^^^^^^^^^^^^^^^^^^^^^^[0m
[31m[1m>[0m [90m2166 |[0m                 <div className=[32m"mb-4"[0m>
  [90m     |[0m [31m[1m^^^^^^^^^^^^^^^^^^^^^^^^^^^^^^^^^^^^^^[0m
[31m[1m>[0m [90m2167 |[0m                   <div className=[32m"flex 
justify-between text-sm mb-1"[0m>
  [90m     |[0m [31m[1m^^^^^^^^^^^^^^^^^^^^^^^^^^^^^^^^^^^^^^^^^^^^^^^^^^^^
^^^^^^^^^^^^^^^^^[0m
[31m[1m>[0m [90m2168 |[0m                     <span 
className=[32m"text-gray-600"[0m>[33mVibe[0m [33mMatch[0m</span>
  [90m     |[0m [31m[1m^^^^^^^^^^^^^^^^^^^^^^^^^^^^^^^^^^^^^^^^^^^^^^^^^^^^
^^^^^^^^^^^^^^^^^[0m
[31m[1m>[0m [90m2169 |[0m                     <span 
className=[32m"text-green-600 font-medium"[0m>[35m94[0m%</span>
  [90m     |[0m [31m[1m^^^^^^^^^^^^^^^^^^^^^^^^^^^^^^^^^^^^^^^^^^^^^^^^^^^^
^^^^^^^^^^^^^^^^^^^^^^^[0m
[31m[1m>[0m [90m2170 |[0m                   </div>
  [90m     |[0m [31m[1m^^^^^^^^^^^^^^^^^^^^^^^^[0m
[31m[1m>[0m [90m2171 |[0m                   <div className=[32m"w-full 
bg-gray-200 rounded-full h-2"[0m>
  [90m     |[0m [31m[1m^^^^^^^^^^^^^^^^^^^^^^^^^^^^^^^^^^^^^^^^^^^^^^^^^^^^
^^^^^^^^^^^^^^^^^^^[0m
[31m[1m>[0m [90m2172 |[0m                     <div 
className=[32m"bg-green-500 h-2 rounded-full"[0m style={{ width: 
[32m'94%'[0m...
  [90m     |[0m [31m[1m^^^^^^^^^^^^^^^^^^^^^^^^^^^^^^^^^^^^^^^^^^^^^^^^^^^^
^^^^^^^^^^^^^^^^^^^^^^^^^^^^^^^^^^^^^^^[0m
[31m[1m>[0m [90m2173 |[0m                   </div>
  [90m     |[0m [31m[1m^^^^^^^^^^^^^^^^^^^^^^^^[0m
[31m[1m>[0m [90m2174 |[0m                 </div>
  [90m     |[0m [31m[1m^^^^^^^^^^^^^^^^^^^^^^[0m
[31m[1m>[0m [90m2175 |[0m                 <div className=[32m"flex 
gap-2"[0m>
  [90m     |[0m [31m[1m^^^^^^^^^^^^^^^^^^^^^^^^^^^^^^^^^^^^^^^^^^^^[0m
[31m[1m>[0m [90m2176 |[0m                   <button 
className=[32m"flex-1 bg-[#FF6B35] text-white px-4 py-2 rounded-lg...[0m
  [90m     |[0m [31m[1m^^^^^^^^^^^^^^^^^^^^^^^^^^^^^^^^^^^^^^^^^^^^^^^^^^^^
^^^^^^^^^^^^^^^^^^^^^^^^^^^^^^^^^^^^^^^[0m
[31m[1m>[0m [90m2177 |[0m                     [33mSay[0m [33mHello[0m
  [90m     |[0m [31m[1m^^^^^^^^^^^^^^^^^^^^^^^^^^^^^[0m
[31m[1m>[0m [90m2178 |[0m                   </button>
  [90m     |[0m [31m[1m^^^^^^^^^^^^^^^^^^^^^^^^^^^[0m
[31m[1m>[0m [90m2179 |[0m                   <button 
className=[32m"flex-1 border border-gray-300 text-gray-700 px-4 py...[0m
  [90m     |[0m [31m[1m^^^^^^^^^^^^^^^^^^^^^^^^^^^^^^^^^^^^^^^^^^^^^^^^^^^^
^^^^^^^^^^^^^^^^^^^^^^^^^^^^^^^^^^^^^^^[0m
[31m[1m>[0m [90m2180 |[0m                     [33mView[0m 
[33mProfile[0m
  [90m     |[0m [31m[1m^^^^^^^^^^^^^^^^^^^^^^^^^^^^^^^^[0m
[31m[1m>[0m [90m2181 |[0m                   </button>
  [90m     |[0m [31m[1m^^^^^^^^^^^^^^^^^^^^^^^^^^^[0m
[31m[1m>[0m [90m2182 |[0m                 </div>
  [90m     |[0m [31m[1m^^^^^^^^^^^^^^^^^^^^^^[0m
[31m[1m>[0m [90m2183 |[0m               </div>
  [90m     |[0m [31m[1m^^^^^^^^^^^^^^^^^^^^[0m
[31m[1m>[0m [90m2184 |[0m             </motion.div>
  [90m     |[0m [31m[1m^^^^^^^^^^^^^^^^^^^^^^^^^[0m
[31m[1m>[0m [90m2185 |[0m           </div>
  [90m     |[0m [31m[1m^^^^^^^^^^^^^^^^[0m
[31m[1m>[0m [90m2186 |[0m         </div>
  [90m     |[0m [31m[1m^^^^^^^^^^^^^^[0m
[31m[1m>[0m [90m2187 |[0m       </section>
  [90m     |[0m [31m[1m^^^^^^^^^^^^^^^^[0m
[31m[1m>[0m [90m2188 |[0m
  [90m     |[0m [31m[1m^[0m
[31m[1m>[0m [90m2189 |[0m       {[90m/* Transport Types */[0m}
  [90m     |[0m [31m[1m^^^^^^^^^^^^^^^^^^^^^^^^^^^^^[0m
[31m[1m>[0m [90m2190 |[0m       <section className=[32m"py-20 
bg-[#004E89] text-white px-4"[0m>
  [90m     |[0m 
[31m[1m^^^^^^^^^^^^^^^^^^^^^^^^^^^^^^^^^^^^^^^^^^^^^^^^^^^^^^^^^^^^^^[0m
[31m[1m>[0m [90m2191 |[0m         <div className=[32m"max-w-7xl 
mx-auto"[0m>
  [90m     |[0m [31m[1m^^^^^^^^^^^^^^^^^^^^^^^^^^^^^^^^^^^^^^^^^^^[0m
[31m[1m>[0m [90m2192 |[0m           <motion.div
  [90m     |[0m [31m[1m^^^^^^^^^^^^^^^^^^^^^[0m
[31m[1m>[0m [90m2193 |[0m             className=[32m"text-center 
mb-16"[0m
  [90m     |[0m [31m[1m^^^^^^^^^^^^^^^^^^^^^^^^^^^^^^^^^^^^^^^^^[0m
[31m[1m>[0m [90m2194 |[0m             initial={{ opacity: [35m0[0m, y: 
[35m30[0m }}
  [90m     |[0m [31m[1m^^^^^^^^^^^^^^^^^^^^^^^^^^^^^^^^^^^^^^^^^^^[0m
[31m[1m>[0m [90m2195 |[0m             whileInView={{ opacity: [35m1[0m, 
y: [35m0[0m }}
  [90m     |[0m [31m[1m^^^^^^^^^^^^^^^^^^^^^^^^^^^^^^^^^^^^^^^^^^^^^^[0m
[31m[1m>[0m [90m2196 |[0m             viewport={{ once: [36mtrue[0m }}
  [90m     |[0m [31m[1m^^^^^^^^^^^^^^^^^^^^^^^^^^^^^^^^^^^^^[0m
[31m[1m>[0m [90m2197 |[0m           >
  [90m     |[0m [31m[1m^^^^^^^^^^^[0m
[31m[1m>[0m [90m2198 |[0m             <div className=[32m"text-white 
text-sm font-medium tracking-wider uppercase mb-4"[0m>
  [90m     |[0m [31m[1m^^^^^^^^^^^^^^^^^^^^^^^^^^^^^^^^^^^^^^^^^^^^^^^^^^^^
^^^^^^^^^^^^^^^^^^^^^^^^^^^^^^^^^^^^^^[0m
[31m[1m>[0m [90m2199 |[0m               [33mALL[0m [33mWAYS[0m 
[33mTO[0m [33mTRAVEL[0m
  [90m     |[0m [31m[1m^^^^^^^^^^^^^^^^^^^^^^^^^^^^^^^^[0m
[31m[1m>[0m [90m2200 |[0m             </div>
  [90m     |[0m [31m[1m^^^^^^^^^^^^^^^^^^[0m
[31m[1m>[0m [90m2201 |[0m             <h2 className=[32m"text-4xl 
md:text-5xl font-bold mb-6"[0m>
  [90m     |[0m 
[31m[1m^^^^^^^^^^^^^^^^^^^^^^^^^^^^^^^^^^^^^^^^^^^^^^^^^^^^^^^^^^^^^^^^[0m
[31m[1m>[0m [90m2202 |[0m               [33mOne[0m [33mApp[0m,<br 
/>[33mEvery[0m [33mJourney[0m.
  [90m     |[0m [31m[1m^^^^^^^^^^^^^^^^^^^^^^^^^^^^^^^^^^^^^^^^^^[0m
[31m[1m>[0m [90m2203 |[0m             </h2>
  [90m     |[0m [31m[1m^^^^^^^^^^^^^^^^^[0m
[31m[1m>[0m [90m2204 |[0m             <p className=[32m"text-lg 
text-white text-opacity-70 max-w-2xl mx-auto"[0m>
  [90m     |[0m [31m[1m^^^^^^^^^^^^^^^^^^^^^^^^^^^^^^^^^^^^^^^^^^^^^^^^^^^^
^^^^^^^^^^^^^^^^^^^^^^^^^^^^[0m
[31m[1m>[0m [90m2205 |[0m               [33mWhether[0m you prefer to 
fly, take the scenic route by train, or sail the ope...
  [90m     |[0m [31m[1m^^^^^^^^^^^^^^^^^^^^^^^^^^^^^^^^^^^^^^^^^^^^^^^^^^^^
^^^^^^^^^^^^^^^^^^^^^^^^^^^^^^^^^^^^^^^[0m
[31m[1m>[0m [90m2206 |[0m             </p>
  [90m     |[0m [31m[1m^^^^^^^^^^^^^^^^[0m
[31m[1m>[0m [90m2207 |[0m           </motion.div>
  [90m     |[0m [31m[1m^^^^^^^^^^^^^^^^^^^^^^^[0m
[31m[1m>[0m [90m2208 |[0m
  [90m     |[0m [31m[1m^[0m
[31m[1m>[0m [90m2209 |[0m           <div className=[32m"grid 
md:grid-cols-3 gap-8"[0m>
  [90m     |[0m 
[31m[1m^^^^^^^^^^^^^^^^^^^^^^^^^^^^^^^^^^^^^^^^^^^^^^^^^^^^^[0m
[31m[1m>[0m [90m2210 |[0m             {transportTypes.map((transport, 
index) => (
  [90m     |[0m 
[31m[1m^^^^^^^^^^^^^^^^^^^^^^^^^^^^^^^^^^^^^^^^^^^^^^^^^^^^^^^[0m
[31m[1m>[0m [90m2211 |[0m               <motion.div
  [90m     |[0m [31m[1m^^^^^^^^^^^^^^^^^^^^^^^^^[0m
[31m[1m>[0m [90m2212 |[0m                 key={index}
  [90m     |[0m [31m[1m^^^^^^^^^^^^^^^^^^^^^^^^^^^[0m
[31m[1m>[0m [90m2213 |[0m                 className=[32m"bg-white 
bg-opacity-8 backdrop-blur-sm border border-white bo...[0m
  [90m     |[0m [31m[1m^^^^^^^^^^^^^^^^^^^^^^^^^^^^^^^^^^^^^^^^^^^^^^^^^^^^
^^^^^^^^^^^^^^^^^^^^^^^^^^^^^^^^^^^^^^^[0m
[31m[1m>[0m [90m2214 |[0m                 initial={{ opacity: [35m0[0m, 
y: [35m40[0m }}
  [90m     |[0m [31m[1m^^^^^^^^^^^^^^^^^^^^^^^^^^^^^^^^^^^^^^^^^^^^^^^[0m
[31m[1m>[0m [90m2215 |[0m                 whileInView={{ opacity: 
[35m1[0m, y: [35m0[0m }}
  [90m     |[0m 
[31m[1m^^^^^^^^^^^^^^^^^^^^^^^^^^^^^^^^^^^^^^^^^^^^^^^^^^[0m
[31m[1m>[0m [90m2216 |[0m                 viewport={{ once: [36mtrue[0m 
}}
  [90m     |[0m [31m[1m^^^^^^^^^^^^^^^^^^^^^^^^^^^^^^^^^^^^^^^^^[0m
[31m[1m>[0m [90m2217 |[0m                 transition={{ duration: 
[35m0.6[0m, delay: index * [35m0.1[0m }}
  [90m     |[0m 
[31m[1m^^^^^^^^^^^^^^^^^^^^^^^^^^^^^^^^^^^^^^^^^^^^^^^^^^^^^^^^^^^^^^^^^^[0m
[31m[1m>[0m [90m2218 |[0m                 whileHover={{ y: -[35m8[0m }}
  [90m     |[0m [31m[1m^^^^^^^^^^^^^^^^^^^^^^^^^^^^^^^^^^^^^^[0m
[31m[1m>[0m [90m2219 |[0m               >
  [90m     |[0m [31m[1m^^^^^^^^^^^^^^^[0m
[31m[1m>[0m [90m2220 |[0m                 <div className=[32m"relative 
h-48 rounded-xl overflow-hidden mb-6"[0m>
  [90m     |[0m [31m[1m^^^^^^^^^^^^^^^^^^^^^^^^^^^^^^^^^^^^^^^^^^^^^^^^^^^^
^^^^^^^^^^^^^^^^^^^^^^^^^^^[0m
[31m[1m>[0m [90m2221 |[0m                   <[33mImage[0m
  [90m     |[0m [31m[1m^^^^^^^^^^^^^^^^^^^^^^^^[0m
[31m[1m>[0m [90m2222 |[0m                     src={transport.image}
  [90m     |[0m [31m[1m^^^^^^^^^^^^^^^^^^^^^^^^^^^^^^^^^^^^^^^^^[0m
[31m[1m>[0m [90m2223 |[0m                     alt={transport.title}
  [90m     |[0m [31m[1m^^^^^^^^^^^^^^^^^^^^^^^^^^^^^^^^^^^^^^^^^[0m
[31m[1m>[0m [90m2224 |[0m                     fill
  [90m     |[0m [31m[1m^^^^^^^^^^^^^^^^^^^^^^^^[0m
[31m[1m>[0m [90m2225 |[0m                     
className=[32m"object-cover"[0m
  [90m     |[0m [31m[1m^^^^^^^^^^^^^^^^^^^^^^^^^^^^^^^^^^^^^^^^^^^^[0m
[31m[1m>[0m [90m2226 |[0m                   />
  [90m     |[0m [31m[1m^^^^^^^^^^^^^^^^^^^^[0m
[31m[1m>[0m [90m2227 |[0m                 </div>
  [90m     |[0m [31m[1m^^^^^^^^^^^^^^^^^^^^^^[0m
[31m[1m>[0m [90m2228 |[0m                 <h3 className=[32m"text-2xl 
font-bold mb-4"[0m>{transport.title}</h3>
  [90m     |[0m [31m[1m^^^^^^^^^^^^^^^^^^^^^^^^^^^^^^^^^^^^^^^^^^^^^^^^^^^^
^^^^^^^^^^^^^^^^^^^^^^^^^^[0m
[31m[1m>[0m [90m2229 |[0m                 <p className=[32m"text-white 
text-opacity-80 mb-4 leading-relaxed"[0m>
  [90m     |[0m [31m[1m^^^^^^^^^^^^^^^^^^^^^^^^^^^^^^^^^^^^^^^^^^^^^^^^^^^^
^^^^^^^^^^^^^^^^^^^^^^^^^^^[0m
[31m[1m>[0m [90m2230 |[0m                   {transport.description}
  [90m     |[0m [31m[1m^^^^^^^^^^^^^^^^^^^^^^^^^^^^^^^^^^^^^^^^^[0m
[31m[1m>[0m [90m2231 |[0m                 </p>
  [90m     |[0m [31m[1m^^^^^^^^^^^^^^^^^^^^[0m
[31m[1m>[0m [90m2232 |[0m                 <p 
className=[32m"text-[#FF6B35] font-medium"[0m>{transport.stat}</p>
  [90m     |[0m [31m[1m^^^^^^^^^^^^^^^^^^^^^^^^^^^^^^^^^^^^^^^^^^^^^^^^^^^^
^^^^^^^^^^^^^^^^^^^^^^^^^^[0m
[31m[1m>[0m [90m2233 |[0m               </motion.div>
  [90m     |[0m [31m[1m^^^^^^^^^^^^^^^^^^^^^^^^^^^[0m
[31m[1m>[0m [90m2234 |[0m             ))}
  [90m     |[0m [31m[1m^^^^^^^^^^^^^^^[0m
[31m[1m>[0m [90m2235 |[0m           </div>
  [90m     |[0m [31m[1m^^^^^^^^^^^^^^^^[0m
[31m[1m>[0m [90m2236 |[0m         </div>
  [90m     |[0m [31m[1m^^^^^^^^^^^^^^[0m
[31m[1m>[0m [90m2237 |[0m       </section>
  [90m     |[0m [31m[1m^^^^^^^^^^^^^^^^[0m
[31m[1m>[0m [90m2238 |[0m
  [90m     |[0m [31m[1m^[0m
[31m[1m>[0m [90m2239 |[0m       {[90m/* Vibe Matching */[0m}
  [90m     |[0m [31m[1m^^^^^^^^^^^^^^^^^^^^^^^^^^^[0m
[31m[1m>[0m [90m2240 |[0m       <section id=[32m"matching"[0m 
className=[32m"py-20 bg-white px-4"[0m>
  [90m     |[0m 
[31m[1m^^^^^^^^^^^^^^^^^^^^^^^^^^^^^^^^^^^^^^^^^^^^^^^^^^^^^^^^^^^^^[0m
[31m[1m>[0m [90m2241 |[0m         <div className=[32m"max-w-7xl 
mx-auto"[0m>
  [90m     |[0m [31m[1m^^^^^^^^^^^^^^^^^^^^^^^^^^^^^^^^^^^^^^^^^^^[0m
[31m[1m>[0m [90m2242 |[0m           <div className=[32m"grid 
md:grid-cols-2 gap-16 items-center"[0m>
  [90m     |[0m [31m[1m^^^^^^^^^^^^^^^^^^^^^^^^^^^^^^^^^^^^^^^^^^^^^^^^^^^^
^^^^^^^^^^^^^^^[0m
[31m[1m>[0m [90m2243 |[0m             <motion.div
  [90m     |[0m [31m[1m^^^^^^^^^^^^^^^^^^^^^^^[0m
[31m[1m>[0m [90m2244 |[0m               initial={{ opacity: [35m0[0m, 
x: -[35m60[0m }}
  [90m     |[0m [31m[1m^^^^^^^^^^^^^^^^^^^^^^^^^^^^^^^^^^^^^^^^^^^^^^[0m
[31m[1m>[0m [90m2245 |[0m               whileInView={{ opacity: 
[35m1[0m, x: [35m0[0m }}
  [90m     |[0m [31m[1m^^^^^^^^^^^^^^^^^^^^^^^^^^^^^^^^^^^^^^^^^^^^^^^^[0m
[31m[1m>[0m [90m2246 |[0m               viewport={{ once: [36mtrue[0m }}
  [90m     |[0m [31m[1m^^^^^^^^^^^^^^^^^^^^^^^^^^^^^^^^^^^^^^^[0m
[31m[1m>[0m [90m2247 |[0m               transition={{ duration: 
[35m0.8[0m }}
  [90m     |[0m [31m[1m^^^^^^^^^^^^^^^^^^^^^^^^^^^^^^^^^^^^^^^^^^^^[0m
[31m[1m>[0m [90m2248 |[0m             >
  [90m     |[0m [31m[1m^^^^^^^^^^^^^[0m
[31m[1m>[0m [90m2249 |[0m               <div 
className=[32m"text-[#FF6B35] text-sm font-medium tracking-wider 
uppercas...[0m
  [90m     |[0m [31m[1m^^^^^^^^^^^^^^^^^^^^^^^^^^^^^^^^^^^^^^^^^^^^^^^^^^^^
^^^^^^^^^^^^^^^^^^^^^^^^^^^^^^^^^^^^^^^[0m
[31m[1m>[0m [90m2250 |[0m                 [33mVIBE[0m [33mMATCHING[0m
  [90m     |[0m [31m[1m^^^^^^^^^^^^^^^^^^^^^^^^^^^^^[0m
[31m[1m>[0m [90m2251 |[0m               </div>
  [90m     |[0m [31m[1m^^^^^^^^^^^^^^^^^^^^[0m
[31m[1m>[0m [90m2252 |[0m               <h2 className=[32m"text-4xl 
md:text-5xl font-bold text-gray-900 mb-6"[0m>
  [90m     |[0m [31m[1m^^^^^^^^^^^^^^^^^^^^^^^^^^^^^^^^^^^^^^^^^^^^^^^^^^^^
^^^^^^^^^^^^^^^^^^^^^^^^^^^^[0m
[31m[1m>[0m [90m2253 |[0m                 [33mFind[0m [33mPeople[0m 
[33mWho[0m [33mTravel[0m [33mLike[0m [33mYou[0m
  [90m     |[0m [31m[1m^^^^^^^^^^^^^^^^^^^^^^^^^^^^^^^^^^^^^^^^^^^^^^^[0m
[31m[1m>[0m [90m2254 |[0m               </h2>
  [90m     |[0m [31m[1m^^^^^^^^^^^^^^^^^^^[0m
[31m[1m>[0m [90m2255 |[0m               <p className=[32m"text-lg 
text-gray-600 mb-6 leading-relaxed"[0m>
  [90m     |[0m [31m[1m^^^^^^^^^^^^^^^^^^^^^^^^^^^^^^^^^^^^^^^^^^^^^^^^^^^^
^^^^^^^^^^^^^^^^^^^^[0m
[31m[1m>[0m [90m2256 |[0m                 [33mMost[0m travel apps just 
book trips. [33mRoamie[0m does something different ΓÇö it r...
  [90m     |[0m [31m[1m^^^^^^^^^^^^^^^^^^^^^^^^^^^^^^^^^^^^^^^^^^^^^^^^^^^^
^^^^^^^^^^^^^^^^^^^^^^^^^^^^^^^^^^^^^^^[0m
[31m[1m>[0m [90m2257 |[0m               </p>
  [90m     |[0m [31m[1m^^^^^^^^^^^^^^^^^^[0m
[31m[1m>[0m [90m2258 |[0m               <p className=[32m"text-lg 
text-gray-600 mb-6 leading-relaxed"[0m>
  [90m     |[0m [31m[1m^^^^^^^^^^^^^^^^^^^^^^^^^^^^^^^^^^^^^^^^^^^^^^^^^^^^
^^^^^^^^^^^^^^^^^^^^[0m
[31m[1m>[0m [90m2259 |[0m                 [33mSplit[0m costs, share 
experiences, and make connections that last beyond th...
  [90m     |[0m [31m[1m^^^^^^^^^^^^^^^^^^^^^^^^^^^^^^^^^^^^^^^^^^^^^^^^^^^^
^^^^^^^^^^^^^^^^^^^^^^^^^^^^^^^^^^^^^^^[0m
[31m[1m>[0m [90m2260 |[0m               </p>
  [90m     |[0m [31m[1m^^^^^^^^^^^^^^^^^^[0m
[31m[1m>[0m [90m2261 |[0m               <div className=[32m"space-y-4 
mb-8"[0m>
  [90m     |[0m [31m[1m^^^^^^^^^^^^^^^^^^^^^^^^^^^^^^^^^^^^^^^^^^^^^^[0m
[31m[1m>[0m [90m2262 |[0m                 <div className=[32m"flex 
items-center gap-4"[0m>
  [90m     |[0m 
[31m[1m^^^^^^^^^^^^^^^^^^^^^^^^^^^^^^^^^^^^^^^^^^^^^^^^^^^^^^^^^[0m
[31m[1m>[0m [90m2263 |[0m                   <span 
className=[32m"text-2xl font-bold text-[#FF6B35]"[0m>[35m68[0m%</span>
  [90m     |[0m [31m[1m^^^^^^^^^^^^^^^^^^^^^^^^^^^^^^^^^^^^^^^^^^^^^^^^^^^^
^^^^^^^^^^^^^^^^^^^^^^^^^^^^[0m
[31m[1m>[0m [90m2264 |[0m                   <span 
className=[32m"text-gray-700"[0m>[36mof[0m solo travelers want 
companionship b...
  [90m     |[0m [31m[1m^^^^^^^^^^^^^^^^^^^^^^^^^^^^^^^^^^^^^^^^^^^^^^^^^^^^
^^^^^^^^^^^^^^^^^^^^^^^^^^^^^^^^^^^^^^^[0m
[31m[1m>[0m [90m2265 |[0m                 </div>
  [90m     |[0m [31m[1m^^^^^^^^^^^^^^^^^^^^^^[0m
[31m[1m>[0m [90m2266 |[0m                 <div className=[32m"flex 
items-center gap-4"[0m>
  [90m     |[0m 
[31m[1m^^^^^^^^^^^^^^^^^^^^^^^^^^^^^^^^^^^^^^^^^^^^^^^^^^^^^^^^^[0m
[31m[1m>[0m [90m2267 |[0m                   <span 
className=[32m"text-2xl font-bold text-[#004E89]"[0m>[35m35[0m%</span>
  [90m     |[0m [31m[1m^^^^^^^^^^^^^^^^^^^^^^^^^^^^^^^^^^^^^^^^^^^^^^^^^^^^
^^^^^^^^^^^^^^^^^^^^^^^^^^^^[0m
[31m[1m>[0m [90m2268 |[0m                   <span 
className=[32m"text-gray-700"[0m>average savings when sharing accommoda...
  [90m     |[0m [31m[1m^^^^^^^^^^^^^^^^^^^^^^^^^^^^^^^^^^^^^^^^^^^^^^^^^^^^
^^^^^^^^^^^^^^^^^^^^^^^^^^^^^^^^^^^^^^^[0m
[31m[1m>[0m [90m2269 |[0m                 </div>
  [90m     |[0m [31m[1m^^^^^^^^^^^^^^^^^^^^^^[0m
[31m[1m>[0m [90m2270 |[0m               </div>
  [90m     |[0m [31m[1m^^^^^^^^^^^^^^^^^^^^[0m
[31m[1m>[0m [90m2271 |[0m               <motion.button
  [90m     |[0m [31m[1m^^^^^^^^^^^^^^^^^^^^^^^^^^^^[0m
[31m[1m>[0m [90m2272 |[0m                 className=[32m"bg-[#FF6B35] 
text-white px-8 py-4 rounded-full font-bold text...[0m
  [90m     |[0m [31m[1m^^^^^^^^^^^^^^^^^^^^^^^^^^^^^^^^^^^^^^^^^^^^^^^^^^^^
^^^^^^^^^^^^^^^^^^^^^^^^^^^^^^^^^^^^^^^[0m
[31m[1m>[0m [90m2273 |[0m                 whileHover={{ scale: 
[35m1.03[0m }}
  [90m     |[0m [31m[1m^^^^^^^^^^^^^^^^^^^^^^^^^^^^^^^^^^^^^^^^^^^^[0m
[31m[1m>[0m [90m2274 |[0m                 whileTap={{ scale: 
[35m0.97[0m }}
  [90m     |[0m [31m[1m^^^^^^^^^^^^^^^^^^^^^^^^^^^^^^^^^^^^^^^^^^[0m
[31m[1m>[0m [90m2275 |[0m               >
  [90m     |[0m [31m[1m^^^^^^^^^^^^^^^[0m
[31m[1m>[0m [90m2276 |[0m                 [33mFind[0m [33mMy[0m 
[33mMatch[0m
  [90m     |[0m [31m[1m^^^^^^^^^^^^^^^^^^^^^^^^^^^^^[0m
[31m[1m>[0m [90m2277 |[0m               </motion.button>
  [90m     |[0m [31m[1m^^^^^^^^^^^^^^^^^^^^^^^^^^^^^^[0m
[31m[1m>[0m [90m2278 |[0m             </motion.div>
  [90m     |[0m [31m[1m^^^^^^^^^^^^^^^^^^^^^^^^^[0m
[31m[1m>[0m [90m2279 |[0m
  [90m     |[0m [31m[1m^[0m
[31m[1m>[0m [90m2280 |[0m             <motion.div
  [90m     |[0m [31m[1m^^^^^^^^^^^^^^^^^^^^^^^[0m
[31m[1m>[0m [90m2281 |[0m               className=[32m"relative"[0m
  [90m     |[0m [31m[1m^^^^^^^^^^^^^^^^^^^^^^^^^^^^^^^^^^[0m
[31m[1m>[0m [90m2282 |[0m               initial={{ opacity: [35m0[0m, 
x: [35m60[0m }}
  [90m     |[0m [31m[1m^^^^^^^^^^^^^^^^^^^^^^^^^^^^^^^^^^^^^^^^^^^^^[0m
[31m[1m>[0m [90m2283 |[0m               whileInView={{ opacity: 
[35m1[0m, x: [35m0[0m }}
  [90m     |[0m [31m[1m^^^^^^^^^^^^^^^^^^^^^^^^^^^^^^^^^^^^^^^^^^^^^^^^[0m
[31m[1m>[0m [90m2284 |[0m               viewport={{ once: [36mtrue[0m }}
  [90m     |[0m [31m[1m^^^^^^^^^^^^^^^^^^^^^^^^^^^^^^^^^^^^^^^[0m
[31m[1m>[0m [90m2285 |[0m               transition={{ duration: 
[35m0.8[0m }}
  [90m     |[0m [31m[1m^^^^^^^^^^^^^^^^^^^^^^^^^^^^^^^^^^^^^^^^^^^^[0m
[31m[1m>[0m [90m2286 |[0m             >
  [90m     |[0m [31m[1m^^^^^^^^^^^^^[0m
[31m[1m>[0m [90m2287 |[0m               <div 
className=[32m"relative"[0m>
  [90m     |[0m [31m[1m^^^^^^^^^^^^^^^^^^^^^^^^^^^^^^^^^^^^^^^^[0m
[31m[1m>[0m [90m2288 |[0m                 <motion.div
  [90m     |[0m [31m[1m^^^^^^^^^^^^^^^^^^^^^^^^^^^[0m
[31m[1m>[0m [90m2289 |[0m                   className=[32m"bg-white 
rounded-2xl shadow-lg p-6 transform rotate-1"[0m
  [90m     |[0m [31m[1m^^^^^^^^^^^^^^^^^^^^^^^^^^^^^^^^^^^^^^^^^^^^^^^^^^^^
^^^^^^^^^^^^^^^^^^^^^^^^^^^^^^^[0m
[31m[1m>[0m [90m2290 |[0m                   animate={{ y: [[35m0[0m, 
-[35m10[0m, [35m0[0m] }}
  [90m     |[0m [31m[1m^^^^^^^^^^^^^^^^^^^^^^^^^^^^^^^^^^^^^^^^^^^^^^[0m
[31m[1m>[0m [90m2291 |[0m                   transition={{ duration: 
[35m3[0m, repeat: [33mInfinity[0m }}
  [90m     |[0m 
[31m[1m^^^^^^^^^^^^^^^^^^^^^^^^^^^^^^^^^^^^^^^^^^^^^^^^^^^^^^^^^^^^^^^^[0m
[31m[1m>[0m [90m2292 |[0m                 >
  [90m     |[0m [31m[1m^^^^^^^^^^^^^^^^^[0m
[31m[1m>[0m [90m2293 |[0m                   <div className=[32m"flex 
items-center gap-3 mb-4"[0m>
  [90m     |[0m 
[31m[1m^^^^^^^^^^^^^^^^^^^^^^^^^^^^^^^^^^^^^^^^^^^^^^^^^^^^^^^^^^^^^^^^[0m
[31m[1m>[0m [90m2294 |[0m                     <div className=[32m"w-12 
h-12 bg-gradient-to-br from-orange-400 to-pink-...[0m
  [90m     |[0m [31m[1m^^^^^^^^^^^^^^^^^^^^^^^^^^^^^^^^^^^^^^^^^^^^^^^^^^^^
^^^^^^^^^^^^^^^^^^^^^^^^^^^^^^^^^^^^^^^[0m
[31m[1m>[0m [90m2295 |[0m                       [33mAM[0m
  [90m     |[0m [31m[1m^^^^^^^^^^^^^^^^^^^^^^^^[0m
[31m[1m>[0m [90m2296 |[0m                     </div>
  [90m     |[0m [31m[1m^^^^^^^^^^^^^^^^^^^^^^^^^^[0m
[31m[1m>[0m [90m2297 |[0m                     <div>
  [90m     |[0m [31m[1m^^^^^^^^^^^^^^^^^^^^^^^^^[0m
[31m[1m>[0m [90m2298 |[0m                       <p 
className=[32m"font-medium text-gray-900"[0m>[33mAlex[0m [33mM[0m.</p>
  [90m     |[0m [31m[1m^^^^^^^^^^^^^^^^^^^^^^^^^^^^^^^^^^^^^^^^^^^^^^^^^^^^
^^^^^^^^^^^^^^^^^^^^^^[0m
[31m[1m>[0m [90m2299 |[0m                       <p 
className=[32m"text-sm text-gray-500"[0m>[33mFrom[0m [33mNew[0m 
[33mYork[0m</p>
  [90m     |[0m [31m[1m^^^^^^^^^^^^^^^^^^^^^^^^^^^^^^^^^^^^^^^^^^^^^^^^^^^^
^^^^^^^^^^^^^^^^^^^^^^^^[0m
[31m[1m>[0m [90m2300 |[0m                     </div>
  [90m     |[0m [31m[1m^^^^^^^^^^^^^^^^^^^^^^^^^^[0m
[31m[1m>[0m [90m2301 |[0m                   </div>
  [90m     |[0m [31m[1m^^^^^^^^^^^^^^^^^^^^^^^^[0m
[31m[1m>[0m [90m2302 |[0m                   <div 
className=[32m"space-y-2 mb-4"[0m>
  [90m     |[0m 
[31m[1m^^^^^^^^^^^^^^^^^^^^^^^^^^^^^^^^^^^^^^^^^^^^^^^^^^[0m
[31m[1m>[0m [90m2303 |[0m                     <p className=[32m"text-sm 
text-gray-600"[0m>[33mHeading[0m to: [33mBali[0m, [33mIndonesia[0m</p>
  [90m     |[0m [31m[1m^^^^^^^^^^^^^^^^^^^^^^^^^^^^^^^^^^^^^^^^^^^^^^^^^^^^
^^^^^^^^^^^^^^^^^^^^^^^^^^^^^^^^^^^^[0m
[31m[1m>[0m [90m2304 |[0m                     <p className=[32m"text-sm 
text-gray-600"[0m>[33mDates[0m: [33mJun[0m [35m15[0m - [33mJun[0m 
[35m22[0m</p>
  [90m     |[0m [31m[1m^^^^^^^^^^^^^^^^^^^^^^^^^^^^^^^^^^^^^^^^^^^^^^^^^^^^
^^^^^^^^^^^^^^^^^^^^^^^^^^^^^^^[0m
[31m[1m>[0m [90m2305 |[0m                     <p className=[32m"text-sm 
text-gray-600"[0m>[33mBudget[0m: $800 - $1000</p>
  [90m     |[0m [31m[1m^^^^^^^^^^^^^^^^^^^^^^^^^^^^^^^^^^^^^^^^^^^^^^^^^^^^
^^^^^^^^^^^^^^^^^^^^^^^^^^^^^[0m
[31m[1m>[0m [90m2306 |[0m                   </div>
  [90m     |[0m [31m[1m^^^^^^^^^^^^^^^^^^^^^^^^[0m
[31m[1m>[0m [90m2307 |[0m                   <div className=[32m"flex 
flex-wrap gap-2 mb-4"[0m>
  [90m     |[0m 
[31m[1m^^^^^^^^^^^^^^^^^^^^^^^^^^^^^^^^^^^^^^^^^^^^^^^^^^^^^^^^^^^^^[0m
[31m[1m>[0m [90m2308 |[0m                     <span 
className=[32m"bg-gray-100 text-gray-700 px-2 py-1 rounded-full te...[0m
  [90m     |[0m [31m[1m^^^^^^^^^^^^^^^^^^^^^^^^^^^^^^^^^^^^^^^^^^^^^^^^^^^^
^^^^^^^^^^^^^^^^^^^^^^^^^^^^^^^^^^^^^^^[0m
[31m[1m>[0m [90m2309 |[0m                     <span 
className=[32m"bg-gray-100 text-gray-700 px-2 py-1 rounded-full te...[0m
  [90m     |[0m [31m[1m^^^^^^^^^^^^^^^^^^^^^^^^^^^^^^^^^^^^^^^^^^^^^^^^^^^^
^^^^^^^^^^^^^^^^^^^^^^^^^^^^^^^^^^^^^^^[0m
[31m[1m>[0m [90m2310 |[0m                     <span 
className=[32m"bg-gray-100 text-gray-700 px-2 py-1 rounded-full te...[0m
  [90m     |[0m [31m[1m^^^^^^^^^^^^^^^^^^^^^^^^^^^^^^^^^^^^^^^^^^^^^^^^^^^^
^^^^^^^^^^^^^^^^^^^^^^^^^^^^^^^^^^^^^^^[0m
[31m[1m>[0m [90m2311 |[0m                     <span 
className=[32m"bg-gray-100 text-gray-700 px-2 py-1 rounded-full te...[0m
  [90m     |[0m [31m[1m^^^^^^^^^^^^^^^^^^^^^^^^^^^^^^^^^^^^^^^^^^^^^^^^^^^^
^^^^^^^^^^^^^^^^^^^^^^^^^^^^^^^^^^^^^^^[0m
[31m[1m>[0m [90m2312 |[0m                   </div>
  [90m     |[0m [31m[1m^^^^^^^^^^^^^^^^^^^^^^^^[0m
[31m[1m>[0m [90m2313 |[0m                   <div 
className=[32m"mb-4"[0m>
  [90m     |[0m [31m[1m^^^^^^^^^^^^^^^^^^^^^^^^^^^^^^^^^^^^^^^^[0m
[31m[1m>[0m [90m2314 |[0m                     <div className=[32m"flex 
justify-between text-sm mb-1"[0m>
  [90m     |[0m [31m[1m^^^^^^^^^^^^^^^^^^^^^^^^^^^^^^^^^^^^^^^^^^^^^^^^^^^^
^^^^^^^^^^^^^^^^^^^[0m
[31m[1m>[0m [90m2315 |[0m                       <span 
className=[32m"text-gray-600"[0m>[33mVibe[0m [33mMatch[0m</span>
  [90m     |[0m [31m[1m^^^^^^^^^^^^^^^^^^^^^^^^^^^^^^^^^^^^^^^^^^^^^^^^^^^^
^^^^^^^^^^^^^^^^^^^[0m
[31m[1m>[0m [90m2316 |[0m                       <span 
className=[32m"text-green-600 font-medium"[0m>[35m94[0m%</span>
  [90m     |[0m [31m[1m^^^^^^^^^^^^^^^^^^^^^^^^^^^^^^^^^^^^^^^^^^^^^^^^^^^^
^^^^^^^^^^^^^^^^^^^^^^^^^[0m
[31m[1m>[0m [90m2317 |[0m                     </div>
  [90m     |[0m [31m[1m^^^^^^^^^^^^^^^^^^^^^^^^^^[0m
[31m[1m>[0m [90m2318 |[0m                     <div className=[32m"w-full 
bg-gray-200 rounded-full h-2"[0m>
  [90m     |[0m [31m[1m^^^^^^^^^^^^^^^^^^^^^^^^^^^^^^^^^^^^^^^^^^^^^^^^^^^^
^^^^^^^^^^^^^^^^^^^^^[0m
[31m[1m>[0m [90m2319 |[0m                       <div 
className=[32m"bg-green-500 h-2 rounded-full"[0m style={{ width: 
[32m'94..[0m.
  [90m     |[0m [31m[1m^^^^^^^^^^^^^^^^^^^^^^^^^^^^^^^^^^^^^^^^^^^^^^^^^^^^
^^^^^^^^^^^^^^^^^^^^^^^^^^^^^^^^^^^^^^^[0m
[31m[1m>[0m [90m2320 |[0m                     </div>
  [90m     |[0m [31m[1m^^^^^^^^^^^^^^^^^^^^^^^^^^[0m
[31m[1m>[0m [90m2321 |[0m                   </div>
  [90m     |[0m [31m[1m^^^^^^^^^^^^^^^^^^^^^^^^[0m
[31m[1m>[0m [90m2322 |[0m                   <div className=[32m"flex 
gap-2"[0m>
  [90m     |[0m [31m[1m^^^^^^^^^^^^^^^^^^^^^^^^^^^^^^^^^^^^^^^^^^^^^^[0m
[31m[1m>[0m [90m2323 |[0m                     <button 
className=[32m"flex-1 bg-[#FF6B35] text-white px-4 py-2 rounded-...[0m
  [90m     |[0m [31m[1m^^^^^^^^^^^^^^^^^^^^^^^^^^^^^^^^^^^^^^^^^^^^^^^^^^^^
^^^^^^^^^^^^^^^^^^^^^^^^^^^^^^^^^^^^^^^[0m
[31m[1m>[0m [90m2324 |[0m                       [33mSay[0m 
[33mHello[0m
  [90m     |[0m [31m[1m^^^^^^^^^^^^^^^^^^^^^^^^^^^^^^^[0m
[31m[1m>[0m [90m2325 |[0m                     </button>
  [90m     |[0m [31m[1m^^^^^^^^^^^^^^^^^^^^^^^^^^^^^[0m
[31m[1m>[0m [90m2326 |[0m                     <button 
className=[32m"flex-1 border border-gray-300 text-gray-700 px-4 ...[0m
  [90m     |[0m [31m[1m^^^^^^^^^^^^^^^^^^^^^^^^^^^^^^^^^^^^^^^^^^^^^^^^^^^^
^^^^^^^^^^^^^^^^^^^^^^^^^^^^^^^^^^^^^^^[0m
[31m[1m>[0m [90m2327 |[0m                       [33mView[0m 
[33mProfile[0m
  [90m     |[0m [31m[1m^^^^^^^^^^^^^^^^^^^^^^^^^^^^^^^^^^[0m
[31m[1m>[0m [90m2328 |[0m                     </button>
  [90m     |[0m [31m[1m^^^^^^^^^^^^^^^^^^^^^^^^^^^^^[0m
[31m[1m>[0m [90m2329 |[0m                   </div>
  [90m     |[0m [31m[1m^^^^^^^^^^^^^^^^^^^^^^^^[0m
[31m[1m>[0m [90m2330 |[0m                 </motion.div>
  [90m     |[0m [31m[1m^^^^^^^^^^^^^^^^^^^^^^^^^^^^^[0m
[31m[1m>[0m [90m2331 |[0m
  [90m     |[0m [31m[1m^[0m
[31m[1m>[0m [90m2332 |[0m                 <motion.div
  [90m     |[0m [31m[1m^^^^^^^^^^^^^^^^^^^^^^^^^^^[0m
[31m[1m>[0m [90m2333 |[0m                   className=[32m"bg-white 
rounded-2xl shadow-lg p-6 transform -rotate-1 abso...[0m
  [90m     |[0m [31m[1m^^^^^^^^^^^^^^^^^^^^^^^^^^^^^^^^^^^^^^^^^^^^^^^^^^^^
^^^^^^^^^^^^^^^^^^^^^^^^^^^^^^^^^^^^^^^[0m
[31m[1m>[0m [90m2334 |[0m                   animate={{ y: [[35m0[0m, 
-[35m5[0m, [35m0[0m] }}
  [90m     |[0m [31m[1m^^^^^^^^^^^^^^^^^^^^^^^^^^^^^^^^^^^^^^^^^^^^^[0m
[31m[1m>[0m [90m2335 |[0m                   transition={{ duration: 
[35m4[0m, repeat: [33mInfinity[0m }}
  [90m     |[0m 
[31m[1m^^^^^^^^^^^^^^^^^^^^^^^^^^^^^^^^^^^^^^^^^^^^^^^^^^^^^^^^^^^^^^^^[0m
[31m[1m>[0m [90m2336 |[0m                 >
  [90m     |[0m [31m[1m^^^^^^^^^^^^^^^^^[0m
[31m[1m>[0m [90m2337 |[0m                   <div className=[32m"flex 
items-center gap-3 mb-4"[0m>
  [90m     |[0m 
[31m[1m^^^^^^^^^^^^^^^^^^^^^^^^^^^^^^^^^^^^^^^^^^^^^^^^^^^^^^^^^^^^^^^^[0m
[31m[1m>[0m [90m2338 |[0m                     <div className=[32m"w-12 
h-12 bg-gradient-to-br from-blue-400 to-purple-...[0m
  [90m     |[0m [31m[1m^^^^^^^^^^^^^^^^^^^^^^^^^^^^^^^^^^^^^^^^^^^^^^^^^^^^
^^^^^^^^^^^^^^^^^^^^^^^^^^^^^^^^^^^^^^^[0m
[31m[1m>[0m [90m2339 |[0m                       [33mSJ[0m
  [90m     |[0m [31m[1m^^^^^^^^^^^^^^^^^^^^^^^^[0m
[31m[1m>[0m [90m2340 |[0m                     </div>
  [90m     |[0m [31m[1m^^^^^^^^^^^^^^^^^^^^^^^^^^[0m
[31m[1m>[0m [90m2341 |[0m                     <div>
  [90m     |[0m [31m[1m^^^^^^^^^^^^^^^^^^^^^^^^^[0m
[31m[1m>[0m [90m2342 |[0m                       <p 
className=[32m"font-medium text-gray-900"[0m>[33mSarah[0m [33mJ[0m.</p>
  [90m     |[0m [31m[1m^^^^^^^^^^^^^^^^^^^^^^^^^^^^^^^^^^^^^^^^^^^^^^^^^^^^
^^^^^^^^^^^^^^^^^^^^^^^[0m
[31m[1m>[0m [90m2343 |[0m                       <p 
className=[32m"text-sm text-gray-500"[0m>[33mFrom[0m [33mLondon[0m</p>
  [90m     |[0m [31m[1m^^^^^^^^^^^^^^^^^^^^^^^^^^^^^^^^^^^^^^^^^^^^^^^^^^^^
^^^^^^^^^^^^^^^^^^^^^^[0m
[31m[1m>[0m [90m2344 |[0m                     </div>
  [90m     |[0m [31m[1m^^^^^^^^^^^^^^^^^^^^^^^^^^[0m
[31m[1m>[0m [90m2345 |[0m                   </div>
  [90m     |[0m [31m[1m^^^^^^^^^^^^^^^^^^^^^^^^[0m
[31m[1m>[0m [90m2346 |[0m                   <div 
className=[32m"space-y-2 mb-4"[0m>
  [90m     |[0m 
[31m[1m^^^^^^^^^^^^^^^^^^^^^^^^^^^^^^^^^^^^^^^^^^^^^^^^^^[0m
[31m[1m>[0m [90m2347 |[0m                     <p className=[32m"text-sm 
text-gray-600"[0m>[33mHeading[0m to: [33mBali[0m, [33mIndonesia[0m</p>
  [90m     |[0m [31m[1m^^^^^^^^^^^^^^^^^^^^^^^^^^^^^^^^^^^^^^^^^^^^^^^^^^^^
^^^^^^^^^^^^^^^^^^^^^^^^^^^^^^^^^^^^[0m
[31m[1m>[0m [90m2348 |[0m                     <p className=[32m"text-sm 
text-gray-600"[0m>[33mDates[0m: [33mJun[0m [35m16[0m - [33mJun[0m 
[35m23[0m</p>
  [90m     |[0m [31m[1m^^^^^^^^^^^^^^^^^^^^^^^^^^^^^^^^^^^^^^^^^^^^^^^^^^^^
^^^^^^^^^^^^^^^^^^^^^^^^^^^^^^^[0m
[31m[1m>[0m [90m2349 |[0m                     <p className=[32m"text-sm 
text-gray-600"[0m>[33mBudget[0m: $900 - $1200</p>
  [90m     |[0m [31m[1m^^^^^^^^^^^^^^^^^^^^^^^^^^^^^^^^^^^^^^^^^^^^^^^^^^^^
^^^^^^^^^^^^^^^^^^^^^^^^^^^^^[0m
[31m[1m>[0m [90m2350 |[0m                   </div>
  [90m     |[0m [31m[1m^^^^^^^^^^^^^^^^^^^^^^^^[0m
[31m[1m>[0m [90m2351 |[0m                   <div className=[32m"flex 
flex-wrap gap-2 mb-4"[0m>
  [90m     |[0m 
[31m[1m^^^^^^^^^^^^^^^^^^^^^^^^^^^^^^^^^^^^^^^^^^^^^^^^^^^^^^^^^^^^^[0m
[31m[1m>[0m [90m2352 |[0m                     <span 
className=[32m"bg-gray-100 text-gray-700 px-2 py-1 rounded-full te...[0m
  [90m     |[0m [31m[1m^^^^^^^^^^^^^^^^^^^^^^^^^^^^^^^^^^^^^^^^^^^^^^^^^^^^
^^^^^^^^^^^^^^^^^^^^^^^^^^^^^^^^^^^^^^^[0m
[31m[1m>[0m [90m2353 |[0m                     <span 
className=[32m"bg-gray-100 text-gray-700 px-2 py-1 rounded-full te...[0m
  [90m     |[0m [31m[1m^^^^^^^^^^^^^^^^^^^^^^^^^^^^^^^^^^^^^^^^^^^^^^^^^^^^
^^^^^^^^^^^^^^^^^^^^^^^^^^^^^^^^^^^^^^^[0m
[31m[1m>[0m [90m2354 |[0m                     <span 
className=[32m"bg-gray-100 text-gray-700 px-2 py-1 rounded-full te...[0m
  [90m     |[0m [31m[1m^^^^^^^^^^^^^^^^^^^^^^^^^^^^^^^^^^^^^^^^^^^^^^^^^^^^
^^^^^^^^^^^^^^^^^^^^^^^^^^^^^^^^^^^^^^^[0m
[31m[1m>[0m [90m2355 |[0m                   </div>
  [90m     |[0m [31m[1m^^^^^^^^^^^^^^^^^^^^^^^^[0m
[31m[1m>[0m [90m2356 |[0m                   <div 
className=[32m"mb-4"[0m>
  [90m     |[0m [31m[1m^^^^^^^^^^^^^^^^^^^^^^^^^^^^^^^^^^^^^^^^[0m
[31m[1m>[0m [90m2357 |[0m                     <div className=[32m"flex 
justify-between text-sm mb-1"[0m>
  [90m     |[0m [31m[1m^^^^^^^^^^^^^^^^^^^^^^^^^^^^^^^^^^^^^^^^^^^^^^^^^^^^
^^^^^^^^^^^^^^^^^^^[0m
[31m[1m>[0m [90m2358 |[0m                       <span 
className=[32m"text-gray-600"[0m>[33mVibe[0m [33mMatch[0m</span>
  [90m     |[0m [31m[1m^^^^^^^^^^^^^^^^^^^^^^^^^^^^^^^^^^^^^^^^^^^^^^^^^^^^
^^^^^^^^^^^^^^^^^^^[0m
[31m[1m>[0m [90m2359 |[0m                       <span 
className=[32m"text-green-600 font-medium"[0m>[35m89[0m%</span>
  [90m     |[0m [31m[1m^^^^^^^^^^^^^^^^^^^^^^^^^^^^^^^^^^^^^^^^^^^^^^^^^^^^
^^^^^^^^^^^^^^^^^^^^^^^^^[0m
[31m[1m>[0m [90m2360 |[0m                     </div>
  [90m     |[0m [31m[1m^^^^^^^^^^^^^^^^^^^^^^^^^^[0m
[31m[1m>[0m [90m2361 |[0m                     <div className=[32m"w-full 
bg-gray-200 rounded-full h-2"[0m>
  [90m     |[0m [31m[1m^^^^^^^^^^^^^^^^^^^^^^^^^^^^^^^^^^^^^^^^^^^^^^^^^^^^
^^^^^^^^^^^^^^^^^^^^^[0m
[31m[1m>[0m [90m2362 |[0m                       <div 
className=[32m"bg-green-500 h-2 rounded-full"[0m style={{ width: 
[32m'89..[0m.
  [90m     |[0m [31m[1m^^^^^^^^^^^^^^^^^^^^^^^^^^^^^^^^^^^^^^^^^^^^^^^^^^^^
^^^^^^^^^^^^^^^^^^^^^^^^^^^^^^^^^^^^^^^[0m
[31m[1m>[0m [90m2363 |[0m                     </div>
  [90m     |[0m [31m[1m^^^^^^^^^^^^^^^^^^^^^^^^^^[0m
[31m[1m>[0m [90m2364 |[0m                   </div>
  [90m     |[0m [31m[1m^^^^^^^^^^^^^^^^^^^^^^^^[0m
[31m[1m>[0m [90m2365 |[0m                   <div className=[32m"flex 
gap-2"[0m>
  [90m     |[0m [31m[1m^^^^^^^^^^^^^^^^^^^^^^^^^^^^^^^^^^^^^^^^^^^^^^[0m
[31m[1m>[0m [90m2366 |[0m                     <button 
className=[32m"flex-1 bg-[#FF6B35] text-white px-4 py-2 rounded-...[0m
  [90m     |[0m [31m[1m^^^^^^^^^^^^^^^^^^^^^^^^^^^^^^^^^^^^^^^^^^^^^^^^^^^^
^^^^^^^^^^^^^^^^^^^^^^^^^^^^^^^^^^^^^^^[0m
[31m[1m>[0m [90m2367 |[0m                       [33mSay[0m 
[33mHello[0m
  [90m     |[0m [31m[1m^^^^^^^^^^^^^^^^^^^^^^^^^^^^^^^[0m
[31m[1m>[0m [90m2368 |[0m                     </button>
  [90m     |[0m [31m[1m^^^^^^^^^^^^^^^^^^^^^^^^^^^^^[0m
[31m[1m>[0m [90m2369 |[0m                     <button 
className=[32m"flex-1 border border-gray-300 text-gray-700 px-4 ...[0m
  [90m     |[0m [31m[1m^^^^^^^^^^^^^^^^^^^^^^^^^^^^^^^^^^^^^^^^^^^^^^^^^^^^
^^^^^^^^^^^^^^^^^^^^^^^^^^^^^^^^^^^^^^^[0m
[31m[1m>[0m [90m2370 |[0m                       [33mView[0m 
[33mProfile[0m
  [90m     |[0m [31m[1m^^^^^^^^^^^^^^^^^^^^^^^^^^^^^^^^^^[0m
[31m[1m>[0m [90m2371 |[0m                     </button>
  [90m     |[0m [31m[1m^^^^^^^^^^^^^^^^^^^^^^^^^^^^^[0m
[31m[1m>[0m [90m2372 |[0m                   </div>
  [90m     |[0m [31m[1m^^^^^^^^^^^^^^^^^^^^^^^^[0m
[31m[1m>[0m [90m2373 |[0m                 </motion.div>
  [90m     |[0m [31m[1m^^^^^^^^^^^^^^^^^^^^^^^^^^^^^[0m
[31m[1m>[0m [90m2374 |[0m               </div>
  [90m     |[0m [31m[1m^^^^^^^^^^^^^^^^^^^^[0m
[31m[1m>[0m [90m2375 |[0m             </motion.div>
  [90m     |[0m [31m[1m^^^^^^^^^^^^^^^^^^^^^^^^^[0m
[31m[1m>[0m [90m2376 |[0m           </div>
  [90m     |[0m [31m[1m^^^^^^^^^^^^^^^^[0m
[31m[1m>[0m [90m2377 |[0m         </div>
  [90m     |[0m [31m[1m^^^^^^^^^^^^^^[0m
[31m[1m>[0m [90m2378 |[0m       </section>
  [90m     |[0m [31m[1m^^^^^^^^^^^^^^^^[0m
[31m[1m>[0m [90m2379 |[0m
  [90m     |[0m [31m[1m^[0m
[31m[1m>[0m [90m2380 |[0m       {[90m/* Social Proof */[0m}
  [90m     |[0m [31m[1m^^^^^^^^^^^^^^^^^^^^^^^^^^[0m
[31m[1m>[0m [90m2381 |[0m       <section className=[32m"py-20 
bg-[#F7F8FC] px-4"[0m>
  [90m     |[0m 
[31m[1m^^^^^^^^^^^^^^^^^^^^^^^^^^^^^^^^^^^^^^^^^^^^^^^^^^^[0m
[31m[1m>[0m [90m2382 |[0m         <div className=[32m"max-w-7xl 
mx-auto"[0m>
  [90m     |[0m [31m[1m^^^^^^^^^^^^^^^^^^^^^^^^^^^^^^^^^^^^^^^^^^^[0m
[31m[1m>[0m [90m2383 |[0m           <motion.div
  [90m     |[0m [31m[1m^^^^^^^^^^^^^^^^^^^^^[0m
[31m[1m>[0m [90m2384 |[0m             className=[32m"text-center 
mb-16"[0m
  [90m     |[0m [31m[1m^^^^^^^^^^^^^^^^^^^^^^^^^^^^^^^^^^^^^^^^^[0m
[31m[1m>[0m [90m2385 |[0m             initial={{ opacity: [35m0[0m, y: 
[35m30[0m }}
  [90m     |[0m [31m[1m^^^^^^^^^^^^^^^^^^^^^^^^^^^^^^^^^^^^^^^^^^^[0m
[31m[1m>[0m [90m2386 |[0m             whileInView={{ opacity: [35m1[0m, 
y: [35m0[0m }}
  [90m     |[0m [31m[1m^^^^^^^^^^^^^^^^^^^^^^^^^^^^^^^^^^^^^^^^^^^^^^[0m
[31m[1m>[0m [90m2387 |[0m             viewport={{ once: [36mtrue[0m }}
  [90m     |[0m [31m[1m^^^^^^^^^^^^^^^^^^^^^^^^^^^^^^^^^^^^^[0m
[31m[1m>[0m [90m2388 |[0m           >
  [90m     |[0m [31m[1m^^^^^^^^^^^[0m
[31m[1m>[0m [90m2389 |[0m             <div className=[32m"text-[#FF6B35] 
text-sm font-medium tracking-wider uppercase ...[0m
  [90m     |[0m [31m[1m^^^^^^^^^^^^^^^^^^^^^^^^^^^^^^^^^^^^^^^^^^^^^^^^^^^^
^^^^^^^^^^^^^^^^^^^^^^^^^^^^^^^^^^^^^^^[0m
[31m[1m>[0m [90m2390 |[0m               [33mWHAT[0m [33mTRAVELERS[0m 
[33mSAY[0m
  [90m     |[0m [31m[1m^^^^^^^^^^^^^^^^^^^^^^^^^^^^^^^^[0m
[31m[1m>[0m [90m2391 |[0m             </div>
  [90m     |[0m [31m[1m^^^^^^^^^^^^^^^^^^[0m
[31m[1m>[0m [90m2392 |[0m             <h2 className=[32m"text-4xl 
md:text-5xl font-bold text-gray-900 mb-6"[0m>
  [90m     |[0m [31m[1m^^^^^^^^^^^^^^^^^^^^^^^^^^^^^^^^^^^^^^^^^^^^^^^^^^^^
^^^^^^^^^^^^^^^^^^^^^^^^^^[0m
[31m[1m>[0m [90m2393 |[0m               [33mReal[0m [33mTrips[0m. 
[33mReal[0m [33mSavings[0m.
  [90m     |[0m [31m[1m^^^^^^^^^^^^^^^^^^^^^^^^^^^^^^^^^^^^^^^[0m
[31m[1m>[0m [90m2394 |[0m             </h2>
  [90m     |[0m [31m[1m^^^^^^^^^^^^^^^^^[0m
[31m[1m>[0m [90m2395 |[0m           </motion.div>
  [90m     |[0m [31m[1m^^^^^^^^^^^^^^^^^^^^^^^[0m
[31m[1m>[0m [90m2396 |[0m
  [90m     |[0m [31m[1m^[0m
[31m[1m>[0m [90m2397 |[0m           <div className=[32m"grid 
md:grid-cols-3 gap-8"[0m>
  [90m     |[0m 
[31m[1m^^^^^^^^^^^^^^^^^^^^^^^^^^^^^^^^^^^^^^^^^^^^^^^^^^^^^[0m
[31m[1m>[0m [90m2398 |[0m             {testimonials.map((testimonial, 
index) => (
  [90m     |[0m 
[31m[1m^^^^^^^^^^^^^^^^^^^^^^^^^^^^^^^^^^^^^^^^^^^^^^^^^^^^^^^[0m
[31m[1m>[0m [90m2399 |[0m               <motion.div
  [90m     |[0m [31m[1m^^^^^^^^^^^^^^^^^^^^^^^^^[0m
[31m[1m>[0m [90m2400 |[0m                 key={index}
  [90m     |[0m [31m[1m^^^^^^^^^^^^^^^^^^^^^^^^^^^[0m
[31m[1m>[0m [90m2401 |[0m                 className=[32m"bg-white 
rounded-2xl shadow-lg p-8"[0m
  [90m     |[0m 
[31m[1m^^^^^^^^^^^^^^^^^^^^^^^^^^^^^^^^^^^^^^^^^^^^^^^^^^^^^^^^^^^^^^[0m
[31m[1m>[0m [90m2402 |[0m                 initial={{ opacity: [35m0[0m, 
y: [35m40[0m }}
  [90m     |[0m [31m[1m^^^^^^^^^^^^^^^^^^^^^^^^^^^^^^^^^^^^^^^^^^^^^^^[0m
[31m[1m>[0m [90m2403 |[0m                 whileInView={{ opacity: 
[35m1[0m, y: [35m0[0m }}
  [90m     |[0m 
[31m[1m^^^^^^^^^^^^^^^^^^^^^^^^^^^^^^^^^^^^^^^^^^^^^^^^^^[0m
[31m[1m>[0m [90m2404 |[0m                 viewport={{ once: [36mtrue[0m 
}}
  [90m     |[0m [31m[1m^^^^^^^^^^^^^^^^^^^^^^^^^^^^^^^^^^^^^^^^^[0m
[31m[1m>[0m [90m2405 |[0m                 transition={{ duration: 
[35m0.6[0m, delay: index * [35m0.1[0m }}
  [90m     |[0m 
[31m[1m^^^^^^^^^^^^^^^^^^^^^^^^^^^^^^^^^^^^^^^^^^^^^^^^^^^^^^^^^^^^^^^^^^[0m
[31m[1m>[0m [90m2406 |[0m               >
  [90m     |[0m [31m[1m^^^^^^^^^^^^^^^[0m
[31m[1m>[0m [90m2407 |[0m                 <div className=[32m"flex gap-1 
mb-4"[0m>
  [90m     |[0m 
[31m[1m^^^^^^^^^^^^^^^^^^^^^^^^^^^^^^^^^^^^^^^^^^^^^^^^^[0m
[31m[1m>[0m [90m2408 |[0m                   
{[...[33mArray[0m([35m5[0m)].map((_, i) => (
  [90m     |[0m [31m[1m^^^^^^^^^^^^^^^^^^^^^^^^^^^^^^^^^^^^^^^^^^^^^^^^[0m
[31m[1m>[0m [90m2409 |[0m                     <[33mStar[0m key={i} 
className=[32m"w-5 h-5 fill-[#FF6B35] text-[#FF6B35]"[0m />
  [90m     |[0m [31m[1m^^^^^^^^^^^^^^^^^^^^^^^^^^^^^^^^^^^^^^^^^^^^^^^^^^^^
^^^^^^^^^^^^^^^^^^^^^^^^^^^^^^^^^^[0m
[31m[1m>[0m [90m2410 |[0m                   ))}
  [90m     |[0m [31m[1m^^^^^^^^^^^^^^^^^^^^^[0m
[31m[1m>[0m [90m2411 |[0m                 </div>
  [90m     |[0m [31m[1m^^^^^^^^^^^^^^^^^^^^^^[0m
[31m[1m>[0m [90m2412 |[0m                 <blockquote 
className=[32m"text-gray-700 mb-6 leading-relaxed"[0m>
  [90m     |[0m [31m[1m^^^^^^^^^^^^^^^^^^^^^^^^^^^^^^^^^^^^^^^^^^^^^^^^^^^^
^^^^^^^^^^^^^^^^^^^^^^^[0m
[31m[1m>[0m [90m2413 |[0m                   [32m"{testimonial.quote}"[0m
  [90m     |[0m [31m[1m^^^^^^^^^^^^^^^^^^^^^^^^^^^^^^^^^^^^^^^[0m
[31m[1m>[0m [90m2414 |[0m                 </blockquote>
  [90m     |[0m [31m[1m^^^^^^^^^^^^^^^^^^^^^^^^^^^^^[0m
[31m[1m>[0m [90m2415 |[0m                 <div className=[32m"flex 
items-center gap-3"[0m>
  [90m     |[0m 
[31m[1m^^^^^^^^^^^^^^^^^^^^^^^^^^^^^^^^^^^^^^^^^^^^^^^^^^^^^^^^^[0m
[31m[1m>[0m [90m2416 |[0m                   <div className=[32m"w-10 
h-10 bg-gradient-to-br from-gray-400 to-gray-600 ...[0m
  [90m     |[0m [31m[1m^^^^^^^^^^^^^^^^^^^^^^^^^^^^^^^^^^^^^^^^^^^^^^^^^^^^
^^^^^^^^^^^^^^^^^^^^^^^^^^^^^^^^^^^^^^^[0m
[31m[1m>[0m [90m2417 |[0m                     
{testimonial.author.split([32m' 
'[0m)[[35m0[0m][[35m0[0m]}{testimonial.author.split([32m' 
'[0m)[[35m.[0m..
  [90m     |[0m [31m[1m^^^^^^^^^^^^^^^^^^^^^^^^^^^^^^^^^^^^^^^^^^^^^^^^^^^^
^^^^^^^^^^^^^^^^^^^^^^^^^^^^^^^^^^^^^^^[0m
[31m[1m>[0m [90m2418 |[0m                   </div>
  [90m     |[0m [31m[1m^^^^^^^^^^^^^^^^^^^^^^^^[0m
[31m[1m>[0m [90m2419 |[0m                   <div>
  [90m     |[0m [31m[1m^^^^^^^^^^^^^^^^^^^^^^^[0m
[31m[1m>[0m [90m2420 |[0m                     <p 
className=[32m"font-medium 
text-gray-900"[0m>{testimonial.author.split([32m'..[0m.
  [90m     |[0m [31m[1m^^^^^^^^^^^^^^^^^^^^^^^^^^^^^^^^^^^^^^^^^^^^^^^^^^^^
^^^^^^^^^^^^^^^^^^^^^^^^^^^^^^^^^^^^^^^[0m
[31m[1m>[0m [90m2421 |[0m                     <p className=[32m"text-sm 
text-gray-500"[0m>{testimonial.role}</p>
  [90m     |[0m [31m[1m^^^^^^^^^^^^^^^^^^^^^^^^^^^^^^^^^^^^^^^^^^^^^^^^^^^^
^^^^^^^^^^^^^^^^^^^^^^^^^^^[0m
[31m[1m>[0m [90m2422 |[0m                   </div>
  [90m     |[0m [31m[1m^^^^^^^^^^^^^^^^^^^^^^^^[0m
[31m[1m>[0m [90m2423 |[0m                 </div>
  [90m     |[0m [31m[1m^^^^^^^^^^^^^^^^^^^^^^[0m
[31m[1m>[0m [90m2424 |[0m               </motion.div>
  [90m     |[0m [31m[1m^^^^^^^^^^^^^^^^^^^^^^^^^^^[0m
[31m[1m>[0m [90m2425 |[0m             ))}
  [90m     |[0m [31m[1m^^^^^^^^^^^^^^^[0m
[31m[1m>[0m [90m2426 |[0m           </div>
  [90m     |[0m [31m[1m^^^^^^^^^^^^^^^^[0m
[31m[1m>[0m [90m2427 |[0m         </div>
  [90m     |[0m [31m[1m^^^^^^^^^^^^^^[0m
[31m[1m>[0m [90m2428 |[0m       </section>
  [90m     |[0m [31m[1m^^^^^^^^^^^^^^^^[0m
[31m[1m>[0m [90m2429 |[0m
  [90m     |[0m [31m[1m^[0m
[31m[1m>[0m [90m2430 |[0m       {[90m/* CTA Section */[0m}
  [90m     |[0m [31m[1m^^^^^^^^^^^^^^^^^^^^^^^^^[0m
[31m[1m>[0m [90m2431 |[0m       <section className=[32m"relative py-20 
px-4"[0m>
  [90m     |[0m [31m[1m^^^^^^^^^^^^^^^^^^^^^^^^^^^^^^^^^^^^^^^^^^^^^^^[0m
[31m[1m>[0m [90m2432 |[0m         <[33mImage[0m
  [90m     |[0m [31m[1m^^^^^^^^^^^^^^[0m
[31m[1m>[0m [90m2433 |[0m           src=[32m"https://images.unsplash.com/
photo-1539635278303-d4002c07eae3?w=1920&q=80"[0m
  [90m     |[0m [31m[1m^^^^^^^^^^^^^^^^^^^^^^^^^^^^^^^^^^^^^^^^^^^^^^^^^^^^
^^^^^^^^^^^^^^^^^^^^^^^^^^^^^^^^^^^^[0m
[31m[1m>[0m [90m2434 |[0m           alt=[32m"Group of travelers"[0m
  [90m     |[0m [31m[1m^^^^^^^^^^^^^^^^^^^^^^^^^^^^^^^^^^[0m
[31m[1m>[0m [90m2435 |[0m           fill
  [90m     |[0m [31m[1m^^^^^^^^^^^^^^[0m
[31m[1m>[0m [90m2436 |[0m           className=[32m"object-cover"[0m
  [90m     |[0m [31m[1m^^^^^^^^^^^^^^^^^^^^^^^^^^^^^^^^^^[0m
[31m[1m>[0m [90m2437 |[0m         />
  [90m     |[0m [31m[1m^^^^^^^^^^[0m
[31m[1m>[0m [90m2438 |[0m         <div className=[32m"absolute inset-0 
bg-black bg-opacity-75"[0m />
  [90m     |[0m [31m[1m^^^^^^^^^^^^^^^^^^^^^^^^^^^^^^^^^^^^^^^^^^^^^^^^^^^^
^^^^^^^^^^^^^^^[0m
[31m[1m>[0m [90m2439 |[0m
  [90m     |[0m [31m[1m^[0m
[31m[1m>[0m [90m2440 |[0m         <div className=[32m"relative z-10 
text-center text-white max-w-4xl mx-auto"[0m>
  [90m     |[0m [31m[1m^^^^^^^^^^^^^^^^^^^^^^^^^^^^^^^^^^^^^^^^^^^^^^^^^^^^
^^^^^^^^^^^^^^^^^^^^^^^^^^^^[0m
[31m[1m>[0m [90m2441 |[0m           <motion.h2
  [90m     |[0m [31m[1m^^^^^^^^^^^^^^^^^^^^[0m
[31m[1m>[0m [90m2442 |[0m             className=[32m"text-4xl 
md:text-6xl font-bold mb-6"[0m
  [90m     |[0m 
[31m[1m^^^^^^^^^^^^^^^^^^^^^^^^^^^^^^^^^^^^^^^^^^^^^^^^^^^^^^^^^^^[0m
[31m[1m>[0m [90m2443 |[0m             initial={{ opacity: [35m0[0m, y: 
[35m30[0m }}
  [90m     |[0m [31m[1m^^^^^^^^^^^^^^^^^^^^^^^^^^^^^^^^^^^^^^^^^^^[0m
[31m[1m>[0m [90m2444 |[0m             whileInView={{ opacity: [35m1[0m, 
y: [35m0[0m }}
  [90m     |[0m [31m[1m^^^^^^^^^^^^^^^^^^^^^^^^^^^^^^^^^^^^^^^^^^^^^^[0m
[31m[1m>[0m [90m2445 |[0m             viewport={{ once: [36mtrue[0m }}
  [90m     |[0m [31m[1m^^^^^^^^^^^^^^^^^^^^^^^^^^^^^^^^^^^^^[0m
[31m[1m>[0m [90m2446 |[0m           >
  [90m     |[0m [31m[1m^^^^^^^^^^^[0m
[31m[1m>[0m [90m2447 |[0m             [33mYour[0m [33mNext[0m 
[33mAdventure[0m<br />
  [90m     |[0m [31m[1m^^^^^^^^^^^^^^^^^^^^^^^^^^^^^^^^^^^^^[0m
[31m[1m>[0m [90m2448 |[0m             [33mStarts[0m [33mHere[0m.
  [90m     |[0m [31m[1m^^^^^^^^^^^^^^^^^^^^^^^^[0m
[31m[1m>[0m [90m2449 |[0m           </motion.h2>
  [90m     |[0m [31m[1m^^^^^^^^^^^^^^^^^^^^^^[0m
[31m[1m>[0m [90m2450 |[0m
  [90m     |[0m [31m[1m^[0m
[31m[1m>[0m [90m2451 |[0m           <motion.p
  [90m     |[0m [31m[1m^^^^^^^^^^^^^^^^^^^[0m
[31m[1m>[0m [90m2452 |[0m             className=[32m"text-lg md:text-xl 
text-white text-opacity-70 mb-12 max-w-2xl mx-...[0m
  [90m     |[0m [31m[1m^^^^^^^^^^^^^^^^^^^^^^^^^^^^^^^^^^^^^^^^^^^^^^^^^^^^
^^^^^^^^^^^^^^^^^^^^^^^^^^^^^^^^^^^^^^^[0m
[31m[1m>[0m [90m2453 |[0m             initial={{ opacity: [35m0[0m, y: 
[35m30[0m }}
  [90m     |[0m [31m[1m^^^^^^^^^^^^^^^^^^^^^^^^^^^^^^^^^^^^^^^^^^^[0m
[31m[1m>[0m [90m2454 |[0m             whileInView={{ opacity: [35m1[0m, 
y: [35m0[0m }}
  [90m     |[0m [31m[1m^^^^^^^^^^^^^^^^^^^^^^^^^^^^^^^^^^^^^^^^^^^^^^[0m
[31m[1m>[0m [90m2455 |[0m             viewport={{ once: [36mtrue[0m }}
  [90m     |[0m [31m[1m^^^^^^^^^^^^^^^^^^^^^^^^^^^^^^^^^^^^^[0m
[31m[1m>[0m [90m2456 |[0m             transition={{ delay: [35m0.2[0m }}
  [90m     |[0m [31m[1m^^^^^^^^^^^^^^^^^^^^^^^^^^^^^^^^^^^^^^^[0m
[31m[1m>[0m [90m2457 |[0m           >
  [90m     |[0m [31m[1m^^^^^^^^^^^[0m
[31m[1m>[0m [90m2458 |[0m             [33mJoin[0m thousands [36mof[0m 
travelers who plan smarter, spend less, and experience more.
  [90m     |[0m [31m[1m^^^^^^^^^^^^^^^^^^^^^^^^^^^^^^^^^^^^^^^^^^^^^^^^^^^^
^^^^^^^^^^^^^^^^^^^^^^^^^^^^^^^^^^^^^^[0m
[31m[1m>[0m [90m2459 |[0m           </motion.p>
  [90m     |[0m [31m[1m^^^^^^^^^^^^^^^^^^^^^[0m
[31m[1m>[0m [90m2460 |[0m
  [90m     |[0m [31m[1m^[0m
[31m[1m>[0m [90m2461 |[0m           <motion.form
  [90m     |[0m [31m[1m^^^^^^^^^^^^^^^^^^^^^^[0m
[31m[1m>[0m [90m2462 |[0m             className=[32m"max-w-md mx-auto 
mb-8"[0m
  [90m     |[0m [31m[1m^^^^^^^^^^^^^^^^^^^^^^^^^^^^^^^^^^^^^^^^^^^^^[0m
[31m[1m>[0m [90m2463 |[0m             initial={{ opacity: [35m0[0m, y: 
[35m30[0m }}
  [90m     |[0m [31m[1m^^^^^^^^^^^^^^^^^^^^^^^^^^^^^^^^^^^^^^^^^^^[0m
[31m[1m>[0m [90m2464 |[0m             whileInView={{ opacity: [35m1[0m, 
y: [35m0[0m }}
  [90m     |[0m [31m[1m^^^^^^^^^^^^^^^^^^^^^^^^^^^^^^^^^^^^^^^^^^^^^^[0m
[31m[1m>[0m [90m2465 |[0m             viewport={{ once: [36mtrue[0m }}
  [90m     |[0m [31m[1m^^^^^^^^^^^^^^^^^^^^^^^^^^^^^^^^^^^^^[0m
[31m[1m>[0m [90m2466 |[0m             transition={{ delay: [35m0.4[0m }}
  [90m     |[0m [31m[1m^^^^^^^^^^^^^^^^^^^^^^^^^^^^^^^^^^^^^^^[0m
[31m[1m>[0m [90m2467 |[0m             onSubmit={handleSubmit}
  [90m     |[0m [31m[1m^^^^^^^^^^^^^^^^^^^^^^^^^^^^^^^^^^^[0m
[31m[1m>[0m [90m2468 |[0m           >
  [90m     |[0m [31m[1m^^^^^^^^^^^[0m
[31m[1m>[0m [90m2469 |[0m             <div className=[32m"flex"[0m>
  [90m     |[0m [31m[1m^^^^^^^^^^^^^^^^^^^^^^^^^^^^^^^^^^[0m
[31m[1m>[0m [90m2470 |[0m               <input
  [90m     |[0m [31m[1m^^^^^^^^^^^^^^^^^^^^[0m
[31m[1m>[0m [90m2471 |[0m                 [36mtype[0m=[32m"email"[0m
  [90m     |[0m [31m[1m^^^^^^^^^^^^^^^^^^^^^^^^^^^^[0m
[31m[1m>[0m [90m2472 |[0m                 placeholder=[32m"Enter your 
email"[0m
  [90m     |[0m [31m[1m^^^^^^^^^^^^^^^^^^^^^^^^^^^^^^^^^^^^^^^^^^^^^^[0m
[31m[1m>[0m [90m2473 |[0m                 value={email}
  [90m     |[0m [31m[1m^^^^^^^^^^^^^^^^^^^^^^^^^^^^^[0m
[31m[1m>[0m [90m2474 |[0m                 onChange={(e) => 
setEmail(e.target.value)}
  [90m     |[0m 
[31m[1m^^^^^^^^^^^^^^^^^^^^^^^^^^^^^^^^^^^^^^^^^^^^^^^^^^^^^^^^^^[0m
[31m[1m>[0m [90m2475 |[0m                 className=[32m"flex-1 px-6 
py-4 rounded-l-full bg-white text-gray-900 placeh...[0m
  [90m     |[0m [31m[1m^^^^^^^^^^^^^^^^^^^^^^^^^^^^^^^^^^^^^^^^^^^^^^^^^^^^
^^^^^^^^^^^^^^^^^^^^^^^^^^^^^^^^^^^^^^^[0m
[31m[1m>[0m [90m2476 |[0m                 required
  [90m     |[0m [31m[1m^^^^^^^^^^^^^^^^^^^^^^^^[0m
[31m[1m>[0m [90m2477 |[0m               />
  [90m     |[0m [31m[1m^^^^^^^^^^^^^^^^[0m
[31m[1m>[0m [90m2478 |[0m               <button
  [90m     |[0m [31m[1m^^^^^^^^^^^^^^^^^^^^^[0m
[31m[1m>[0m [90m2479 |[0m                 [36mtype[0m=[32m"submit"[0m
  [90m     |[0m [31m[1m^^^^^^^^^^^^^^^^^^^^^^^^^^^^^[0m
[31m[1m>[0m [90m2480 |[0m                 className=[32m"bg-[#FF6B35] 
text-white px-8 py-4 rounded-r-full font-bold ho...[0m
  [90m     |[0m [31m[1m^^^^^^^^^^^^^^^^^^^^^^^^^^^^^^^^^^^^^^^^^^^^^^^^^^^^
^^^^^^^^^^^^^^^^^^^^^^^^^^^^^^^^^^^^^^^[0m
[31m[1m>[0m [90m2481 |[0m               >
  [90m     |[0m [31m[1m^^^^^^^^^^^^^^^[0m
[31m[1m>[0m [90m2482 |[0m                 [33mGet[0m [33mStarted[0m
  [90m     |[0m [31m[1m^^^^^^^^^^^^^^^^^^^^^^^^^^^[0m
[31m[1m>[0m [90m2483 |[0m               </button>
  [90m     |[0m [31m[1m^^^^^^^^^^^^^^^^^^^^^^^[0m
[31m[1m>[0m [90m2484 |[0m             </div>
  [90m     |[0m [31m[1m^^^^^^^^^^^^^^^^^^[0m
[31m[1m>[0m [90m2485 |[0m           </motion.form>
  [90m     |[0m [31m[1m^^^^^^^^^^^^^^^^^^^^^^^^[0m
[31m[1m>[0m [90m2486 |[0m
  [90m     |[0m [31m[1m^[0m
[31m[1m>[0m [90m2487 |[0m           <motion.div
  [90m     |[0m [31m[1m^^^^^^^^^^^^^^^^^^^^^[0m
[31m[1m>[0m [90m2488 |[0m             className=[32m"flex flex-col 
sm:flex-row justify-center gap-6 text-sm text-white...[0m
  [90m     |[0m [31m[1m^^^^^^^^^^^^^^^^^^^^^^^^^^^^^^^^^^^^^^^^^^^^^^^^^^^^
^^^^^^^^^^^^^^^^^^^^^^^^^^^^^^^^^^^^^^^[0m
[31m[1m>[0m [90m2489 |[0m             initial={{ opacity: [35m0[0m }}
  [90m     |[0m [31m[1m^^^^^^^^^^^^^^^^^^^^^^^^^^^^^^^^^^^^[0m
[31m[1m>[0m [90m2490 |[0m             whileInView={{ opacity: [35m1[0m 
}}
  [90m     |[0m [31m[1m^^^^^^^^^^^^^^^^^^^^^^^^^^^^^^^^^^^^^^^^[0m
[31m[1m>[0m [90m2491 |[0m             viewport={{ once: [36mtrue[0m }}
  [90m     |[0m [31m[1m^^^^^^^^^^^^^^^^^^^^^^^^^^^^^^^^^^^^^[0m
[31m[1m>[0m [90m2492 |[0m             transition={{ delay: [35m0.6[0m }}
  [90m     |[0m [31m[1m^^^^^^^^^^^^^^^^^^^^^^^^^^^^^^^^^^^^^^^[0m
[31m[1m>[0m [90m2493 |[0m           >
  [90m     |[0m [31m[1m^^^^^^^^^^^[0m
[31m[1m>[0m [90m2494 |[0m             <div className=[32m"flex 
items-center gap-2"[0m>
  [90m     |[0m 
[31m[1m^^^^^^^^^^^^^^^^^^^^^^^^^^^^^^^^^^^^^^^^^^^^^^^^^^^^^[0m
[31m[1m>[0m [90m2495 |[0m               <[33mCheck[0m 
className=[32m"w-4 h-4 text-[#1A936F]"[0m />
  [90m     |[0m 
[31m[1m^^^^^^^^^^^^^^^^^^^^^^^^^^^^^^^^^^^^^^^^^^^^^^^^^^^^^^^^^^[0m
[31m[1m>[0m [90m2496 |[0m               <span>[33mFree[0m to 
start</span>
  [90m     |[0m [31m[1m^^^^^^^^^^^^^^^^^^^^^^^^^^^^^^^^^^^^^^^^[0m
[31m[1m>[0m [90m2497 |[0m             </div>
  [90m     |[0m [31m[1m^^^^^^^^^^^^^^^^^^[0m
[31m[1m>[0m [90m2498 |[0m             <div className=[32m"flex 
items-center gap-2"[0m>
  [90m     |[0m 
[31m[1m^^^^^^^^^^^^^^^^^^^^^^^^^^^^^^^^^^^^^^^^^^^^^^^^^^^^^[0m
[31m[1m>[0m [90m2499 |[0m               <[33mCheck[0m 
className=[32m"w-4 h-4 text-[#1A936F]"[0m />
  [90m     |[0m 
[31m[1m^^^^^^^^^^^^^^^^^^^^^^^^^^^^^^^^^^^^^^^^^^^^^^^^^^^^^^^^^^[0m
[31m[1m>[0m [90m2500 |[0m               <span>[33mNo[0m credit 
card</span>
  [90m     |[0m [31m[1m^^^^^^^^^^^^^^^^^^^^^^^^^^^^^^^^^^^^^^^^^[0m
[31m[1m>[0m [90m2501 |[0m             </div>
  [90m     |[0m [31m[1m^^^^^^^^^^^^^^^^^^[0m
[31m[1m>[0m [90m2502 |[0m             <div className=[32m"flex 
items-center gap-2"[0m>
  [90m     |[0m 
[31m[1m^^^^^^^^^^^^^^^^^^^^^^^^^^^^^^^^^^^^^^^^^^^^^^^^^^^^^[0m
[31m[1m>[0m [90m2503 |[0m               <[33mCheck[0m 
className=[32m"w-4 h-4 text-[#1A936F]"[0m />
  [90m     |[0m 
[31m[1m^^^^^^^^^^^^^^^^^^^^^^^^^^^^^^^^^^^^^^^^^^^^^^^^^^^^^^^^^^[0m
[31m[1m>[0m [90m2504 |[0m               <span>[33mCancel[0m 
anytime</span>
  [90m     |[0m [31m[1m^^^^^^^^^^^^^^^^^^^^^^^^^^^^^^^^^^^^^^^^^[0m
[31m[1m>[0m [90m2505 |[0m             </div>
  [90m     |[0m [31m[1m^^^^^^^^^^^^^^^^^^[0m
[31m[1m>[0m [90m2506 |[0m           </motion.div>
  [90m     |[0m [31m[1m^^^^^^^^^^^^^^^^^^^^^^^[0m
[31m[1m>[0m [90m2507 |[0m         </div>
  [90m     |[0m [31m[1m^^^^^^^^^^^^^^[0m
[31m[1m>[0m [90m2508 |[0m       </section>
  [90m     |[0m [31m[1m^^^^^^^^^^^^^^^^[0m
[31m[1m>[0m [90m2509 |[0m
  [90m     |[0m [31m[1m^[0m
[31m[1m>[0m [90m2510 |[0m       {[90m/* Footer */[0m}
  [90m     |[0m [31m[1m^^^^^^^^^^^^^^^^^^^^[0m
[31m[1m>[0m [90m2511 |[0m       <footer className=[32m"bg-[#1C1C1E] 
text-white py-16 px-4"[0m>
  [90m     |[0m 
[31m[1m^^^^^^^^^^^^^^^^^^^^^^^^^^^^^^^^^^^^^^^^^^^^^^^^^^^^^^^^^^^^^[0m
[31m[1m>[0m [90m2512 |[0m         <div className=[32m"max-w-7xl 
mx-auto"[0m>
  [90m     |[0m [31m[1m^^^^^^^^^^^^^^^^^^^^^^^^^^^^^^^^^^^^^^^^^^^[0m
[31m[1m>[0m [90m2513 |[0m           <div className=[32m"grid 
md:grid-cols-4 gap-8 mb-12"[0m>
  [90m     |[0m 
[31m[1m^^^^^^^^^^^^^^^^^^^^^^^^^^^^^^^^^^^^^^^^^^^^^^^^^^^^^^^^^^^[0m
[31m[1m>[0m [90m2514 |[0m             <div 
className=[32m"md:col-span-2"[0m>
  [90m     |[0m [31m[1m^^^^^^^^^^^^^^^^^^^^^^^^^^^^^^^^^^^^^^^^^^^[0m
[31m[1m>[0m [90m2515 |[0m               <div className=[32m"flex 
items-center gap-2 mb-4"[0m>
  [90m     |[0m 
[31m[1m^^^^^^^^^^^^^^^^^^^^^^^^^^^^^^^^^^^^^^^^^^^^^^^^^^^^^^^^^^^^[0m
[31m[1m>[0m [90m2516 |[0m                 <svg
  [90m     |[0m [31m[1m^^^^^^^^^^^^^^^^^^^^[0m
[31m[1m>[0m [90m2517 |[0m                   width=[32m"32"[0m
  [90m     |[0m [31m[1m^^^^^^^^^^^^^^^^^^^^^^^^^^^^[0m
[31m[1m>[0m [90m2518 |[0m                   height=[32m"32"[0m
  [90m     |[0m [31m[1m^^^^^^^^^^^^^^^^^^^^^^^^^^^^^[0m
[31m[1m>[0m [90m2519 |[0m                   viewBox=[32m"0.0 32 32"[0m
  [90m     |[0m [31m[1m^^^^^^^^^^^^^^^^^^^^^^^^^^^^^^^^^^^^^[0m
[31m[1m>[0m [90m2520 |[0m                   fill=[32m"none"[0m
  [90m     |[0m [31m[1m^^^^^^^^^^^^^^^^^^^^^^^^^^^^^[0m
[31m[1m>[0m [90m2521 |[0m                   
xmlns=[32m"http://www.w3.org/2000/svg"[0m
  [90m     |[0m 
[31m[1m^^^^^^^^^^^^^^^^^^^^^^^^^^^^^^^^^^^^^^^^^^^^^^^^^^^^[0m
[31m[1m>[0m [90m2522 |[0m                 >
  [90m     |[0m [31m[1m^^^^^^^^^^^^^^^^^[0m
[31m[1m>[0m [90m2523 |[0m                   <circle cx=[32m"16"[0m 
cy=[32m"16"[0m r=[32m"16"[0m fill=[32m"#FF6B35"[0m />
  [90m     |[0m 
[31m[1m^^^^^^^^^^^^^^^^^^^^^^^^^^^^^^^^^^^^^^^^^^^^^^^^^^^^^^^^^^^^^^^^^^[0m
[31m[1m>[0m [90m2524 |[0m                   <path
  [90m     |[0m [31m[1m^^^^^^^^^^^^^^^^^^^^^^^[0m
[31m[1m>[0m [90m2525 |[0m                     d=[32m"M8 16l8-8 8 8M8 
16l8 8 8-8"[0m
  [90m     |[0m 
[31m[1m^^^^^^^^^^^^^^^^^^^^^^^^^^^^^^^^^^^^^^^^^^^^^^^^^^[0m
[31m[1m>[0m [90m2526 |[0m                     stroke=[32m"white"[0m
  [90m     |[0m [31m[1m^^^^^^^^^^^^^^^^^^^^^^^^^^^^^^^^^^[0m
[31m[1m>[0m [90m2527 |[0m                     strokeWidth=[32m"2"[0m
  [90m     |[0m [31m[1m^^^^^^^^^^^^^^^^^^^^^^^^^^^^^^^^^^^[0m
[31m[1m>[0m [90m2528 |[0m                     
strokeLinecap=[32m"round"[0m
  [90m     |[0m [31m[1m^^^^^^^^^^^^^^^^^^^^^^^^^^^^^^^^^^^^^^^^^[0m
[31m[1m>[0m [90m2529 |[0m                     
strokeLinejoin=[32m"round"[0m
  [90m     |[0m [31m[1m^^^^^^^^^^^^^^^^^^^^^^^^^^^^^^^^^^^^^^^^^^[0m
[31m[1m>[0m [90m2530 |[0m                   />
  [90m     |[0m [31m[1m^^^^^^^^^^^^^^^^^^^^[0m
[31m[1m>[0m [90m2531 |[0m                 </svg>
  [90m     |[0m [31m[1m^^^^^^^^^^^^^^^^^^^^^^[0m
[31m[1m>[0m [90m2532 |[0m                 <span className=[32m"text-xl 
font-bold"[0m>roamie</span>
  [90m     |[0m 
[31m[1m^^^^^^^^^^^^^^^^^^^^^^^^^^^^^^^^^^^^^^^^^^^^^^^^^^^^^^^^^^^^^^^^^[0m
[31m[1m>[0m [90m2533 |[0m               </div>
  [90m     |[0m [31m[1m^^^^^^^^^^^^^^^^^^^^[0m
[31m[1m>[0m [90m2534 |[0m               <p className=[32m"text-white 
text-opacity-50 text-sm leading-relaxed mb-6 max-...[0m
  [90m     |[0m [31m[1m^^^^^^^^^^^^^^^^^^^^^^^^^^^^^^^^^^^^^^^^^^^^^^^^^^^^
^^^^^^^^^^^^^^^^^^^^^^^^^^^^^^^^^^^^^^^[0m
[31m[1m>[0m [90m2535 |[0m                 [33mFind[0m [33mYour[0m 
[33mPeople[0m. [33mFind[0m [33mYour[0m [33mPlace[0m.
  [90m     |[0m 
[31m[1m^^^^^^^^^^^^^^^^^^^^^^^^^^^^^^^^^^^^^^^^^^^^^^^^^^[0m
[31m[1m>[0m [90m2536 |[0m               </p>
  [90m     |[0m [31m[1m^^^^^^^^^^^^^^^^^^[0m
[31m[1m>[0m [90m2537 |[0m               <div className=[32m"flex 
gap-4"[0m>
  [90m     |[0m [31m[1m^^^^^^^^^^^^^^^^^^^^^^^^^^^^^^^^^^^^^^^^^^[0m
[31m[1m>[0m [90m2538 |[0m                 <button className=[32m"w-10 
h-10 bg-white bg-opacity-10 rounded-full flex it...[0m
  [90m     |[0m [31m[1m^^^^^^^^^^^^^^^^^^^^^^^^^^^^^^^^^^^^^^^^^^^^^^^^^^^^
^^^^^^^^^^^^^^^^^^^^^^^^^^^^^^^^^^^^^^^[0m
[31m[1m>[0m [90m2539 |[0m                   <[33mHash[0m 
className=[32m"w-5 h-5"[0m />
  [90m     |[0m [31m[1m^^^^^^^^^^^^^^^^^^^^^^^^^^^^^^^^^^^^^^^^^^^^^^[0m
[31m[1m>[0m [90m2540 |[0m                 </button>
  [90m     |[0m [31m[1m^^^^^^^^^^^^^^^^^^^^^^^^^[0m
[31m[1m>[0m [90m2541 |[0m                 <button className=[32m"w-10 
h-10 bg-white bg-opacity-10 rounded-full flex it...[0m
  [90m     |[0m [31m[1m^^^^^^^^^^^^^^^^^^^^^^^^^^^^^^^^^^^^^^^^^^^^^^^^^^^^
^^^^^^^^^^^^^^^^^^^^^^^^^^^^^^^^^^^^^^^[0m
[31m[1m>[0m [90m2542 |[0m                   <[33mAtSign[0m 
className=[32m"w-5 h-5"[0m />
  [90m     |[0m [31m[1m^^^^^^^^^^^^^^^^^^^^^^^^^^^^^^^^^^^^^^^^^^^^^^^^[0m
[31m[1m>[0m [90m2543 |[0m                 </button>
  [90m     |[0m [31m[1m^^^^^^^^^^^^^^^^^^^^^^^^^[0m
[31m[1m>[0m [90m2544 |[0m                 <button className=[32m"w-10 
h-10 bg-white bg-opacity-10 rounded-full flex it...[0m
  [90m     |[0m [31m[1m^^^^^^^^^^^^^^^^^^^^^^^^^^^^^^^^^^^^^^^^^^^^^^^^^^^^
^^^^^^^^^^^^^^^^^^^^^^^^^^^^^^^^^^^^^^^[0m
[31m[1m>[0m [90m2545 |[0m                   <[33mLinkIcon[0m 
className=[32m"w-5 h-5"[0m />
  [90m     |[0m 
[31m[1m^^^^^^^^^^^^^^^^^^^^^^^^^^^^^^^^^^^^^^^^^^^^^^^^^^[0m
[31m[1m>[0m [90m2546 |[0m                 </button>
  [90m     |[0m [31m[1m^^^^^^^^^^^^^^^^^^^^^^^^^[0m
[31m[1m>[0m [90m2547 |[0m               </div>
  [90m     |[0m [31m[1m^^^^^^^^^^^^^^^^^^^^[0m
[31m[1m>[0m [90m2548 |[0m             </div>
  [90m     |[0m [31m[1m^^^^^^^^^^^^^^^^^^[0m
[31m[1m>[0m [90m2549 |[0m
  [90m     |[0m [31m[1m^[0m
[31m[1m>[0m [90m2550 |[0m             <div>
  [90m     |[0m [31m[1m^^^^^^^^^^^^^^^^^[0m
[31m[1m>[0m [90m2551 |[0m               <h4 className=[32m"text-white 
text-xs font-medium tracking-wider uppercase mb-..[0m.
  [90m     |[0m [31m[1m^^^^^^^^^^^^^^^^^^^^^^^^^^^^^^^^^^^^^^^^^^^^^^^^^^^^
^^^^^^^^^^^^^^^^^^^^^^^^^^^^^^^^^^^^^^^[0m
[31m[1m>[0m [90m2552 |[0m               <div 
className=[32m"space-y-3"[0m>
  [90m     |[0m [31m[1m^^^^^^^^^^^^^^^^^^^^^^^^^^^^^^^^^^^^^^^^^[0m
[31m[1m>[0m [90m2553 |[0m                 <[33mLink[0m 
href=[32m"#"[0m className=[32m"block text-white text-opacity-50 
hover:text-wh...[0m
  [90m     |[0m [31m[1m^^^^^^^^^^^^^^^^^^^^^^^^^^^^^^^^^^^^^^^^^^^^^^^^^^^^
^^^^^^^^^^^^^^^^^^^^^^^^^^^^^^^^^^^^^^^[0m
[31m[1m>[0m [90m2554 |[0m                 <[33mLink[0m 
href=[32m"#"[0m className=[32m"block text-white text-opacity-50 
hover:text-wh...[0m
  [90m     |[0m [31m[1m^^^^^^^^^^^^^^^^^^^^^^^^^^^^^^^^^^^^^^^^^^^^^^^^^^^^
^^^^^^^^^^^^^^^^^^^^^^^^^^^^^^^^^^^^^^^[0m
[31m[1m>[0m [90m2555 |[0m                 <[33mLink[0m 
href=[32m"#"[0m className=[32m"block text-white text-opacity-50 
hover:text-wh...[0m
  [90m     |[0m [31m[1m^^^^^^^^^^^^^^^^^^^^^^^^^^^^^^^^^^^^^^^^^^^^^^^^^^^^
^^^^^^^^^^^^^^^^^^^^^^^^^^^^^^^^^^^^^^^[0m
[31m[1m>[0m [90m2556 |[0m                 <[33mLink[0m 
href=[32m"#"[0m className=[32m"block text-white text-opacity-50 
hover:text-wh...[0m
  [90m     |[0m [31m[1m^^^^^^^^^^^^^^^^^^^^^^^^^^^^^^^^^^^^^^^^^^^^^^^^^^^^
^^^^^^^^^^^^^^^^^^^^^^^^^^^^^^^^^^^^^^^[0m
[31m[1m>[0m [90m2557 |[0m                 <[33mLink[0m 
href=[32m"#"[0m className=[32m"block text-white text-opacity-50 
hover:text-wh...[0m
  [90m     |[0m [31m[1m^^^^^^^^^^^^^^^^^^^^^^^^^^^^^^^^^^^^^^^^^^^^^^^^^^^^
^^^^^^^^^^^^^^^^^^^^^^^^^^^^^^^^^^^^^^^[0m
[31m[1m>[0m [90m2558 |[0m               </div>
  [90m     |[0m [31m[1m^^^^^^^^^^^^^^^^^^^^[0m
[31m[1m>[0m [90m2559 |[0m             </div>
  [90m     |[0m [31m[1m^^^^^^^^^^^^^^^^^^[0m
[31m[1m>[0m [90m2560 |[0m
  [90m     |[0m [31m[1m^[0m
[31m[1m>[0m [90m2561 |[0m             <div>
  [90m     |[0m [31m[1m^^^^^^^^^^^^^^^^^[0m
[31m[1m>[0m [90m2562 |[0m               <h4 className=[32m"text-white 
text-xs font-medium tracking-wider uppercase mb-..[0m.
  [90m     |[0m [31m[1m^^^^^^^^^^^^^^^^^^^^^^^^^^^^^^^^^^^^^^^^^^^^^^^^^^^^
^^^^^^^^^^^^^^^^^^^^^^^^^^^^^^^^^^^^^^^[0m
[31m[1m>[0m [90m2563 |[0m               <div 
className=[32m"space-y-3"[0m>
  [90m     |[0m [31m[1m^^^^^^^^^^^^^^^^^^^^^^^^^^^^^^^^^^^^^^^^^[0m
[31m[1m>[0m [90m2564 |[0m                 <[33mLink[0m 
href=[32m"#"[0m className=[32m"block text-white text-opacity-50 
hover:text-wh...[0m
  [90m     |[0m [31m[1m^^^^^^^^^^^^^^^^^^^^^^^^^^^^^^^^^^^^^^^^^^^^^^^^^^^^
^^^^^^^^^^^^^^^^^^^^^^^^^^^^^^^^^^^^^^^[0m
[31m[1m>[0m [90m2565 |[0m                 <[33mLink[0m 
href=[32m"#"[0m className=[32m"block text-white text-opacity-50 
hover:text-wh...[0m
  [90m     |[0m [31m[1m^^^^^^^^^^^^^^^^^^^^^^^^^^^^^^^^^^^^^^^^^^^^^^^^^^^^
^^^^^^^^^^^^^^^^^^^^^^^^^^^^^^^^^^^^^^^[0m
[31m[1m>[0m [90m2566 |[0m                 <[33mLink[0m 
href=[32m"#"[0m className=[32m"block text-white text-opacity-50 
hover:text-wh...[0m
  [90m     |[0m [31m[1m^^^^^^^^^^^^^^^^^^^^^^^^^^^^^^^^^^^^^^^^^^^^^^^^^^^^
^^^^^^^^^^^^^^^^^^^^^^^^^^^^^^^^^^^^^^^[0m
[31m[1m>[0m [90m2567 |[0m                 <[33mLink[0m 
href=[32m"#"[0m className=[32m"block text-white text-opacity-50 
hover:text-wh...[0m
  [90m     |[0m [31m[1m^^^^^^^^^^^^^^^^^^^^^^^^^^^^^^^^^^^^^^^^^^^^^^^^^^^^
^^^^^^^^^^^^^^^^^^^^^^^^^^^^^^^^^^^^^^^[0m
[31m[1m>[0m [90m2568 |[0m                 <[33mLink[0m 
href=[32m"#"[0m className=[32m"block text-white text-opacity-50 
hover:text-wh...[0m
  [90m     |[0m [31m[1m^^^^^^^^^^^^^^^^^^^^^^^^^^^^^^^^^^^^^^^^^^^^^^^^^^^^
^^^^^^^^^^^^^^^^^^^^^^^^^^^^^^^^^^^^^^^[0m
[31m[1m>[0m [90m2569 |[0m               </div>
  [90m     |[0m [31m[1m^^^^^^^^^^^^^^^^^^^^[0m
[31m[1m>[0m [90m2570 |[0m             </div>
  [90m     |[0m [31m[1m^^^^^^^^^^^^^^^^^^[0m
[31m[1m>[0m [90m2571 |[0m
  [90m     |[0m [31m[1m^[0m
[31m[1m>[0m [90m2572 |[0m             <div>
  [90m     |[0m [31m[1m^^^^^^^^^^^^^^^^^[0m
[31m[1m>[0m [90m2573 |[0m               <h4 className=[32m"text-white 
text-xs font-medium tracking-wider uppercase mb-..[0m.
  [90m     |[0m [31m[1m^^^^^^^^^^^^^^^^^^^^^^^^^^^^^^^^^^^^^^^^^^^^^^^^^^^^
^^^^^^^^^^^^^^^^^^^^^^^^^^^^^^^^^^^^^^^[0m
[31m[1m>[0m [90m2574 |[0m               <div 
className=[32m"space-y-3"[0m>
  [90m     |[0m [31m[1m^^^^^^^^^^^^^^^^^^^^^^^^^^^^^^^^^^^^^^^^^[0m
[31m[1m>[0m [90m2575 |[0m                 <[33mLink[0m 
href=[32m"#"[0m className=[32m"block text-white text-opacity-50 
hover:text-wh...[0m
  [90m     |[0m [31m[1m^^^^^^^^^^^^^^^^^^^^^^^^^^^^^^^^^^^^^^^^^^^^^^^^^^^^
^^^^^^^^^^^^^^^^^^^^^^^^^^^^^^^^^^^^^^^[0m
[31m[1m>[0m [90m2576 |[0m                 <[33mLink[0m 
href=[32m"#"[0m className=[32m"block text-white text-opacity-50 
hover:text-wh...[0m
  [90m     |[0m [31m[1m^^^^^^^^^^^^^^^^^^^^^^^^^^^^^^^^^^^^^^^^^^^^^^^^^^^^
^^^^^^^^^^^^^^^^^^^^^^^^^^^^^^^^^^^^^^^[0m
[31m[1m>[0m [90m2577 |[0m                 <[33mLink[0m 
href=[32m"#"[0m className=[32m"block text-white text-opacity-50 
hover:text-wh...[0m
  [90m     |[0m [31m[1m^^^^^^^^^^^^^^^^^^^^^^^^^^^^^^^^^^^^^^^^^^^^^^^^^^^^
^^^^^^^^^^^^^^^^^^^^^^^^^^^^^^^^^^^^^^^[0m
[31m[1m>[0m [90m2578 |[0m                 <[33mLink[0m 
href=[32m"#"[0m className=[32m"block text-white text-opacity-50 
hover:text-wh...[0m
  [90m     |[0m [31m[1m^^^^^^^^^^^^^^^^^^^^^^^^^^^^^^^^^^^^^^^^^^^^^^^^^^^^
^^^^^^^^^^^^^^^^^^^^^^^^^^^^^^^^^^^^^^^[0m
[31m[1m>[0m [90m2579 |[0m               </div>
  [90m     |[0m [31m[1m^^^^^^^^^^^^^^^^^^^^[0m
[31m[1m>[0m [90m2580 |[0m             </div>
  [90m     |[0m [31m[1m^^^^^^^^^^^^^^^^^^[0m
[31m[1m>[0m [90m2581 |[0m           </div>
  [90m     |[0m [31m[1m^^^^^^^^^^^^^^^^[0m
[31m[1m>[0m [90m2582 |[0m
  [90m     |[0m [31m[1m^[0m
[31m[1m>[0m [90m2583 |[0m           <div className=[32m"border-t 
border-white border-opacity-10 pt-8"[0m>
  [90m     |[0m [31m[1m^^^^^^^^^^^^^^^^^^^^^^^^^^^^^^^^^^^^^^^^^^^^^^^^^^^^
^^^^^^^^^^^^^^^^^^^^[0m
[31m[1m>[0m [90m2584 |[0m             <div className=[32m"flex flex-col 
md:flex-row justify-between items-center"[0m>
  [90m     |[0m [31m[1m^^^^^^^^^^^^^^^^^^^^^^^^^^^^^^^^^^^^^^^^^^^^^^^^^^^^
^^^^^^^^^^^^^^^^^^^^^^^^^^^^^^^^[0m
[31m[1m>[0m [90m2585 |[0m               <p className=[32m"text-white 
text-opacity-40 text-sm"[0m>
  [90m     |[0m 
[31m[1m^^^^^^^^^^^^^^^^^^^^^^^^^^^^^^^^^^^^^^^^^^^^^^^^^^^^^^^^^^^^^^^^[0m
[31m[1m>[0m [90m2586 |[0m                 ┬⌐ [35m2025[0m 
[33mRoamie[0m [33mTechnologies[0m. [33mAll[0m rights reserved.
  [90m     |[0m 
[31m[1m^^^^^^^^^^^^^^^^^^^^^^^^^^^^^^^^^^^^^^^^^^^^^^^^^^^^^^^^^^^^^^^^[0m
[31m[1m>[0m [90m2587 |[0m               </p>
  [90m     |[0m [31m[1m^^^^^^^^^^^^^^^^^^[0m
[31m[1m>[0m [90m2588 |[0m               <div className=[32m"flex gap-6 
mt-4 md:mt-0"[0m>
  [90m     |[0m 
[31m[1m^^^^^^^^^^^^^^^^^^^^^^^^^^^^^^^^^^^^^^^^^^^^^^^^^^^^^^^[0m
[31m[1m>[0m [90m2589 |[0m                 <[33mLink[0m 
href=[32m"#"[0m className=[32m"text-white text-opacity-40 hover:text-white 
te...[0m
  [90m     |[0m [31m[1m^^^^^^^^^^^^^^^^^^^^^^^^^^^^^^^^^^^^^^^^^^^^^^^^^^^^
^^^^^^^^^^^^^^^^^^^^^^^^^^^^^^^^^^^^^^^[0m
[31m[1m>[0m [90m2590 |[0m                 <[33mLink[0m 
href=[32m"#"[0m className=[32m"text-white text-opacity-40 hover:text-white 
te...[0m
  [90m     |[0m [31m[1m^^^^^^^^^^^^^^^^^^^^^^^^^^^^^^^^^^^^^^^^^^^^^^^^^^^^
^^^^^^^^^^^^^^^^^^^^^^^^^^^^^^^^^^^^^^^[0m
[31m[1m>[0m [90m2591 |[0m                 <[33mLink[0m 
href=[32m"#"[0m className=[32m"text-white text-opacity-40 hover:text-white 
te...[0m
  [90m     |[0m [31m[1m^^^^^^^^^^^^^^^^^^^^^^^^^^^^^^^^^^^^^^^^^^^^^^^^^^^^
^^^^^^^^^^^^^^^^^^^^^^^^^^^^^^^^^^^^^^^[0m
[31m[1m>[0m [90m2592 |[0m               </div>
  [90m     |[0m [31m[1m^^^^^^^^^^^^^^^^^^^^[0m
[31m[1m>[0m [90m2593 |[0m             </div>
  [90m     |[0m [31m[1m^^^^^^^^^^^^^^^^^^[0m
[31m[1m>[0m [90m2594 |[0m           </div>
  [90m     |[0m [31m[1m^^^^^^^^^^^^^^^^[0m
[31m[1m>[0m [90m2595 |[0m         </div>
  [90m     |[0m [31m[1m^^^^^^^^^^^^^^[0m
[31m[1m>[0m [90m2596 |[0m       </footer>
  [90m     |[0m [31m[1m^^^^^^^^^^^^^^^[0m
[31m[1m>[0m [90m2597 |[0m     </div>
  [90m     |[0m [31m[1m^^^^^^^^^^[0m
[31m[1m>[0m [90m2598 |[0m   );
  [90m     |[0m [31m[1m^^^^[0m
[31m[1m>[0m [90m2599 |[0m }
  [90m     |[0m [31m[1m^[0m
  [90m2600 |[0m
  [90m2601 |[0m [36mconst[0m features = [
  [90m2602 |[0m   {

Ecmascript file had an error

Import traces:
  Client Component Browser:
    ./src/app/page.tsx [Client Component Browser]
    ./src/app/page.tsx [Server Component]

  Client Component SSR:
    ./src/app/page.tsx [Client Component SSR]
    ./src/app/page.tsx [Server Component]


./src/app/page.tsx:1442:10
the name `motion` is defined multiple times
  [90m1440 |[0m [32m"use client"[0m;
  [90m1441 |[0m
[31m[1m>[0m [90m1442 |[0m [36mimport[0m { motion, useInView, useScroll 
} [36mfrom[0m [32m"framer-motion"[0m;
  [90m     |[0m          [31m[1m^^^^^^[0m
  [90m1443 |[0m [36mimport[0m [33mImage[0m [36mfrom[0m 
[32m"next/image"[0m;
  [90m1444 |[0m [36mimport[0m { useEffect, useRef, useState } 
[36mfrom[0m [32m"react"[0m;
  [90m1445 |[0m [36mimport[0m {

Ecmascript file had an error

Import traces:
  Client Component Browser:
    ./src/app/page.tsx [Client Component Browser]
    ./src/app/page.tsx [Server Component]

  Client Component SSR:
    ./src/app/page.tsx [Client Component SSR]
    ./src/app/page.tsx [Server Component]


./src/app/page.tsx:1444:10
the name `useEffect` is defined multiple times
  [90m1442 |[0m [36mimport[0m { motion, useInView, useScroll } 
[36mfrom[0m [32m"framer-motion"[0m;
  [90m1443 |[0m [36mimport[0m [33mImage[0m [36mfrom[0m 
[32m"next/image"[0m;
[31m[1m>[0m [90m1444 |[0m [36mimport[0m { useEffect, useRef, useState } 
[36mfrom[0m [32m"react"[0m;
  [90m     |[0m          [31m[1m^^^^^^^^^[0m
  [90m1445 |[0m [36mimport[0m {
  [90m1446 |[0m   [33mPlay[0m,
  [90m1447 |[0m   [33mChevronDown[0m,

Ecmascript file had an error

Import traces:
  Client Component Browser:
    ./src/app/page.tsx [Client Component Browser]
    ./src/app/page.tsx [Server Component]

  Client Component SSR:
    ./src/app/page.tsx [Client Component SSR]
    ./src/app/page.tsx [Server Component]


./src/app/page.tsx:1442:18
the name `useInView` is defined multiple times
  [90m1440 |[0m [32m"use client"[0m;
  [90m1441 |[0m
[31m[1m>[0m [90m1442 |[0m [36mimport[0m { motion, useInView, useScroll 
} [36mfrom[0m [32m"framer-motion"[0m;
  [90m     |[0m                  [31m[1m^^^^^^^^^[0m
  [90m1443 |[0m [36mimport[0m [33mImage[0m [36mfrom[0m 
[32m"next/image"[0m;
  [90m1444 |[0m [36mimport[0m { useEffect, useRef, useState } 
[36mfrom[0m [32m"react"[0m;
  [90m1445 |[0m [36mimport[0m {

Ecmascript file had an error

Import traces:
  Client Component Browser:
    ./src/app/page.tsx [Client Component Browser]
    ./src/app/page.tsx [Server Component]

  Client Component SSR:
    ./src/app/page.tsx [Client Component SSR]
    ./src/app/page.tsx [Server Component]


./src/app/page.tsx:1444:21
the name `useRef` is defined multiple times
  [90m1442 |[0m [36mimport[0m { motion, useInView, useScroll } 
[36mfrom[0m [32m"framer-motion"[0m;
  [90m1443 |[0m [36mimport[0m [33mImage[0m [36mfrom[0m 
[32m"next/image"[0m;
[31m[1m>[0m [90m1444 |[0m [36mimport[0m { useEffect, useRef, useState } 
[36mfrom[0m [32m"react"[0m;
  [90m     |[0m                     [31m[1m^^^^^^[0m
  [90m1445 |[0m [36mimport[0m {
  [90m1446 |[0m   [33mPlay[0m,
  [90m1447 |[0m   [33mChevronDown[0m,

Ecmascript file had an error

Import traces:
  Client Component Browser:
    ./src/app/page.tsx [Client Component Browser]
    ./src/app/page.tsx [Server Component]

  Client Component SSR:
    ./src/app/page.tsx [Client Component SSR]
    ./src/app/page.tsx [Server Component]


./src/app/page.tsx:1442:29
the name `useScroll` is defined multiple times
  [90m1440 |[0m [32m"use client"[0m;
  [90m1441 |[0m
[31m[1m>[0m [90m1442 |[0m [36mimport[0m { motion, useInView, useScroll 
} [36mfrom[0m [32m"framer-motion"[0m;
  [90m     |[0m                             [31m[1m^^^^^^^^^[0m
  [90m1443 |[0m [36mimport[0m [33mImage[0m [36mfrom[0m 
[32m"next/image"[0m;
  [90m1444 |[0m [36mimport[0m { useEffect, useRef, useState } 
[36mfrom[0m [32m"react"[0m;
  [90m1445 |[0m [36mimport[0m {

Ecmascript file had an error

Import traces:
  Client Component Browser:
    ./src/app/page.tsx [Client Component Browser]
    ./src/app/page.tsx [Server Component]

  Client Component SSR:
    ./src/app/page.tsx [Client Component SSR]
    ./src/app/page.tsx [Server Component]


./src/app/page.tsx:1444:29
the name `useState` is defined multiple times
  [90m1442 |[0m [36mimport[0m { motion, useInView, useScroll } 
[36mfrom[0m [32m"framer-motion"[0m;
  [90m1443 |[0m [36mimport[0m [33mImage[0m [36mfrom[0m 
[32m"next/image"[0m;
[31m[1m>[0m [90m1444 |[0m [36mimport[0m { useEffect, useRef, useState } 
[36mfrom[0m [32m"react"[0m;
  [90m     |[0m                             [31m[1m^^^^^^^^[0m
  [90m1445 |[0m [36mimport[0m {
  [90m1446 |[0m   [33mPlay[0m,
  [90m1447 |[0m   [33mChevronDown[0m,

Ecmascript file had an error

Import traces:
  Client Component Browser:
    ./src/app/page.tsx [Client Component Browser]
    ./src/app/page.tsx [Server Component]

  Client Component SSR:
    ./src/app/page.tsx [Client Component SSR]
    ./src/app/page.tsx [Server Component]


./src/app/api/payments/process/route.ts:2:1
Module not found: Can't resolve 'stripe'
  [90m1 |[0m [36mimport[0m { createClient } [36mfrom[0m 
[32m"@/lib/supabase/server"[0m;
[31m[1m>[0m [90m2 |[0m [36mimport[0m [33mStripe[0m [36mfrom[0m 
[32m"stripe"[0m;
  [90m  |[0m [31m[1m^^^^^^^^^^^^^^^^^^^^^^^^^^^^[0m
  [90m3 |[0m [36mimport[0m { [33mNextRequest[0m, [33mNextResponse[0m } 
[36mfrom[0m [32m"next/server"[0m;
  [90m4 |[0m
  [90m5 |[0m [36mconst[0m stripe = [36mnew[0m 
[33mStripe[0m(process.env.[33mSTRIPE_SECRET_KEY[0m || [32m""[0m, {



https://nextjs.org/docs/messages/module-not-found


./src/app/page.tsx:7:1
Export Instagram doesn't exist in target module
  [90m 5 |[0m [36mimport[0m [33mLink[0m [36mfrom[0m 
[32m"next/link"[0m;
  [90m 6 |[0m [36mimport[0m { motion, useScroll, useTransform, useInView } 
[36mfrom[0m [32m"framer-motion"[0m;
[31m[1m>[0m [90m 7 |[0m [36mimport[0m {
  [90m   |[0m [31m[1m^^^^^^^[0m
[31m[1m>[0m [90m 8 |[0m   [33mPlay[0m,
  [90m   |[0m [31m[1m^^^^^^^[0m
[31m[1m>[0m [90m 9 |[0m   [33mChevronDown[0m,
  [90m   |[0m [31m[1m^^^^^^^^^^^^^^[0m
[31m[1m>[0m [90m10 |[0m   [33mMenu[0m,
  [90m   |[0m [31m[1m^^^^^^^[0m
[31m[1m>[0m [90m11 |[0m   [33mX[0m,
  [90m   |[0m [31m[1m^^^^[0m
[31m[1m>[0m [90m12 |[0m   [33mStar[0m,
  [90m   |[0m [31m[1m^^^^^^^[0m
[31m[1m>[0m [90m13 |[0m   [33mArrowRight[0m,
  [90m   |[0m [31m[1m^^^^^^^^^^^^^[0m
[31m[1m>[0m [90m14 |[0m   [33mCheckCircle[0m,
  [90m   |[0m [31m[1m^^^^^^^^^^^^^^[0m
[31m[1m>[0m [90m15 |[0m   [33mShare2[0m,
  [90m   |[0m [31m[1m^^^^^^^^^[0m
[31m[1m>[0m [90m16 |[0m   [33mInstagram[0m,
  [90m   |[0m [31m[1m^^^^^^^^^^^^[0m
[31m[1m>[0m [90m17 |[0m } [36mfrom[0m [32m"lucide-react"[0m;
  [90m   |[0m [31m[1m^^^^^^^^^^^^^^^^^^^^^^[0m
  [90m18 |[0m
  [90m19 |[0m [36mexport[0m [36mdefault[0m [36mfunction[0m 
[33mLandingPage[0m() {
  [90m20 |[0m   [36mconst[0m [scrolled, setScrolled] = 
useState([36mfalse[0m);

The export Instagram was not found in module 
[project]/node_modules/lucide-react/dist/esm/lucide-react.js [app-client] 
(ecmascript).
Did you mean to import Star?
All exports of the module are statically known (It doesn't have dynamic 
exports). So it's known statically that the requested export doesn't exist.

Import traces:
  Client Component Browser:
    ./src/app/page.tsx [Client Component Browser]
    ./src/app/page.tsx [Server Component]

  Client Component SSR:
    ./src/app/page.tsx [Client Component SSR]
    ./src/app/page.tsx [Server Component]


./src/app/page.tsx:7:1
Export Instagram doesn't exist in target module
  [90m 5 |[0m [36mimport[0m [33mLink[0m [36mfrom[0m 
[32m"next/link"[0m;
  [90m 6 |[0m [36mimport[0m { motion, useScroll, useTransform, useInView } 
[36mfrom[0m [32m"framer-motion"[0m;
[31m[1m>[0m [90m 7 |[0m [36mimport[0m {
  [90m   |[0m [31m[1m^^^^^^^[0m
[31m[1m>[0m [90m 8 |[0m   [33mPlay[0m,
  [90m   |[0m [31m[1m^^^^^^^[0m
[31m[1m>[0m [90m 9 |[0m   [33mChevronDown[0m,
  [90m   |[0m [31m[1m^^^^^^^^^^^^^^[0m
[31m[1m>[0m [90m10 |[0m   [33mMenu[0m,
  [90m   |[0m [31m[1m^^^^^^^[0m
[31m[1m>[0m [90m11 |[0m   [33mX[0m,
  [90m   |[0m [31m[1m^^^^[0m
[31m[1m>[0m [90m12 |[0m   [33mStar[0m,
  [90m   |[0m [31m[1m^^^^^^^[0m
[31m[1m>[0m [90m13 |[0m   [33mArrowRight[0m,
  [90m   |[0m [31m[1m^^^^^^^^^^^^^[0m
[31m[1m>[0m [90m14 |[0m   [33mCheckCircle[0m,
  [90m   |[0m [31m[1m^^^^^^^^^^^^^^[0m
[31m[1m>[0m [90m15 |[0m   [33mShare2[0m,
  [90m   |[0m [31m[1m^^^^^^^^^[0m
[31m[1m>[0m [90m16 |[0m   [33mInstagram[0m,
  [90m   |[0m [31m[1m^^^^^^^^^^^^[0m
[31m[1m>[0m [90m17 |[0m } [36mfrom[0m [32m"lucide-react"[0m;
  [90m   |[0m [31m[1m^^^^^^^^^^^^^^^^^^^^^^[0m
  [90m18 |[0m
  [90m19 |[0m [36mexport[0m [36mdefault[0m [36mfunction[0m 
[33mLandingPage[0m() {
  [90m20 |[0m   [36mconst[0m [scrolled, setScrolled] = 
useState([36mfalse[0m);

The export Instagram was not found in module 
[project]/node_modules/lucide-react/dist/esm/lucide-react.js [app-ssr] 
(ecmascript).
Did you mean to import Star?
All exports of the module are statically known (It doesn't have dynamic 
exports). So it's known statically that the requested export doesn't exist.

Import traces:
  Client Component Browser:
    ./src/app/page.tsx [Client Component Browser]
    ./src/app/page.tsx [Server Component]

  Client Component SSR:
    ./src/app/page.tsx [Client Component SSR]
    ./src/app/page.tsx [Server Component]


    at <unknown> (./src/app/page.tsx:1440:1)
    at <unknown> (./src/app/page.tsx:1447:3)
    at <unknown> (./src/app/page.tsx:1443:8)
    at <unknown> (./src/app/page.tsx:1456:8)
    at <unknown> (./src/app/page.tsx:1450:3)
    at <unknown> (./src/app/page.tsx:1446:3)
    at <unknown> (./src/app/page.tsx:1449:3)
    at <unknown> (./src/app/page.tsx:1451:3)
    at <unknown> (./src/app/page.tsx:1537:1)
    at <unknown> (./src/app/page.tsx:1442:10)
    at <unknown> (./src/app/page.tsx:1444:10)
    at <unknown> (./src/app/page.tsx:1442:18)
    at <unknown> (./src/app/page.tsx:1444:21)
    at <unknown> (./src/app/page.tsx:1442:29)
    at <unknown> (./src/app/page.tsx:1444:29)
    at <unknown> (./src/app/api/payments/process/route.ts:2:1)
    at <unknown> (https://nextjs.org/docs/messages/module-not-found)
    at <unknown> (./src/app/page.tsx:7:1)
    at <unknown> (./src/app/page.tsx:7:1)
